******************************************************************************
                  TI ARM Linker Unix v18.1.2                   
******************************************************************************
>> Linked Thu Nov 15 13:39:46 2018

OUTPUT FILE NAME:   <Final_Project.out>
ENTRY POINT SYMBOL: "_c_int00_noargs"  address: 00002fa1


MEMORY CONFIGURATION

         name            origin    length      used     unused   attr    fill
----------------------  --------  ---------  --------  --------  ----  --------
  MAIN                  00000000   00040000  00003475  0003cb8b  R  X
  INFO                  00200000   00004000  00000000  00004000  R  X
  SRAM_CODE             01000000   00010000  000009c8  0000f638  RW X
  SRAM_DATA             20000000   00010000  000009c8  0000f638  RW  


SEGMENT ALLOCATION MAP

run origin  load origin   length   init length attrs members
----------  ----------- ---------- ----------- ----- -------
00000000    00000000    00003478   00003478    r-x
  00000000    00000000    000000e4   000000e4    r-- .intvecs
  000000e4    000000e4    000031f0   000031f0    r-x .text
  000032d4    000032d4    00000101   00000101    r-- .const
  000033d8    000033d8    000000a0   000000a0    r-- .cinit
20000000    20000000    000007c8   00000000    rw-
  20000000    20000000    00000400   00000000    rw- .sysmem
  20000400    20000400    00000200   00000000    rw- .data
  20000600    20000600    000001c8   00000000    rw- .bss
2000fe00    2000fe00    00000200   00000000    rw-
  2000fe00    2000fe00    00000200   00000000    rw- .stack


SECTION ALLOCATION MAP

 output                                  attributes/
section   page    origin      length       input sections
--------  ----  ----------  ----------   ----------------
.intvecs   0    00000000    000000e4     
                  00000000    000000e4     startup_msp432p401r_ccs.obj (.intvecs:retain)

.text      0    000000e4    000031f0     
                  000000e4    00000a5e     rtsv7M4_T_le_v4SPD16_eabi.lib : _printfi.c.obj (.text:__TI_printfi)
                  00000b42    00000002                                   : _lock.c.obj (.text:_nop)
                  00000b44    00000514     main.obj (.text)
                  00001058    00000334     system_msp432p401r.obj (.text)
                  0000138c    00000270     rtsv7M4_T_le_v4SPD16_eabi.lib : _printfi.c.obj (.text:_pconv_a)
                  000015fc    000001d0                                   : _printfi.c.obj (.text:_pconv_g)
                  000017cc    000001b6                                   : fd_add_t2.asm.obj (.text)
                  00001982    00000002                                   : div0.asm.obj (.text)
                  00001984    0000013c                                   : _printfi.c.obj (.text:_pconv_e)
                  00001ac0    00000136                                   : fd_div_t2.asm.obj (.text)
                  00001bf6    00000002     --HOLE-- [fill = 0]
                  00001bf8    00000120                                   : _printfi.c.obj (.text:fcvt)
                  00001d18    00000114                                   : fputs.c.obj (.text:fputs)
                  00001e2c    00000110                                   : s_scalbn.c.obj (.text:scalbn)
                  00001f3c    000000fc                                   : fd_mul_t2.asm.obj (.text)
                  00002038    000000dc                                   : setvbuf.c.obj (.text:setvbuf)
                  00002114    000000d8                                   : memory.c.obj (.text:free)
                  000021ec    000000b1                                   : _printfi.c.obj (.text:_ltostr)
                  0000229d    00000001     --HOLE-- [fill = 0]
                  0000229e    0000009c                                   : memcpy_t2.asm.obj (.text)
                  0000233a    00000096                                   : ull_div_t2.asm.obj (.text)
                  000023d0    0000008c                                   : fputc.c.obj (.text:fputc)
                  0000245c    00000086                                   : fd_cmp_t2.asm.obj (.text:__aeabi_cdcmple)
                  000024e2    00000086                                   : fd_cmp_t2.asm.obj (.text:__aeabi_cdrcmple)
                  00002568    0000007a                                   : memset_t2.asm.obj (.text)
                  000025e2    00000002     --HOLE-- [fill = 0]
                  000025e4    00000078                                   : memory.c.obj (.text:malloc)
                  0000265c    00000074                                   : fclose.c.obj (.text:__TI_closefile)
                  000026d0    0000006e                                   : _printfi.c.obj (.text:_mcpy)
                  0000273e    00000002     --HOLE-- [fill = 0]
                  00002740    00000068                                   : hostlseek.c.obj (.text:HOSTlseek)
                  000027a8    00000068                                   : hostrename.c.obj (.text:HOSTrename)
                  00002810    00000068                                   : copy_decompress_lzss.c.obj (.text:decompress:lzss:__TI_decompress_lzss)
                  00002878    00000068                                   : printf.c.obj (.text:printf)
                  000028e0    00000064                                   : s_frexp.c.obj (.text:frexp)
                  00002944    00000064                                   : fseek.c.obj (.text:fseek)
                  000029a8    00000062                                   : _io_perm.c.obj (.text:__TI_wrt_ok)
                  00002a0a    00000002     --HOLE-- [fill = 0]
                  00002a0c    00000060                                   : hostopen.c.obj (.text:HOSTopen)
                  00002a6c    0000005c                                   : close.c.obj (.text:close)
                  00002ac8    00000058                                   : hostread.c.obj (.text:HOSTread)
                  00002b20    00000058                                   : hostwrite.c.obj (.text:HOSTwrite)
                  00002b78    00000056                                   : _printfi.c.obj (.text:_pconv_f)
                  00002bce    00000054                                   : ltoa.c.obj (.text:ltoa)
                  00002c22    00000052                                   : _printfi.c.obj (.text:_ecpy)
                  00002c74    0000004c                                   : fflush.c.obj (.text:__TI_doflush)
                  00002cc0    0000004c                                   : atoi.c.obj (.text:atoi)
                  00002d0c    00000048                                   : exit.c.obj (.text:exit)
                  00002d54    00000048                                   : fd_toi_t2.asm.obj (.text)
                  00002d9c    00000044                                   : hostclose.c.obj (.text:HOSTclose)
                  00002de0    00000044                                   : hostunlink.c.obj (.text:HOSTunlink)
                  00002e24    00000044                                   : autoinit.c.obj (.text:__TI_auto_init_nobinit_nopinit:__TI_auto_init_nobinit_nopinit)
                  00002e68    00000044                                   : getdevice.c.obj (.text:getdevice)
                  00002eac    00000040                                   : sprintf.c.obj (.text:sprintf)
                  00002eec    0000003e                                   : _printfi.c.obj (.text:_fcpy)
                  00002f2a    00000002     --HOLE-- [fill = 0]
                  00002f2c    0000003c                                   : memory.c.obj (.text:minsert)
                  00002f68    00000038                                   : trgmsg.c.obj (.text:__TI_writemsg)
                  00002fa0    00000038                                   : boot_cortex_m.c.obj (.text:_c_int00_noargs:_c_int00_noargs)
                  00002fd8    00000038                                   : memory.c.obj (.text:minit)
                  00003010    00000036                                   : strncpy.c.obj (.text:strncpy)
                  00003046    00000002     --HOLE-- [fill = 0]
                  00003048    00000034                                   : fopen.c.obj (.text:__TI_cleanup)
                  0000307c    00000034                                   : trgmsg.c.obj (.text:__TI_readmsg)
                  000030b0    00000030                                   : getdevice.c.obj (.text:finddevice)
                  000030e0    0000002e                                   : i_tofd_t2.asm.obj (.text)
                  0000310e    00000002     --HOLE-- [fill = 0]
                  00003110    0000002c                                   : unlink.c.obj (.text:unlink)
                  0000313c    00000028                                   : lseek.c.obj (.text:lseek)
                  00003164    00000028                                   : memory.c.obj (.text:mremove)
                  0000318c    00000028                                   : write.c.obj (.text:write)
                  000031b4    00000020                                   : memchr.c.obj (.text:memchr)
                  000031d4    0000001c                                   : memccpy.c.obj (.text:memccpy)
                  000031f0    00000018                                   : sprintf.c.obj (.text:_outs)
                  00003208    00000018                                   : strcmp.c.obj (.text:strcmp)
                  00003220    00000016                                   : strchr.c.obj (.text:strchr)
                  00003236    00000014                                   : s_copysign.c.obj (.text:copysign)
                  0000324a    00000014                                   : strcpy.c.obj (.text:strcpy)
                  0000325e    00000014                                   : strlen.c.obj (.text:strlen)
                  00003272    00000012                                   : copy_zero_init.c.obj (.text:decompress:ZI:__TI_zero_init_nomemset:__TI_zero_init_nomemset)
                  00003284    00000012                                   : wcslen.c.obj (.text:wcslen)
                  00003296    0000000e                                   : copy_decompress_none.c.obj (.text:decompress:none:__TI_decompress_none)
                  000032a4    0000000e     startup_msp432p401r_ccs.obj (.text)
                  000032b2    0000000a     rtsv7M4_T_le_v4SPD16_eabi.lib : sprintf.c.obj (.text:_outc)
                  000032bc    00000008                                   : errno.c.obj (.text:__aeabi_errno_addr)
                  000032c4    00000004                                   : printf.c.obj (.text:_outc)
                  000032c8    00000004                                   : printf.c.obj (.text:_outs)
                  000032cc    00000004                                   : pre_init.c.obj (.text:_system_pre_init)
                  000032d0    00000004                                   : exit.c.obj (.text:abort:abort)

.const     0    000032d4    00000101     
                  000032d4    00000101     rtsv7M4_T_le_v4SPD16_eabi.lib : ctype.c.obj (.const:.string:_ctypes_)

.cinit     0    000033d8    000000a0     
                  000033d8    00000075     (.cinit..data.load) [load image, compression = lzss]
                  0000344d    00000003     --HOLE-- [fill = 0]
                  00003450    0000000c     (__TI_handler_table)
                  0000345c    00000004     --HOLE-- [fill = 0]
                  00003460    00000008     (.cinit..bss.load) [load image, compression = zero_init]
                  00003468    00000010     (__TI_cinit_table)

.init_array 
*          0    00000000    00000000     UNINITIALIZED

.binit     0    00000000    00000000     

.sysmem    0    20000000    00000400     UNINITIALIZED
                  20000000    00000008     rtsv7M4_T_le_v4SPD16_eabi.lib : memory.c.obj (.sysmem)
                  20000008    000003f8     --HOLE--

.data      0    20000400    00000200     UNINITIALIZED
                  20000400    000000f0     rtsv7M4_T_le_v4SPD16_eabi.lib : defs.c.obj (.data:_ftable)
                  200004f0    00000078                                   : write.c.obj (.data:_device)
                  20000568    00000050                                   : write.c.obj (.data:_stream)
                  200005b8    00000010                                   : defs.c.obj (.data)
                  200005c8    0000000d     main.obj (.data)
                  200005d5    00000003     --HOLE--
                  200005d8    0000000c     rtsv7M4_T_le_v4SPD16_eabi.lib : exit.c.obj (.data:$O1$$)
                  200005e4    0000000c                                   : memory.c.obj (.data:$O1$$)
                  200005f0    00000008                                   : _lock.c.obj (.data:$O1$$)
                  200005f8    00000004                                   : errno.c.obj (.data)
                  200005fc    00000004     system_msp432p401r.obj (.data)

.bss       0    20000600    000001c8     UNINITIALIZED
                  20000600    00000120     rtsv7M4_T_le_v4SPD16_eabi.lib : trgmsg.c.obj (.bss:_CIOBUF_)
                  20000720    000000a0     (.common:__TI_tmpnams)
                  200007c0    00000008     (.common:parmbuf)

.stack     0    2000fe00    00000200     UNINITIALIZED
                  2000fe00    00000004     rtsv7M4_T_le_v4SPD16_eabi.lib : boot_cortex_m.c.obj (.stack)
                  2000fe04    000001fc     --HOLE--

MODULE SUMMARY

       Module                        code    ro data   rw data
       ------                        ----    -------   -------
    ./
       main.obj                      1300    0         26     
       system_msp432p401r.obj        820     0         8      
       startup_msp432p401r_ccs.obj   14      228       0      
    +--+-----------------------------+-------+---------+---------+
       Total:                        2134    228       34     
                                                              
    /Applications/ti/ccsv8/tools/compiler/ti-cgt-arm_18.1.2.LTS/lib/rtsv7M4_T_le_v4SPD16_eabi.lib
       _printfi.c.obj                4863    0         0      
       defs.c.obj                    0       0         832    
       trgmsg.c.obj                  108     0         576    
       memory.c.obj                  492     0         24     
       write.c.obj                   40      0         400    
       fd_add_t2.asm.obj             438     0         0      
       fd_div_t2.asm.obj             310     0         0      
       fputs.c.obj                   276     0         0      
       s_scalbn.c.obj                272     0         0      
       fd_cmp_t2.asm.obj             268     0         0      
       ctype.c.obj                   0       257       0      
       fd_mul_t2.asm.obj             252     0         0      
       setvbuf.c.obj                 220     0         0      
       memcpy_t2.asm.obj             156     0         0      
       ull_div_t2.asm.obj            150     0         0      
       fputc.c.obj                   140     0         0      
       memset_t2.asm.obj             122     0         0      
       fclose.c.obj                  116     0         0      
       getdevice.c.obj               116     0         0      
       hostopen.c.obj                96      0         16     
       printf.c.obj                  112     0         0      
       copy_decompress_lzss.c.obj    104     0         0      
       hostlseek.c.obj               104     0         0      
       hostrename.c.obj              104     0         0      
       exit.c.obj                    76      0         24     
       fseek.c.obj                   100     0         0      
       s_frexp.c.obj                 100     0         0      
       _io_perm.c.obj                98      0         0      
       sprintf.c.obj                 98      0         0      
       close.c.obj                   92      0         0      
       hostread.c.obj                88      0         0      
       hostwrite.c.obj               88      0         0      
       ltoa.c.obj                    84      0         0      
       atoi.c.obj                    76      0         0      
       fflush.c.obj                  76      0         0      
       fd_toi_t2.asm.obj             72      0         0      
       autoinit.c.obj                68      0         0      
       hostclose.c.obj               68      0         0      
       hostunlink.c.obj              68      0         0      
       boot_cortex_m.c.obj           56      0         0      
       strncpy.c.obj                 54      0         0      
       fopen.c.obj                   52      0         0      
       i_tofd_t2.asm.obj             46      0         0      
       unlink.c.obj                  44      0         0      
       lseek.c.obj                   40      0         0      
       memchr.c.obj                  32      0         0      
       memccpy.c.obj                 28      0         0      
       strcmp.c.obj                  24      0         0      
       strchr.c.obj                  22      0         0      
       s_copysign.c.obj              20      0         0      
       strcpy.c.obj                  20      0         0      
       strlen.c.obj                  20      0         0      
       _lock.c.obj                   2       0         16     
       copy_zero_init.c.obj          18      0         0      
       wcslen.c.obj                  18      0         0      
       errno.c.obj                   8       0         8      
       copy_decompress_none.c.obj    14      0         0      
       pre_init.c.obj                4       0         0      
       div0.asm.obj                  2       0         0      
    +--+-----------------------------+-------+---------+---------+
       Total:                        10635   257       1896   
                                                              
       Heap:                         0       0         2048   
       Stack:                        0       0         1024   
       Linker Generated:             0       153       0      
    +--+-----------------------------+-------+---------+---------+
       Grand Total:                  12769   638       5002   


LINKER GENERATED COPY TABLES

__TI_cinit_table @ 00003468 records: 2, size/record: 8, table size: 16
	.data: load addr=000033d8, load size=00000075 bytes, run addr=20000400, run size=00000200 bytes, compression=lzss
	.bss: load addr=00003460, load size=00000008 bytes, run addr=20000600, run size=000001c8 bytes, compression=zero_init


LINKER GENERATED HANDLER TABLE

__TI_handler_table @ 00003450 records: 3, size/record: 4, table size: 12
	index: 0, handler: __TI_decompress_lzss
	index: 1, handler: __TI_decompress_none
	index: 2, handler: __TI_zero_init


GLOBAL SYMBOLS: SORTED ALPHABETICALLY BY Name 

address   name                           
-------   ----                           
000032b1  ADC14_IRQHandler               
000032b1  AES256_IRQHandler              
000032b1  BusFault_Handler               
000032d1  C$$EXIT                        
00002f97  C$$IO$$                        
000032b1  COMP_E0_IRQHandler             
000032b1  COMP_E1_IRQHandler             
000032b1  CS_IRQHandler                  
000032b1  DMA_ERR_IRQHandler             
000032b1  DMA_INT0_IRQHandler            
000032b1  DMA_INT1_IRQHandler            
000032b1  DMA_INT2_IRQHandler            
000032b1  DMA_INT3_IRQHandler            
000032b1  DebugMon_Handler               
000032b1  Default_Handler                
000032b1  EUSCIA0_IRQHandler             
000032b1  EUSCIA1_IRQHandler             
000032b1  EUSCIA2_IRQHandler             
000032b1  EUSCIA3_IRQHandler             
000032b1  EUSCIB0_IRQHandler             
000032b1  EUSCIB1_IRQHandler             
000032b1  EUSCIB2_IRQHandler             
000032b1  EUSCIB3_IRQHandler             
000032b1  FLCTL_IRQHandler               
000032b1  FPU_IRQHandler                 
00002d9d  HOSTclose                      
00002741  HOSTlseek                      
00002a0d  HOSTopen                       
00002ac9  HOSTread                       
000027a9  HOSTrename                     
00002de1  HOSTunlink                     
00002b21  HOSTwrite                      
000032b1  HardFault_Handler              
00000dd3  Initialize_LCD                 
00000d6d  Initialize_Pins                
00000b91  LCD_CurrentTime                
000032b1  MemManage_Handler              
000032b1  NMI_Handler                    
000032b1  PCM_IRQHandler                 
000032b1  PORT1_IRQHandler               
000032b1  PORT2_IRQHandler               
000032b1  PORT3_IRQHandler               
000032b1  PORT4_IRQHandler               
000032b1  PORT5_IRQHandler               
000032b1  PORT6_IRQHandler               
000032b1  PSS_IRQHandler                 
000032b1  PendSV_Handler                 
00000e55  PulseEnablePin                 
000032b1  RTC_C_IRQHandler               
000032a5  Reset_Handler                  
000032b1  SVC_Handler                    
000032b1  SysTick_Handler                
00000fe9  SysTick_Init                   
200005fc  SystemCoreClock                
00001059  SystemCoreClockUpdate          
000012d1  SystemInit                     
00000fcb  T32_INT1_IRQHandler            
00000fcb  T32_INT1_IRQHandler            
000032b1  T32_INT2_IRQHandler            
000032b1  T32_INTC_IRQHandler            
000032b1  TA0_0_IRQHandler               
000032b1  TA0_N_IRQHandler               
000032b1  TA1_0_IRQHandler               
000032b1  TA1_N_IRQHandler               
000032b1  TA2_0_IRQHandler               
000032b1  TA2_N_IRQHandler               
000032b1  TA3_0_IRQHandler               
000032b1  TA3_N_IRQHandler               
00000faf  Timer_32_Init                  
000032b1  UsageFault_Handler             
4000480c  WDTCTL_SYM                     
000032b1  WDT_A_IRQHandler               
20000600  __CIOBUF_                      
20010000  __STACK_END                    
00000200  __STACK_SIZE                   
00000400  __SYSMEM_SIZE                  
00003468  __TI_CINIT_Base                
00003478  __TI_CINIT_Limit               
00003450  __TI_Handler_Table_Base        
0000345c  __TI_Handler_Table_Limit       
00002e25  __TI_auto_init_nobinit_nopinit 
00003049  __TI_cleanup                   
200005d8  __TI_cleanup_ptr               
0000265d  __TI_closefile                 
00002811  __TI_decompress_lzss           
00003297  __TI_decompress_none           
00002c75  __TI_doflush                   
200005dc  __TI_dtors_ptr                 
200005e0  __TI_enable_exit_profile_output
200005b8  __TI_ft_end                    
ffffffff  __TI_pprof_out_hndl            
000000e5  __TI_printfi                   
ffffffff  __TI_prof_data_size            
ffffffff  __TI_prof_data_start           
0000307d  __TI_readmsg                   
00000000  __TI_static_base__             
20000720  __TI_tmpnams                   
00002f69  __TI_writemsg                  
000029a9  __TI_wrt_ok                    
00003273  __TI_zero_init_nomemset        
0000245d  __aeabi_cdcmpeq                
0000245d  __aeabi_cdcmple                
000024e3  __aeabi_cdrcmple               
00002d55  __aeabi_d2iz                   
000017d7  __aeabi_dadd                   
00001ac1  __aeabi_ddiv                   
00001f3d  __aeabi_dmul                   
000017cd  __aeabi_dsub                   
000032bd  __aeabi_errno_addr             
000030e1  __aeabi_i2d                    
00001983  __aeabi_idiv0                  
00001983  __aeabi_ldiv0                  
00002569  __aeabi_memclr                 
00002569  __aeabi_memclr4                
00002569  __aeabi_memclr8                
0000229f  __aeabi_memcpy                 
0000229f  __aeabi_memcpy4                
0000229f  __aeabi_memcpy8                
0000256b  __aeabi_memset                 
0000256b  __aeabi_memset4                
0000256b  __aeabi_memset8                
200005c4  __aeabi_stderr                 
200005bc  __aeabi_stdin                  
200005c0  __aeabi_stdout                 
0000233b  __aeabi_uldivmod               
ffffffff  __binit__                      
ffffffff  __c_args__                     
UNDEFED   __mpu_init                     
2000fe00  __stack                        
00002fa1  _c_int00_noargs                
000032d4  _ctypes_                       
200004f0  _device                        
20000400  _ftable                        
200005f0  _lock                          
00000b43  _nop                           
20000568  _stream                        
20000000  _sys_memory                    
UNDEFED   _system_post_cinit             
000032cd  _system_pre_init               
200005f4  _unlock                        
000032d1  abort                          
00002cc1  atoi                           
ffffffff  binit                          
00002a6d  close                          
00000f27  commandWrite                   
00003237  copysign                       
00003237  copysignl                      
200005d4  current_day_status             
200005d0  current_hour                   
200005cc  current_minute                 
200005c8  current_second                 
00000f41  dataWrite                      
00000f65  delay_micro                    
00000f89  delay_ms                       
200005f8  errno                          
00002d0d  exit                           
000030b1  finddevice                     
000023d1  fputc                          
00001d19  fputs                          
00002115  free                           
000028e1  frexp                          
000028e1  frexpl                         
00002945  fseek                          
00002e69  getdevice                      
00000000  interruptVectors               
00001e2d  ldexp                          
00001e2d  ldexpl                         
0000313d  lseek                          
00002bcf  ltoa                           
00000b71  main                           
000025e5  malloc                         
000031d5  memccpy                        
000031b5  memchr                         
0000229f  memcpy                         
00002571  memset                         
00002fd9  minit                          
200007c0  parmbuf                        
00002879  printf                         
00000ee9  pushByte                       
00000e9d  pushNibble                     
000023d1  putc                           
00003111  remove                         
00001e2d  scalbn                         
00001e2d  scalbnl                        
00002039  setvbuf                        
00002ead  sprintf                        
00003221  strchr                         
00003209  strcmp                         
0000324b  strcpy                         
0000325f  strlen                         
00003011  strncpy                        
00003111  unlink                         
00003285  wcslen                         
0000318d  write                          


GLOBAL SYMBOLS: SORTED BY Symbol Address 

address   name                           
-------   ----                           
00000000  __TI_static_base__             
00000000  interruptVectors               
000000e5  __TI_printfi                   
00000200  __STACK_SIZE                   
00000400  __SYSMEM_SIZE                  
00000b43  _nop                           
00000b71  main                           
00000b91  LCD_CurrentTime                
00000d6d  Initialize_Pins                
00000dd3  Initialize_LCD                 
00000e55  PulseEnablePin                 
00000e9d  pushNibble                     
00000ee9  pushByte                       
00000f27  commandWrite                   
00000f41  dataWrite                      
00000f65  delay_micro                    
00000f89  delay_ms                       
00000faf  Timer_32_Init                  
00000fcb  T32_INT1_IRQHandler            
00000fcb  T32_INT1_IRQHandler            
00000fe9  SysTick_Init                   
00001059  SystemCoreClockUpdate          
000012d1  SystemInit                     
000017cd  __aeabi_dsub                   
000017d7  __aeabi_dadd                   
00001983  __aeabi_idiv0                  
00001983  __aeabi_ldiv0                  
00001ac1  __aeabi_ddiv                   
00001d19  fputs                          
00001e2d  ldexp                          
00001e2d  ldexpl                         
00001e2d  scalbn                         
00001e2d  scalbnl                        
00001f3d  __aeabi_dmul                   
00002039  setvbuf                        
00002115  free                           
0000229f  __aeabi_memcpy                 
0000229f  __aeabi_memcpy4                
0000229f  __aeabi_memcpy8                
0000229f  memcpy                         
0000233b  __aeabi_uldivmod               
000023d1  fputc                          
000023d1  putc                           
0000245d  __aeabi_cdcmpeq                
0000245d  __aeabi_cdcmple                
000024e3  __aeabi_cdrcmple               
00002569  __aeabi_memclr                 
00002569  __aeabi_memclr4                
00002569  __aeabi_memclr8                
0000256b  __aeabi_memset                 
0000256b  __aeabi_memset4                
0000256b  __aeabi_memset8                
00002571  memset                         
000025e5  malloc                         
0000265d  __TI_closefile                 
00002741  HOSTlseek                      
000027a9  HOSTrename                     
00002811  __TI_decompress_lzss           
00002879  printf                         
000028e1  frexp                          
000028e1  frexpl                         
00002945  fseek                          
000029a9  __TI_wrt_ok                    
00002a0d  HOSTopen                       
00002a6d  close                          
00002ac9  HOSTread                       
00002b21  HOSTwrite                      
00002bcf  ltoa                           
00002c75  __TI_doflush                   
00002cc1  atoi                           
00002d0d  exit                           
00002d55  __aeabi_d2iz                   
00002d9d  HOSTclose                      
00002de1  HOSTunlink                     
00002e25  __TI_auto_init_nobinit_nopinit 
00002e69  getdevice                      
00002ead  sprintf                        
00002f69  __TI_writemsg                  
00002f97  C$$IO$$                        
00002fa1  _c_int00_noargs                
00002fd9  minit                          
00003011  strncpy                        
00003049  __TI_cleanup                   
0000307d  __TI_readmsg                   
000030b1  finddevice                     
000030e1  __aeabi_i2d                    
00003111  remove                         
00003111  unlink                         
0000313d  lseek                          
0000318d  write                          
000031b5  memchr                         
000031d5  memccpy                        
00003209  strcmp                         
00003221  strchr                         
00003237  copysign                       
00003237  copysignl                      
0000324b  strcpy                         
0000325f  strlen                         
00003273  __TI_zero_init_nomemset        
00003285  wcslen                         
00003297  __TI_decompress_none           
000032a5  Reset_Handler                  
000032b1  ADC14_IRQHandler               
000032b1  AES256_IRQHandler              
000032b1  BusFault_Handler               
000032b1  COMP_E0_IRQHandler             
000032b1  COMP_E1_IRQHandler             
000032b1  CS_IRQHandler                  
000032b1  DMA_ERR_IRQHandler             
000032b1  DMA_INT0_IRQHandler            
000032b1  DMA_INT1_IRQHandler            
000032b1  DMA_INT2_IRQHandler            
000032b1  DMA_INT3_IRQHandler            
000032b1  DebugMon_Handler               
000032b1  Default_Handler                
000032b1  EUSCIA0_IRQHandler             
000032b1  EUSCIA1_IRQHandler             
000032b1  EUSCIA2_IRQHandler             
000032b1  EUSCIA3_IRQHandler             
000032b1  EUSCIB0_IRQHandler             
000032b1  EUSCIB1_IRQHandler             
000032b1  EUSCIB2_IRQHandler             
000032b1  EUSCIB3_IRQHandler             
000032b1  FLCTL_IRQHandler               
000032b1  FPU_IRQHandler                 
000032b1  HardFault_Handler              
000032b1  MemManage_Handler              
000032b1  NMI_Handler                    
000032b1  PCM_IRQHandler                 
000032b1  PORT1_IRQHandler               
000032b1  PORT2_IRQHandler               
000032b1  PORT3_IRQHandler               
000032b1  PORT4_IRQHandler               
000032b1  PORT5_IRQHandler               
000032b1  PORT6_IRQHandler               
000032b1  PSS_IRQHandler                 
000032b1  PendSV_Handler                 
000032b1  RTC_C_IRQHandler               
000032b1  SVC_Handler                    
000032b1  SysTick_Handler                
000032b1  T32_INT2_IRQHandler            
000032b1  T32_INTC_IRQHandler            
000032b1  TA0_0_IRQHandler               
000032b1  TA0_N_IRQHandler               
000032b1  TA1_0_IRQHandler               
000032b1  TA1_N_IRQHandler               
000032b1  TA2_0_IRQHandler               
000032b1  TA2_N_IRQHandler               
000032b1  TA3_0_IRQHandler               
000032b1  TA3_N_IRQHandler               
000032b1  UsageFault_Handler             
000032b1  WDT_A_IRQHandler               
000032bd  __aeabi_errno_addr             
000032cd  _system_pre_init               
000032d1  C$$EXIT                        
000032d1  abort                          
000032d4  _ctypes_                       
00003450  __TI_Handler_Table_Base        
0000345c  __TI_Handler_Table_Limit       
00003468  __TI_CINIT_Base                
00003478  __TI_CINIT_Limit               
20000000  _sys_memory                    
20000400  _ftable                        
200004f0  _device                        
20000568  _stream                        
200005b8  __TI_ft_end                    
200005bc  __aeabi_stdin                  
200005c0  __aeabi_stdout                 
200005c4  __aeabi_stderr                 
200005c8  current_second                 
200005cc  current_minute                 
200005d0  current_hour                   
200005d4  current_day_status             
200005d8  __TI_cleanup_ptr               
200005dc  __TI_dtors_ptr                 
200005e0  __TI_enable_exit_profile_output
200005f0  _lock                          
200005f4  _unlock                        
200005f8  errno                          
200005fc  SystemCoreClock                
20000600  __CIOBUF_                      
20000720  __TI_tmpnams                   
200007c0  parmbuf                        
2000fe00  __stack                        
20010000  __STACK_END                    
4000480c  WDTCTL_SYM                     
ffffffff  __TI_pprof_out_hndl            
ffffffff  __TI_prof_data_size            
ffffffff  __TI_prof_data_start           
ffffffff  __binit__                      
ffffffff  __c_args__                     
ffffffff  binit                          
UNDEFED   __mpu_init                     
UNDEFED   _system_post_cinit             

[194 symbols]
