******************************************************************************
                  TI ARM Linker Unix v18.1.2                   
******************************************************************************
>> Linked Mon Nov 19 16:27:23 2018

OUTPUT FILE NAME:   <Final_Project.out>
ENTRY POINT SYMBOL: "_c_int00_noargs"  address: 0000306d


MEMORY CONFIGURATION

         name            origin    length      used     unused   attr    fill
----------------------  --------  ---------  --------  --------  ----  --------
  MAIN                  00000000   00040000  00003541  0003cabf  R  X
  INFO                  00200000   00004000  00000000  00004000  R  X
  SRAM_CODE             01000000   00010000  000009e8  0000f618  RW X
  SRAM_DATA             20000000   00010000  000009e8  0000f618  RW  


SEGMENT ALLOCATION MAP

run origin  load origin   length   init length attrs members
----------  ----------- ---------- ----------- ----- -------
00000000    00000000    00003548   00003548    r-x
  00000000    00000000    000000e4   000000e4    r-- .intvecs
  000000e4    000000e4    000032bc   000032bc    r-x .text
  000033a0    000033a0    00000101   00000101    r-- .const
  000034a8    000034a8    000000a0   000000a0    r-- .cinit
20000000    20000000    000007e8   00000000    rw-
  20000000    20000000    00000400   00000000    rw- .sysmem
  20000400    20000400    00000210   00000000    rw- .data
  20000610    20000610    000001d8   00000000    rw- .bss
2000fe00    2000fe00    00000200   00000000    rw-
  2000fe00    2000fe00    00000200   00000000    rw- .stack


SECTION ALLOCATION MAP

 output                                  attributes/
section   page    origin      length       input sections
--------  ----  ----------  ----------   ----------------
.intvecs   0    00000000    000000e4     
                  00000000    000000e4     startup_msp432p401r_ccs.obj (.intvecs:retain)

.text      0    000000e4    000032bc     
                  000000e4    00000a5e     rtsv7M4_T_le_v4SPD16_eabi.lib : _printfi.c.obj (.text:__TI_printfi)
                  00000b42    00000002                                   : _lock.c.obj (.text:_nop)
                  00000b44    000005e0     main.obj (.text)
                  00001124    00000334     system_msp432p401r.obj (.text)
                  00001458    00000270     rtsv7M4_T_le_v4SPD16_eabi.lib : _printfi.c.obj (.text:_pconv_a)
                  000016c8    000001d0                                   : _printfi.c.obj (.text:_pconv_g)
                  00001898    000001b6                                   : fd_add_t2.asm.obj (.text)
                  00001a4e    00000002                                   : div0.asm.obj (.text)
                  00001a50    0000013c                                   : _printfi.c.obj (.text:_pconv_e)
                  00001b8c    00000136                                   : fd_div_t2.asm.obj (.text)
                  00001cc2    00000002     --HOLE-- [fill = 0]
                  00001cc4    00000120                                   : _printfi.c.obj (.text:fcvt)
                  00001de4    00000114                                   : fputs.c.obj (.text:fputs)
                  00001ef8    00000110                                   : s_scalbn.c.obj (.text:scalbn)
                  00002008    000000fc                                   : fd_mul_t2.asm.obj (.text)
                  00002104    000000dc                                   : setvbuf.c.obj (.text:setvbuf)
                  000021e0    000000d8                                   : memory.c.obj (.text:free)
                  000022b8    000000b1                                   : _printfi.c.obj (.text:_ltostr)
                  00002369    00000001     --HOLE-- [fill = 0]
                  0000236a    0000009c                                   : memcpy_t2.asm.obj (.text)
                  00002406    00000096                                   : ull_div_t2.asm.obj (.text)
                  0000249c    0000008c                                   : fputc.c.obj (.text:fputc)
                  00002528    00000086                                   : fd_cmp_t2.asm.obj (.text:__aeabi_cdcmple)
                  000025ae    00000086                                   : fd_cmp_t2.asm.obj (.text:__aeabi_cdrcmple)
                  00002634    0000007a                                   : memset_t2.asm.obj (.text)
                  000026ae    00000002     --HOLE-- [fill = 0]
                  000026b0    00000078                                   : memory.c.obj (.text:malloc)
                  00002728    00000074                                   : fclose.c.obj (.text:__TI_closefile)
                  0000279c    0000006e                                   : _printfi.c.obj (.text:_mcpy)
                  0000280a    00000002     --HOLE-- [fill = 0]
                  0000280c    00000068                                   : hostlseek.c.obj (.text:HOSTlseek)
                  00002874    00000068                                   : hostrename.c.obj (.text:HOSTrename)
                  000028dc    00000068                                   : copy_decompress_lzss.c.obj (.text:decompress:lzss:__TI_decompress_lzss)
                  00002944    00000068                                   : printf.c.obj (.text:printf)
                  000029ac    00000064                                   : s_frexp.c.obj (.text:frexp)
                  00002a10    00000064                                   : fseek.c.obj (.text:fseek)
                  00002a74    00000062                                   : _io_perm.c.obj (.text:__TI_wrt_ok)
                  00002ad6    00000002     --HOLE-- [fill = 0]
                  00002ad8    00000060                                   : hostopen.c.obj (.text:HOSTopen)
                  00002b38    0000005c                                   : close.c.obj (.text:close)
                  00002b94    00000058                                   : hostread.c.obj (.text:HOSTread)
                  00002bec    00000058                                   : hostwrite.c.obj (.text:HOSTwrite)
                  00002c44    00000056                                   : _printfi.c.obj (.text:_pconv_f)
                  00002c9a    00000054                                   : ltoa.c.obj (.text:ltoa)
                  00002cee    00000052                                   : _printfi.c.obj (.text:_ecpy)
                  00002d40    0000004c                                   : fflush.c.obj (.text:__TI_doflush)
                  00002d8c    0000004c                                   : atoi.c.obj (.text:atoi)
                  00002dd8    00000048                                   : exit.c.obj (.text:exit)
                  00002e20    00000048                                   : fd_toi_t2.asm.obj (.text)
                  00002e68    00000044                                   : hostclose.c.obj (.text:HOSTclose)
                  00002eac    00000044                                   : hostunlink.c.obj (.text:HOSTunlink)
                  00002ef0    00000044                                   : autoinit.c.obj (.text:__TI_auto_init_nobinit_nopinit:__TI_auto_init_nobinit_nopinit)
                  00002f34    00000044                                   : getdevice.c.obj (.text:getdevice)
                  00002f78    00000040                                   : sprintf.c.obj (.text:sprintf)
                  00002fb8    0000003e                                   : _printfi.c.obj (.text:_fcpy)
                  00002ff6    00000002     --HOLE-- [fill = 0]
                  00002ff8    0000003c                                   : memory.c.obj (.text:minsert)
                  00003034    00000038                                   : trgmsg.c.obj (.text:__TI_writemsg)
                  0000306c    00000038                                   : boot_cortex_m.c.obj (.text:_c_int00_noargs:_c_int00_noargs)
                  000030a4    00000038                                   : memory.c.obj (.text:minit)
                  000030dc    00000036                                   : strncpy.c.obj (.text:strncpy)
                  00003112    00000002     --HOLE-- [fill = 0]
                  00003114    00000034                                   : fopen.c.obj (.text:__TI_cleanup)
                  00003148    00000034                                   : trgmsg.c.obj (.text:__TI_readmsg)
                  0000317c    00000030                                   : getdevice.c.obj (.text:finddevice)
                  000031ac    0000002e                                   : i_tofd_t2.asm.obj (.text)
                  000031da    00000002     --HOLE-- [fill = 0]
                  000031dc    0000002c                                   : unlink.c.obj (.text:unlink)
                  00003208    00000028                                   : lseek.c.obj (.text:lseek)
                  00003230    00000028                                   : memory.c.obj (.text:mremove)
                  00003258    00000028                                   : write.c.obj (.text:write)
                  00003280    00000020                                   : memchr.c.obj (.text:memchr)
                  000032a0    0000001c                                   : memccpy.c.obj (.text:memccpy)
                  000032bc    00000018                                   : sprintf.c.obj (.text:_outs)
                  000032d4    00000018                                   : strcmp.c.obj (.text:strcmp)
                  000032ec    00000016                                   : strchr.c.obj (.text:strchr)
                  00003302    00000014                                   : s_copysign.c.obj (.text:copysign)
                  00003316    00000014                                   : strcpy.c.obj (.text:strcpy)
                  0000332a    00000014                                   : strlen.c.obj (.text:strlen)
                  0000333e    00000012                                   : copy_zero_init.c.obj (.text:decompress:ZI:__TI_zero_init_nomemset:__TI_zero_init_nomemset)
                  00003350    00000012                                   : wcslen.c.obj (.text:wcslen)
                  00003362    0000000e                                   : copy_decompress_none.c.obj (.text:decompress:none:__TI_decompress_none)
                  00003370    0000000e     startup_msp432p401r_ccs.obj (.text)
                  0000337e    0000000a     rtsv7M4_T_le_v4SPD16_eabi.lib : sprintf.c.obj (.text:_outc)
                  00003388    00000008                                   : errno.c.obj (.text:__aeabi_errno_addr)
                  00003390    00000004                                   : printf.c.obj (.text:_outc)
                  00003394    00000004                                   : printf.c.obj (.text:_outs)
                  00003398    00000004                                   : pre_init.c.obj (.text:_system_pre_init)
                  0000339c    00000004                                   : exit.c.obj (.text:abort:abort)

.const     0    000033a0    00000101     
                  000033a0    00000101     rtsv7M4_T_le_v4SPD16_eabi.lib : ctype.c.obj (.const:.string:_ctypes_)

.cinit     0    000034a8    000000a0     
                  000034a8    0000007c     (.cinit..data.load) [load image, compression = lzss]
                  00003524    0000000c     (__TI_handler_table)
                  00003530    00000008     (.cinit..bss.load) [load image, compression = zero_init]
                  00003538    00000010     (__TI_cinit_table)

.init_array 
*          0    00000000    00000000     UNINITIALIZED

.binit     0    00000000    00000000     

.sysmem    0    20000000    00000400     UNINITIALIZED
                  20000000    00000008     rtsv7M4_T_le_v4SPD16_eabi.lib : memory.c.obj (.sysmem)
                  20000008    000003f8     --HOLE--

.data      0    20000400    00000210     UNINITIALIZED
                  20000400    000000f0     rtsv7M4_T_le_v4SPD16_eabi.lib : defs.c.obj (.data:_ftable)
                  200004f0    00000078                                   : write.c.obj (.data:_device)
                  20000568    00000050                                   : write.c.obj (.data:_stream)
                  200005b8    00000020     main.obj (.data)
                  200005d8    00000010     rtsv7M4_T_le_v4SPD16_eabi.lib : defs.c.obj (.data)
                  200005e8    0000000c                                   : exit.c.obj (.data:$O1$$)
                  200005f4    0000000c                                   : memory.c.obj (.data:$O1$$)
                  20000600    00000008                                   : _lock.c.obj (.data:$O1$$)
                  20000608    00000004                                   : errno.c.obj (.data)
                  2000060c    00000004     system_msp432p401r.obj (.data)

.bss       0    20000610    000001d8     UNINITIALIZED
                  20000610    00000120     rtsv7M4_T_le_v4SPD16_eabi.lib : trgmsg.c.obj (.bss:_CIOBUF_)
                  20000730    000000a0     (.common:__TI_tmpnams)
                  200007d0    00000008     (.common:parmbuf)
                  200007d8    00000004     (.common:num)
                  200007dc    00000004     (.common:num1)
                  200007e0    00000004     (.common:sec)
                  200007e4    00000004     (.common:sec1)

.stack     0    2000fe00    00000200     UNINITIALIZED
                  2000fe00    00000004     rtsv7M4_T_le_v4SPD16_eabi.lib : boot_cortex_m.c.obj (.stack)
                  2000fe04    000001fc     --HOLE--

MODULE SUMMARY

       Module                        code    ro data   rw data
       ------                        ----    -------   -------
    ./
       main.obj                      1504    0         96     
       system_msp432p401r.obj        820     0         8      
       startup_msp432p401r_ccs.obj   14      228       0      
    +--+-----------------------------+-------+---------+---------+
       Total:                        2338    228       104    
                                                              
    /Applications/ti/ccsv8/tools/compiler/ti-cgt-arm_18.1.2.LTS/lib/rtsv7M4_T_le_v4SPD16_eabi.lib
       _printfi.c.obj                4863    0         0      
       defs.c.obj                    0       0         832    
       trgmsg.c.obj                  108     0         576    
       memory.c.obj                  492     0         24     
       write.c.obj                   40      0         400    
       fd_add_t2.asm.obj             438     0         0      
       fd_div_t2.asm.obj             310     0         0      
       fputs.c.obj                   276     0         0      
       s_scalbn.c.obj                272     0         0      
       fd_cmp_t2.asm.obj             268     0         0      
       ctype.c.obj                   0       257       0      
       fd_mul_t2.asm.obj             252     0         0      
       setvbuf.c.obj                 220     0         0      
       memcpy_t2.asm.obj             156     0         0      
       ull_div_t2.asm.obj            150     0         0      
       fputc.c.obj                   140     0         0      
       memset_t2.asm.obj             122     0         0      
       fclose.c.obj                  116     0         0      
       getdevice.c.obj               116     0         0      
       hostopen.c.obj                96      0         16     
       printf.c.obj                  112     0         0      
       copy_decompress_lzss.c.obj    104     0         0      
       hostlseek.c.obj               104     0         0      
       hostrename.c.obj              104     0         0      
       exit.c.obj                    76      0         24     
       fseek.c.obj                   100     0         0      
       s_frexp.c.obj                 100     0         0      
       _io_perm.c.obj                98      0         0      
       sprintf.c.obj                 98      0         0      
       close.c.obj                   92      0         0      
       hostread.c.obj                88      0         0      
       hostwrite.c.obj               88      0         0      
       ltoa.c.obj                    84      0         0      
       atoi.c.obj                    76      0         0      
       fflush.c.obj                  76      0         0      
       fd_toi_t2.asm.obj             72      0         0      
       autoinit.c.obj                68      0         0      
       hostclose.c.obj               68      0         0      
       hostunlink.c.obj              68      0         0      
       boot_cortex_m.c.obj           56      0         0      
       strncpy.c.obj                 54      0         0      
       fopen.c.obj                   52      0         0      
       i_tofd_t2.asm.obj             46      0         0      
       unlink.c.obj                  44      0         0      
       lseek.c.obj                   40      0         0      
       memchr.c.obj                  32      0         0      
       memccpy.c.obj                 28      0         0      
       strcmp.c.obj                  24      0         0      
       strchr.c.obj                  22      0         0      
       s_copysign.c.obj              20      0         0      
       strcpy.c.obj                  20      0         0      
       strlen.c.obj                  20      0         0      
       _lock.c.obj                   2       0         16     
       copy_zero_init.c.obj          18      0         0      
       wcslen.c.obj                  18      0         0      
       errno.c.obj                   8       0         8      
       copy_decompress_none.c.obj    14      0         0      
       pre_init.c.obj                4       0         0      
       div0.asm.obj                  2       0         0      
    +--+-----------------------------+-------+---------+---------+
       Total:                        10635   257       1896   
                                                              
       Heap:                         0       0         2048   
       Stack:                        0       0         1024   
       Linker Generated:             0       160       0      
    +--+-----------------------------+-------+---------+---------+
       Grand Total:                  12973   645       5072   


LINKER GENERATED COPY TABLES

__TI_cinit_table @ 00003538 records: 2, size/record: 8, table size: 16
	.data: load addr=000034a8, load size=0000007c bytes, run addr=20000400, run size=00000210 bytes, compression=lzss
	.bss: load addr=00003530, load size=00000008 bytes, run addr=20000610, run size=000001d8 bytes, compression=zero_init


LINKER GENERATED HANDLER TABLE

__TI_handler_table @ 00003524 records: 3, size/record: 4, table size: 12
	index: 0, handler: __TI_decompress_lzss
	index: 1, handler: __TI_decompress_none
	index: 2, handler: __TI_zero_init


GLOBAL SYMBOLS: SORTED ALPHABETICALLY BY Name 

address   name                           
-------   ----                           
0000337d  ADC14_IRQHandler               
0000337d  AES256_IRQHandler              
0000337d  BusFault_Handler               
0000339d  C$$EXIT                        
00003063  C$$IO$$                        
0000337d  COMP_E0_IRQHandler             
0000337d  COMP_E1_IRQHandler             
0000337d  CS_IRQHandler                  
0000337d  DMA_ERR_IRQHandler             
0000337d  DMA_INT0_IRQHandler            
0000337d  DMA_INT1_IRQHandler            
0000337d  DMA_INT2_IRQHandler            
0000337d  DMA_INT3_IRQHandler            
0000337d  DebugMon_Handler               
0000337d  Default_Handler                
0000337d  EUSCIA0_IRQHandler             
0000337d  EUSCIA1_IRQHandler             
0000337d  EUSCIA2_IRQHandler             
0000337d  EUSCIA3_IRQHandler             
0000337d  EUSCIB0_IRQHandler             
0000337d  EUSCIB1_IRQHandler             
0000337d  EUSCIB2_IRQHandler             
0000337d  EUSCIB3_IRQHandler             
0000337d  FLCTL_IRQHandler               
0000337d  FPU_IRQHandler                 
00002e69  HOSTclose                      
0000280d  HOSTlseek                      
00002ad9  HOSTopen                       
00002b95  HOSTread                       
00002875  HOSTrename                     
00002ead  HOSTunlink                     
00002bed  HOSTwrite                      
0000337d  HardFault_Handler              
00000ea1  Initialize_LCD                 
00000e31  Initialize_Pins                
00000b91  LCD_CurrentTime                
0000337d  MemManage_Handler              
0000337d  NMI_Handler                    
0000337d  PCM_IRQHandler                 
0000337d  PORT1_IRQHandler               
0000337d  PORT2_IRQHandler               
0000337d  PORT3_IRQHandler               
0000337d  PORT4_IRQHandler               
0000337d  PORT5_IRQHandler               
0000337d  PORT6_IRQHandler               
0000337d  PSS_IRQHandler                 
0000337d  PendSV_Handler                 
00000f35  PulseEnablePin                 
0000337d  RTC_C_IRQHandler               
00003371  Reset_Handler                  
0000337d  SVC_Handler                    
0000337d  SysTick_Handler                
000010bb  SysTick_Init                   
2000060c  SystemCoreClock                
00001125  SystemCoreClockUpdate          
0000139d  SystemInit                     
0000109d  T32_INT1_IRQHandler            
0000109d  T32_INT1_IRQHandler            
0000337d  T32_INT2_IRQHandler            
0000337d  T32_INTC_IRQHandler            
0000337d  TA0_0_IRQHandler               
0000337d  TA0_N_IRQHandler               
0000337d  TA1_0_IRQHandler               
0000337d  TA1_N_IRQHandler               
0000337d  TA2_0_IRQHandler               
0000337d  TA2_N_IRQHandler               
0000337d  TA3_0_IRQHandler               
0000337d  TA3_N_IRQHandler               
00001079  Timer_32_Init                  
0000337d  UsageFault_Handler             
4000480c  WDTCTL_SYM                     
0000337d  WDT_A_IRQHandler               
20000610  __CIOBUF_                      
20010000  __STACK_END                    
00000200  __STACK_SIZE                   
00000400  __SYSMEM_SIZE                  
00003538  __TI_CINIT_Base                
00003548  __TI_CINIT_Limit               
00003524  __TI_Handler_Table_Base        
00003530  __TI_Handler_Table_Limit       
00002ef1  __TI_auto_init_nobinit_nopinit 
00003115  __TI_cleanup                   
200005e8  __TI_cleanup_ptr               
00002729  __TI_closefile                 
000028dd  __TI_decompress_lzss           
00003363  __TI_decompress_none           
00002d41  __TI_doflush                   
200005ec  __TI_dtors_ptr                 
200005f0  __TI_enable_exit_profile_output
200005d8  __TI_ft_end                    
ffffffff  __TI_pprof_out_hndl            
000000e5  __TI_printfi                   
ffffffff  __TI_prof_data_size            
ffffffff  __TI_prof_data_start           
00003149  __TI_readmsg                   
00000000  __TI_static_base__             
20000730  __TI_tmpnams                   
00003035  __TI_writemsg                  
00002a75  __TI_wrt_ok                    
0000333f  __TI_zero_init_nomemset        
00002529  __aeabi_cdcmpeq                
00002529  __aeabi_cdcmple                
000025af  __aeabi_cdrcmple               
00002e21  __aeabi_d2iz                   
000018a3  __aeabi_dadd                   
00001b8d  __aeabi_ddiv                   
00002009  __aeabi_dmul                   
00001899  __aeabi_dsub                   
00003389  __aeabi_errno_addr             
000031ad  __aeabi_i2d                    
00001a4f  __aeabi_idiv0                  
00001a4f  __aeabi_ldiv0                  
00002635  __aeabi_memclr                 
00002635  __aeabi_memclr4                
00002635  __aeabi_memclr8                
0000236b  __aeabi_memcpy                 
0000236b  __aeabi_memcpy4                
0000236b  __aeabi_memcpy8                
00002637  __aeabi_memset                 
00002637  __aeabi_memset4                
00002637  __aeabi_memset8                
200005e4  __aeabi_stderr                 
200005dc  __aeabi_stdin                  
200005e0  __aeabi_stdout                 
00002407  __aeabi_uldivmod               
ffffffff  __binit__                      
ffffffff  __c_args__                     
UNDEFED   __mpu_init                     
2000fe00  __stack                        
0000306d  _c_int00_noargs                
000033a0  _ctypes_                       
200004f0  _device                        
20000400  _ftable                        
20000600  _lock                          
00000b43  _nop                           
20000568  _stream                        
20000000  _sys_memory                    
UNDEFED   _system_post_cinit             
00003399  _system_pre_init               
20000604  _unlock                        
0000339d  abort                          
00002d8d  atoi                           
ffffffff  binit                          
00002b39  close                          
00000ff5  commandWrite                   
00003303  copysign                       
00003303  copysignl                      
200005c4  current_day_status             
200005c0  current_hour                   
200005bc  current_minute                 
200005b8  current_second                 
0000100f  dataWrite                      
00001029  delay_micro                    
0000104d  delay_ms                       
20000608  errno                          
00002dd9  exit                           
0000317d  finddevice                     
0000249d  fputc                          
00001de5  fputs                          
000021e1  free                           
000029ad  frexp                          
000029ad  frexpl                         
00002a11  fseek                          
00002f35  getdevice                      
00000000  interruptVectors               
200005c8  j                              
200005cc  k                              
200005d0  l                              
00001ef9  ldexp                          
00001ef9  ldexpl                         
00003209  lseek                          
00002c9b  ltoa                           
00000b71  main                           
000026b1  malloc                         
000032a1  memccpy                        
00003281  memchr                         
0000236b  memcpy                         
0000263d  memset                         
000030a5  minit                          
200005d4  n                              
200007d8  num                            
200007dc  num1                           
200007d0  parmbuf                        
00002945  printf                         
00000fb7  pushByte                       
00000f71  pushNibble                     
0000249d  putc                           
000031dd  remove                         
00001ef9  scalbn                         
00001ef9  scalbnl                        
200007e0  sec                            
200007e4  sec1                           
00002105  setvbuf                        
00002f79  sprintf                        
000032ed  strchr                         
000032d5  strcmp                         
00003317  strcpy                         
0000332b  strlen                         
000030dd  strncpy                        
000031dd  unlink                         
00003351  wcslen                         
00003259  write                          


GLOBAL SYMBOLS: SORTED BY Symbol Address 

address   name                           
-------   ----                           
00000000  __TI_static_base__             
00000000  interruptVectors               
000000e5  __TI_printfi                   
00000200  __STACK_SIZE                   
00000400  __SYSMEM_SIZE                  
00000b43  _nop                           
00000b71  main                           
00000b91  LCD_CurrentTime                
00000e31  Initialize_Pins                
00000ea1  Initialize_LCD                 
00000f35  PulseEnablePin                 
00000f71  pushNibble                     
00000fb7  pushByte                       
00000ff5  commandWrite                   
0000100f  dataWrite                      
00001029  delay_micro                    
0000104d  delay_ms                       
00001079  Timer_32_Init                  
0000109d  T32_INT1_IRQHandler            
0000109d  T32_INT1_IRQHandler            
000010bb  SysTick_Init                   
00001125  SystemCoreClockUpdate          
0000139d  SystemInit                     
00001899  __aeabi_dsub                   
000018a3  __aeabi_dadd                   
00001a4f  __aeabi_idiv0                  
00001a4f  __aeabi_ldiv0                  
00001b8d  __aeabi_ddiv                   
00001de5  fputs                          
00001ef9  ldexp                          
00001ef9  ldexpl                         
00001ef9  scalbn                         
00001ef9  scalbnl                        
00002009  __aeabi_dmul                   
00002105  setvbuf                        
000021e1  free                           
0000236b  __aeabi_memcpy                 
0000236b  __aeabi_memcpy4                
0000236b  __aeabi_memcpy8                
0000236b  memcpy                         
00002407  __aeabi_uldivmod               
0000249d  fputc                          
0000249d  putc                           
00002529  __aeabi_cdcmpeq                
00002529  __aeabi_cdcmple                
000025af  __aeabi_cdrcmple               
00002635  __aeabi_memclr                 
00002635  __aeabi_memclr4                
00002635  __aeabi_memclr8                
00002637  __aeabi_memset                 
00002637  __aeabi_memset4                
00002637  __aeabi_memset8                
0000263d  memset                         
000026b1  malloc                         
00002729  __TI_closefile                 
0000280d  HOSTlseek                      
00002875  HOSTrename                     
000028dd  __TI_decompress_lzss           
00002945  printf                         
000029ad  frexp                          
000029ad  frexpl                         
00002a11  fseek                          
00002a75  __TI_wrt_ok                    
00002ad9  HOSTopen                       
00002b39  close                          
00002b95  HOSTread                       
00002bed  HOSTwrite                      
00002c9b  ltoa                           
00002d41  __TI_doflush                   
00002d8d  atoi                           
00002dd9  exit                           
00002e21  __aeabi_d2iz                   
00002e69  HOSTclose                      
00002ead  HOSTunlink                     
00002ef1  __TI_auto_init_nobinit_nopinit 
00002f35  getdevice                      
00002f79  sprintf                        
00003035  __TI_writemsg                  
00003063  C$$IO$$                        
0000306d  _c_int00_noargs                
000030a5  minit                          
000030dd  strncpy                        
00003115  __TI_cleanup                   
00003149  __TI_readmsg                   
0000317d  finddevice                     
000031ad  __aeabi_i2d                    
000031dd  remove                         
000031dd  unlink                         
00003209  lseek                          
00003259  write                          
00003281  memchr                         
000032a1  memccpy                        
000032d5  strcmp                         
000032ed  strchr                         
00003303  copysign                       
00003303  copysignl                      
00003317  strcpy                         
0000332b  strlen                         
0000333f  __TI_zero_init_nomemset        
00003351  wcslen                         
00003363  __TI_decompress_none           
00003371  Reset_Handler                  
0000337d  ADC14_IRQHandler               
0000337d  AES256_IRQHandler              
0000337d  BusFault_Handler               
0000337d  COMP_E0_IRQHandler             
0000337d  COMP_E1_IRQHandler             
0000337d  CS_IRQHandler                  
0000337d  DMA_ERR_IRQHandler             
0000337d  DMA_INT0_IRQHandler            
0000337d  DMA_INT1_IRQHandler            
0000337d  DMA_INT2_IRQHandler            
0000337d  DMA_INT3_IRQHandler            
0000337d  DebugMon_Handler               
0000337d  Default_Handler                
0000337d  EUSCIA0_IRQHandler             
0000337d  EUSCIA1_IRQHandler             
0000337d  EUSCIA2_IRQHandler             
0000337d  EUSCIA3_IRQHandler             
0000337d  EUSCIB0_IRQHandler             
0000337d  EUSCIB1_IRQHandler             
0000337d  EUSCIB2_IRQHandler             
0000337d  EUSCIB3_IRQHandler             
0000337d  FLCTL_IRQHandler               
0000337d  FPU_IRQHandler                 
0000337d  HardFault_Handler              
0000337d  MemManage_Handler              
0000337d  NMI_Handler                    
0000337d  PCM_IRQHandler                 
0000337d  PORT1_IRQHandler               
0000337d  PORT2_IRQHandler               
0000337d  PORT3_IRQHandler               
0000337d  PORT4_IRQHandler               
0000337d  PORT5_IRQHandler               
0000337d  PORT6_IRQHandler               
0000337d  PSS_IRQHandler                 
0000337d  PendSV_Handler                 
0000337d  RTC_C_IRQHandler               
0000337d  SVC_Handler                    
0000337d  SysTick_Handler                
0000337d  T32_INT2_IRQHandler            
0000337d  T32_INTC_IRQHandler            
0000337d  TA0_0_IRQHandler               
0000337d  TA0_N_IRQHandler               
0000337d  TA1_0_IRQHandler               
0000337d  TA1_N_IRQHandler               
0000337d  TA2_0_IRQHandler               
0000337d  TA2_N_IRQHandler               
0000337d  TA3_0_IRQHandler               
0000337d  TA3_N_IRQHandler               
0000337d  UsageFault_Handler             
0000337d  WDT_A_IRQHandler               
00003389  __aeabi_errno_addr             
00003399  _system_pre_init               
0000339d  C$$EXIT                        
0000339d  abort                          
000033a0  _ctypes_                       
00003524  __TI_Handler_Table_Base        
00003530  __TI_Handler_Table_Limit       
00003538  __TI_CINIT_Base                
00003548  __TI_CINIT_Limit               
20000000  _sys_memory                    
20000400  _ftable                        
200004f0  _device                        
20000568  _stream                        
200005b8  current_second                 
200005bc  current_minute                 
200005c0  current_hour                   
200005c4  current_day_status             
200005c8  j                              
200005cc  k                              
200005d0  l                              
200005d4  n                              
200005d8  __TI_ft_end                    
200005dc  __aeabi_stdin                  
200005e0  __aeabi_stdout                 
200005e4  __aeabi_stderr                 
200005e8  __TI_cleanup_ptr               
200005ec  __TI_dtors_ptr                 
200005f0  __TI_enable_exit_profile_output
20000600  _lock                          
20000604  _unlock                        
20000608  errno                          
2000060c  SystemCoreClock                
20000610  __CIOBUF_                      
20000730  __TI_tmpnams                   
200007d0  parmbuf                        
200007d8  num                            
200007dc  num1                           
200007e0  sec                            
200007e4  sec1                           
2000fe00  __stack                        
20010000  __STACK_END                    
4000480c  WDTCTL_SYM                     
ffffffff  __TI_pprof_out_hndl            
ffffffff  __TI_prof_data_size            
ffffffff  __TI_prof_data_start           
ffffffff  __binit__                      
ffffffff  __c_args__                     
ffffffff  binit                          
UNDEFED   __mpu_init                     
UNDEFED   _system_post_cinit             

[202 symbols]
