******************************************************************************
                  TI ARM Linker Unix v18.1.2                   
******************************************************************************
>> Linked Thu Nov 15 13:24:52 2018

OUTPUT FILE NAME:   <Final_Project.out>
ENTRY POINT SYMBOL: "_c_int00_noargs"  address: 00002f3d


MEMORY CONFIGURATION

         name            origin    length      used     unused   attr    fill
----------------------  --------  ---------  --------  --------  ----  --------
  MAIN                  00000000   00040000  00003409  0003cbf7  R  X
  INFO                  00200000   00004000  00000000  00004000  R  X
  SRAM_CODE             01000000   00010000  000009c8  0000f638  RW X
  SRAM_DATA             20000000   00010000  000009c8  0000f638  RW  


SEGMENT ALLOCATION MAP

run origin  load origin   length   init length attrs members
----------  ----------- ---------- ----------- ----- -------
00000000    00000000    00003410   00003410    r-x
  00000000    00000000    000000e4   000000e4    r-- .intvecs
  000000e4    000000e4    0000318c   0000318c    r-x .text
  00003270    00003270    00000101   00000101    r-- .const
  00003378    00003378    00000098   00000098    r-- .cinit
20000000    20000000    000007c8   00000000    rw-
  20000000    20000000    00000400   00000000    rw- .sysmem
  20000400    20000400    00000200   00000000    rw- .data
  20000600    20000600    000001c8   00000000    rw- .bss
2000fe00    2000fe00    00000200   00000000    rw-
  2000fe00    2000fe00    00000200   00000000    rw- .stack


SECTION ALLOCATION MAP

 output                                  attributes/
section   page    origin      length       input sections
--------  ----  ----------  ----------   ----------------
.intvecs   0    00000000    000000e4     
                  00000000    000000e4     startup_msp432p401r_ccs.obj (.intvecs:retain)

.text      0    000000e4    0000318c     
                  000000e4    00000a5e     rtsv7M4_T_le_v4SPD16_eabi.lib : _printfi.c.obj (.text:__TI_printfi)
                  00000b42    00000002                                   : _lock.c.obj (.text:_nop)
                  00000b44    000004b0     main.obj (.text)
                  00000ff4    00000334     system_msp432p401r.obj (.text)
                  00001328    00000270     rtsv7M4_T_le_v4SPD16_eabi.lib : _printfi.c.obj (.text:_pconv_a)
                  00001598    000001d0                                   : _printfi.c.obj (.text:_pconv_g)
                  00001768    000001b6                                   : fd_add_t2.asm.obj (.text)
                  0000191e    00000002                                   : div0.asm.obj (.text)
                  00001920    0000013c                                   : _printfi.c.obj (.text:_pconv_e)
                  00001a5c    00000136                                   : fd_div_t2.asm.obj (.text)
                  00001b92    00000002     --HOLE-- [fill = 0]
                  00001b94    00000120                                   : _printfi.c.obj (.text:fcvt)
                  00001cb4    00000114                                   : fputs.c.obj (.text:fputs)
                  00001dc8    00000110                                   : s_scalbn.c.obj (.text:scalbn)
                  00001ed8    000000fc                                   : fd_mul_t2.asm.obj (.text)
                  00001fd4    000000dc                                   : setvbuf.c.obj (.text:setvbuf)
                  000020b0    000000d8                                   : memory.c.obj (.text:free)
                  00002188    000000b1                                   : _printfi.c.obj (.text:_ltostr)
                  00002239    00000001     --HOLE-- [fill = 0]
                  0000223a    0000009c                                   : memcpy_t2.asm.obj (.text)
                  000022d6    00000096                                   : ull_div_t2.asm.obj (.text)
                  0000236c    0000008c                                   : fputc.c.obj (.text:fputc)
                  000023f8    00000086                                   : fd_cmp_t2.asm.obj (.text:__aeabi_cdcmple)
                  0000247e    00000086                                   : fd_cmp_t2.asm.obj (.text:__aeabi_cdrcmple)
                  00002504    0000007a                                   : memset_t2.asm.obj (.text)
                  0000257e    00000002     --HOLE-- [fill = 0]
                  00002580    00000078                                   : memory.c.obj (.text:malloc)
                  000025f8    00000074                                   : fclose.c.obj (.text:__TI_closefile)
                  0000266c    0000006e                                   : _printfi.c.obj (.text:_mcpy)
                  000026da    00000002     --HOLE-- [fill = 0]
                  000026dc    00000068                                   : hostlseek.c.obj (.text:HOSTlseek)
                  00002744    00000068                                   : hostrename.c.obj (.text:HOSTrename)
                  000027ac    00000068                                   : copy_decompress_lzss.c.obj (.text:decompress:lzss:__TI_decompress_lzss)
                  00002814    00000068                                   : printf.c.obj (.text:printf)
                  0000287c    00000064                                   : s_frexp.c.obj (.text:frexp)
                  000028e0    00000064                                   : fseek.c.obj (.text:fseek)
                  00002944    00000062                                   : _io_perm.c.obj (.text:__TI_wrt_ok)
                  000029a6    00000002     --HOLE-- [fill = 0]
                  000029a8    00000060                                   : hostopen.c.obj (.text:HOSTopen)
                  00002a08    0000005c                                   : close.c.obj (.text:close)
                  00002a64    00000058                                   : hostread.c.obj (.text:HOSTread)
                  00002abc    00000058                                   : hostwrite.c.obj (.text:HOSTwrite)
                  00002b14    00000056                                   : _printfi.c.obj (.text:_pconv_f)
                  00002b6a    00000054                                   : ltoa.c.obj (.text:ltoa)
                  00002bbe    00000052                                   : _printfi.c.obj (.text:_ecpy)
                  00002c10    0000004c                                   : fflush.c.obj (.text:__TI_doflush)
                  00002c5c    0000004c                                   : atoi.c.obj (.text:atoi)
                  00002ca8    00000048                                   : exit.c.obj (.text:exit)
                  00002cf0    00000048                                   : fd_toi_t2.asm.obj (.text)
                  00002d38    00000044                                   : hostclose.c.obj (.text:HOSTclose)
                  00002d7c    00000044                                   : hostunlink.c.obj (.text:HOSTunlink)
                  00002dc0    00000044                                   : autoinit.c.obj (.text:__TI_auto_init_nobinit_nopinit:__TI_auto_init_nobinit_nopinit)
                  00002e04    00000044                                   : getdevice.c.obj (.text:getdevice)
                  00002e48    00000040                                   : sprintf.c.obj (.text:sprintf)
                  00002e88    0000003e                                   : _printfi.c.obj (.text:_fcpy)
                  00002ec6    00000002     --HOLE-- [fill = 0]
                  00002ec8    0000003c                                   : memory.c.obj (.text:minsert)
                  00002f04    00000038                                   : trgmsg.c.obj (.text:__TI_writemsg)
                  00002f3c    00000038                                   : boot_cortex_m.c.obj (.text:_c_int00_noargs:_c_int00_noargs)
                  00002f74    00000038                                   : memory.c.obj (.text:minit)
                  00002fac    00000036                                   : strncpy.c.obj (.text:strncpy)
                  00002fe2    00000002     --HOLE-- [fill = 0]
                  00002fe4    00000034                                   : fopen.c.obj (.text:__TI_cleanup)
                  00003018    00000034                                   : trgmsg.c.obj (.text:__TI_readmsg)
                  0000304c    00000030                                   : getdevice.c.obj (.text:finddevice)
                  0000307c    0000002e                                   : i_tofd_t2.asm.obj (.text)
                  000030aa    00000002     --HOLE-- [fill = 0]
                  000030ac    0000002c                                   : unlink.c.obj (.text:unlink)
                  000030d8    00000028                                   : lseek.c.obj (.text:lseek)
                  00003100    00000028                                   : memory.c.obj (.text:mremove)
                  00003128    00000028                                   : write.c.obj (.text:write)
                  00003150    00000020                                   : memchr.c.obj (.text:memchr)
                  00003170    0000001c                                   : memccpy.c.obj (.text:memccpy)
                  0000318c    00000018                                   : sprintf.c.obj (.text:_outs)
                  000031a4    00000018                                   : strcmp.c.obj (.text:strcmp)
                  000031bc    00000016                                   : strchr.c.obj (.text:strchr)
                  000031d2    00000014                                   : s_copysign.c.obj (.text:copysign)
                  000031e6    00000014                                   : strcpy.c.obj (.text:strcpy)
                  000031fa    00000014                                   : strlen.c.obj (.text:strlen)
                  0000320e    00000012                                   : copy_zero_init.c.obj (.text:decompress:ZI:__TI_zero_init_nomemset:__TI_zero_init_nomemset)
                  00003220    00000012                                   : wcslen.c.obj (.text:wcslen)
                  00003232    0000000e                                   : copy_decompress_none.c.obj (.text:decompress:none:__TI_decompress_none)
                  00003240    0000000e     startup_msp432p401r_ccs.obj (.text)
                  0000324e    0000000a     rtsv7M4_T_le_v4SPD16_eabi.lib : sprintf.c.obj (.text:_outc)
                  00003258    00000008                                   : errno.c.obj (.text:__aeabi_errno_addr)
                  00003260    00000004                                   : printf.c.obj (.text:_outc)
                  00003264    00000004                                   : printf.c.obj (.text:_outs)
                  00003268    00000004                                   : pre_init.c.obj (.text:_system_pre_init)
                  0000326c    00000004                                   : exit.c.obj (.text:abort:abort)

.const     0    00003270    00000101     
                  00003270    00000101     rtsv7M4_T_le_v4SPD16_eabi.lib : ctype.c.obj (.const:.string:_ctypes_)

.cinit     0    00003378    00000098     
                  00003378    00000074     (.cinit..data.load) [load image, compression = lzss]
                  000033ec    0000000c     (__TI_handler_table)
                  000033f8    00000008     (.cinit..bss.load) [load image, compression = zero_init]
                  00003400    00000010     (__TI_cinit_table)

.init_array 
*          0    00000000    00000000     UNINITIALIZED

.binit     0    00000000    00000000     

.sysmem    0    20000000    00000400     UNINITIALIZED
                  20000000    00000008     rtsv7M4_T_le_v4SPD16_eabi.lib : memory.c.obj (.sysmem)
                  20000008    000003f8     --HOLE--

.data      0    20000400    00000200     UNINITIALIZED
                  20000400    000000f0     rtsv7M4_T_le_v4SPD16_eabi.lib : defs.c.obj (.data:_ftable)
                  200004f0    00000078                                   : write.c.obj (.data:_device)
                  20000568    00000050                                   : write.c.obj (.data:_stream)
                  200005b8    00000010                                   : defs.c.obj (.data)
                  200005c8    0000000d     main.obj (.data)
                  200005d5    00000003     --HOLE--
                  200005d8    0000000c     rtsv7M4_T_le_v4SPD16_eabi.lib : exit.c.obj (.data:$O1$$)
                  200005e4    0000000c                                   : memory.c.obj (.data:$O1$$)
                  200005f0    00000008                                   : _lock.c.obj (.data:$O1$$)
                  200005f8    00000004                                   : errno.c.obj (.data)
                  200005fc    00000004     system_msp432p401r.obj (.data)

.bss       0    20000600    000001c8     UNINITIALIZED
                  20000600    00000120     rtsv7M4_T_le_v4SPD16_eabi.lib : trgmsg.c.obj (.bss:_CIOBUF_)
                  20000720    000000a0     (.common:__TI_tmpnams)
                  200007c0    00000008     (.common:parmbuf)

.stack     0    2000fe00    00000200     UNINITIALIZED
                  2000fe00    00000004     rtsv7M4_T_le_v4SPD16_eabi.lib : boot_cortex_m.c.obj (.stack)
                  2000fe04    000001fc     --HOLE--

MODULE SUMMARY

       Module                        code    ro data   rw data
       ------                        ----    -------   -------
    ./
       main.obj                      1200    0         26     
       system_msp432p401r.obj        820     0         8      
       startup_msp432p401r_ccs.obj   14      228       0      
    +--+-----------------------------+-------+---------+---------+
       Total:                        2034    228       34     
                                                              
    /Applications/ti/ccsv8/tools/compiler/ti-cgt-arm_18.1.2.LTS/lib/rtsv7M4_T_le_v4SPD16_eabi.lib
       _printfi.c.obj                4863    0         0      
       defs.c.obj                    0       0         832    
       trgmsg.c.obj                  108     0         576    
       memory.c.obj                  492     0         24     
       write.c.obj                   40      0         400    
       fd_add_t2.asm.obj             438     0         0      
       fd_div_t2.asm.obj             310     0         0      
       fputs.c.obj                   276     0         0      
       s_scalbn.c.obj                272     0         0      
       fd_cmp_t2.asm.obj             268     0         0      
       ctype.c.obj                   0       257       0      
       fd_mul_t2.asm.obj             252     0         0      
       setvbuf.c.obj                 220     0         0      
       memcpy_t2.asm.obj             156     0         0      
       ull_div_t2.asm.obj            150     0         0      
       fputc.c.obj                   140     0         0      
       memset_t2.asm.obj             122     0         0      
       fclose.c.obj                  116     0         0      
       getdevice.c.obj               116     0         0      
       hostopen.c.obj                96      0         16     
       printf.c.obj                  112     0         0      
       copy_decompress_lzss.c.obj    104     0         0      
       hostlseek.c.obj               104     0         0      
       hostrename.c.obj              104     0         0      
       exit.c.obj                    76      0         24     
       fseek.c.obj                   100     0         0      
       s_frexp.c.obj                 100     0         0      
       _io_perm.c.obj                98      0         0      
       sprintf.c.obj                 98      0         0      
       close.c.obj                   92      0         0      
       hostread.c.obj                88      0         0      
       hostwrite.c.obj               88      0         0      
       ltoa.c.obj                    84      0         0      
       atoi.c.obj                    76      0         0      
       fflush.c.obj                  76      0         0      
       fd_toi_t2.asm.obj             72      0         0      
       autoinit.c.obj                68      0         0      
       hostclose.c.obj               68      0         0      
       hostunlink.c.obj              68      0         0      
       boot_cortex_m.c.obj           56      0         0      
       strncpy.c.obj                 54      0         0      
       fopen.c.obj                   52      0         0      
       i_tofd_t2.asm.obj             46      0         0      
       unlink.c.obj                  44      0         0      
       lseek.c.obj                   40      0         0      
       memchr.c.obj                  32      0         0      
       memccpy.c.obj                 28      0         0      
       strcmp.c.obj                  24      0         0      
       strchr.c.obj                  22      0         0      
       s_copysign.c.obj              20      0         0      
       strcpy.c.obj                  20      0         0      
       strlen.c.obj                  20      0         0      
       _lock.c.obj                   2       0         16     
       copy_zero_init.c.obj          18      0         0      
       wcslen.c.obj                  18      0         0      
       errno.c.obj                   8       0         8      
       copy_decompress_none.c.obj    14      0         0      
       pre_init.c.obj                4       0         0      
       div0.asm.obj                  2       0         0      
    +--+-----------------------------+-------+---------+---------+
       Total:                        10635   257       1896   
                                                              
       Heap:                         0       0         2048   
       Stack:                        0       0         1024   
       Linker Generated:             0       152       0      
    +--+-----------------------------+-------+---------+---------+
       Grand Total:                  12669   637       5002   


LINKER GENERATED COPY TABLES

__TI_cinit_table @ 00003400 records: 2, size/record: 8, table size: 16
	.data: load addr=00003378, load size=00000074 bytes, run addr=20000400, run size=00000200 bytes, compression=lzss
	.bss: load addr=000033f8, load size=00000008 bytes, run addr=20000600, run size=000001c8 bytes, compression=zero_init


LINKER GENERATED HANDLER TABLE

__TI_handler_table @ 000033ec records: 3, size/record: 4, table size: 12
	index: 0, handler: __TI_decompress_lzss
	index: 1, handler: __TI_decompress_none
	index: 2, handler: __TI_zero_init


GLOBAL SYMBOLS: SORTED ALPHABETICALLY BY Name 

address   name                           
-------   ----                           
0000324d  ADC14_IRQHandler               
0000324d  AES256_IRQHandler              
0000324d  BusFault_Handler               
0000326d  C$$EXIT                        
00002f33  C$$IO$$                        
0000324d  COMP_E0_IRQHandler             
0000324d  COMP_E1_IRQHandler             
0000324d  CS_IRQHandler                  
0000324d  DMA_ERR_IRQHandler             
0000324d  DMA_INT0_IRQHandler            
0000324d  DMA_INT1_IRQHandler            
0000324d  DMA_INT2_IRQHandler            
0000324d  DMA_INT3_IRQHandler            
0000324d  DebugMon_Handler               
0000324d  Default_Handler                
0000324d  EUSCIA0_IRQHandler             
0000324d  EUSCIA1_IRQHandler             
0000324d  EUSCIA2_IRQHandler             
0000324d  EUSCIA3_IRQHandler             
0000324d  EUSCIB0_IRQHandler             
0000324d  EUSCIB1_IRQHandler             
0000324d  EUSCIB2_IRQHandler             
0000324d  EUSCIB3_IRQHandler             
0000324d  FLCTL_IRQHandler               
0000324d  FPU_IRQHandler                 
00002d39  HOSTclose                      
000026dd  HOSTlseek                      
000029a9  HOSTopen                       
00002a65  HOSTread                       
00002745  HOSTrename                     
00002d7d  HOSTunlink                     
00002abd  HOSTwrite                      
0000324d  HardFault_Handler              
00000d79  Initialize_LCD                 
00000d13  Initialize_Pins                
00000b91  LCD_CurrentTime                
0000324d  MemManage_Handler              
0000324d  NMI_Handler                    
0000324d  PCM_IRQHandler                 
0000324d  PORT1_IRQHandler               
0000324d  PORT2_IRQHandler               
0000324d  PORT3_IRQHandler               
0000324d  PORT4_IRQHandler               
0000324d  PORT5_IRQHandler               
0000324d  PORT6_IRQHandler               
0000324d  PSS_IRQHandler                 
0000324d  PendSV_Handler                 
00000de9  PulseEnablePin                 
0000324d  RTC_C_IRQHandler               
00003241  Reset_Handler                  
0000324d  SVC_Handler                    
0000324d  SysTick_Handler                
00000f85  SysTick_Init                   
200005fc  SystemCoreClock                
00000ff5  SystemCoreClockUpdate          
0000126d  SystemInit                     
00000f61  T32_INT1_IRQHandler            
00000f61  T32_INT1_IRQHandler            
0000324d  T32_INT2_IRQHandler            
0000324d  T32_INTC_IRQHandler            
0000324d  TA0_0_IRQHandler               
0000324d  TA0_N_IRQHandler               
0000324d  TA1_0_IRQHandler               
0000324d  TA1_N_IRQHandler               
0000324d  TA2_0_IRQHandler               
0000324d  TA2_N_IRQHandler               
0000324d  TA3_0_IRQHandler               
0000324d  TA3_N_IRQHandler               
00000f3f  Timer_32_Init                  
0000324d  UsageFault_Handler             
4000480c  WDTCTL_SYM                     
0000324d  WDT_A_IRQHandler               
20000600  __CIOBUF_                      
20010000  __STACK_END                    
00000200  __STACK_SIZE                   
00000400  __SYSMEM_SIZE                  
00003400  __TI_CINIT_Base                
00003410  __TI_CINIT_Limit               
000033ec  __TI_Handler_Table_Base        
000033f8  __TI_Handler_Table_Limit       
00002dc1  __TI_auto_init_nobinit_nopinit 
00002fe5  __TI_cleanup                   
200005d8  __TI_cleanup_ptr               
000025f9  __TI_closefile                 
000027ad  __TI_decompress_lzss           
00003233  __TI_decompress_none           
00002c11  __TI_doflush                   
200005dc  __TI_dtors_ptr                 
200005e0  __TI_enable_exit_profile_output
200005b8  __TI_ft_end                    
ffffffff  __TI_pprof_out_hndl            
000000e5  __TI_printfi                   
ffffffff  __TI_prof_data_size            
ffffffff  __TI_prof_data_start           
00003019  __TI_readmsg                   
00000000  __TI_static_base__             
20000720  __TI_tmpnams                   
00002f05  __TI_writemsg                  
00002945  __TI_wrt_ok                    
0000320f  __TI_zero_init_nomemset        
000023f9  __aeabi_cdcmpeq                
000023f9  __aeabi_cdcmple                
0000247f  __aeabi_cdrcmple               
00002cf1  __aeabi_d2iz                   
00001773  __aeabi_dadd                   
00001a5d  __aeabi_ddiv                   
00001ed9  __aeabi_dmul                   
00001769  __aeabi_dsub                   
00003259  __aeabi_errno_addr             
0000307d  __aeabi_i2d                    
0000191f  __aeabi_idiv0                  
0000191f  __aeabi_ldiv0                  
00002505  __aeabi_memclr                 
00002505  __aeabi_memclr4                
00002505  __aeabi_memclr8                
0000223b  __aeabi_memcpy                 
0000223b  __aeabi_memcpy4                
0000223b  __aeabi_memcpy8                
00002507  __aeabi_memset                 
00002507  __aeabi_memset4                
00002507  __aeabi_memset8                
200005c4  __aeabi_stderr                 
200005bc  __aeabi_stdin                  
200005c0  __aeabi_stdout                 
000022d7  __aeabi_uldivmod               
ffffffff  __binit__                      
ffffffff  __c_args__                     
UNDEFED   __mpu_init                     
2000fe00  __stack                        
00002f3d  _c_int00_noargs                
00003270  _ctypes_                       
200004f0  _device                        
20000400  _ftable                        
200005f0  _lock                          
00000b43  _nop                           
20000568  _stream                        
20000000  _sys_memory                    
UNDEFED   _system_post_cinit             
00003269  _system_pre_init               
200005f4  _unlock                        
0000326d  abort                          
00002c5d  atoi                           
ffffffff  binit                          
00002a09  close                          
00000ea5  commandWrite                   
000031d3  copysign                       
000031d3  copysignl                      
200005d4  current_day_status             
200005d0  current_hour                   
200005cc  current_minute                 
200005c8  current_second                 
00000ec5  dataWrite                      
00000ef5  delay_micro                    
00000f19  delay_ms                       
200005f8  errno                          
00002ca9  exit                           
0000304d  finddevice                     
0000236d  fputc                          
00001cb5  fputs                          
000020b1  free                           
0000287d  frexp                          
0000287d  frexpl                         
000028e1  fseek                          
00002e05  getdevice                      
00000000  interruptVectors               
00001dc9  ldexp                          
00001dc9  ldexpl                         
000030d9  lseek                          
00002b6b  ltoa                           
00000b71  main                           
00002581  malloc                         
00003171  memccpy                        
00003151  memchr                         
0000223b  memcpy                         
0000250d  memset                         
00002f75  minit                          
200007c0  parmbuf                        
00002815  printf                         
00000e63  pushByte                       
00000e1d  pushNibble                     
0000236d  putc                           
000030ad  remove                         
00001dc9  scalbn                         
00001dc9  scalbnl                        
00001fd5  setvbuf                        
00002e49  sprintf                        
000031bd  strchr                         
000031a5  strcmp                         
000031e7  strcpy                         
000031fb  strlen                         
00002fad  strncpy                        
000030ad  unlink                         
00003221  wcslen                         
00003129  write                          


GLOBAL SYMBOLS: SORTED BY Symbol Address 

address   name                           
-------   ----                           
00000000  __TI_static_base__             
00000000  interruptVectors               
000000e5  __TI_printfi                   
00000200  __STACK_SIZE                   
00000400  __SYSMEM_SIZE                  
00000b43  _nop                           
00000b71  main                           
00000b91  LCD_CurrentTime                
00000d13  Initialize_Pins                
00000d79  Initialize_LCD                 
00000de9  PulseEnablePin                 
00000e1d  pushNibble                     
00000e63  pushByte                       
00000ea5  commandWrite                   
00000ec5  dataWrite                      
00000ef5  delay_micro                    
00000f19  delay_ms                       
00000f3f  Timer_32_Init                  
00000f61  T32_INT1_IRQHandler            
00000f61  T32_INT1_IRQHandler            
00000f85  SysTick_Init                   
00000ff5  SystemCoreClockUpdate          
0000126d  SystemInit                     
00001769  __aeabi_dsub                   
00001773  __aeabi_dadd                   
0000191f  __aeabi_idiv0                  
0000191f  __aeabi_ldiv0                  
00001a5d  __aeabi_ddiv                   
00001cb5  fputs                          
00001dc9  ldexp                          
00001dc9  ldexpl                         
00001dc9  scalbn                         
00001dc9  scalbnl                        
00001ed9  __aeabi_dmul                   
00001fd5  setvbuf                        
000020b1  free                           
0000223b  __aeabi_memcpy                 
0000223b  __aeabi_memcpy4                
0000223b  __aeabi_memcpy8                
0000223b  memcpy                         
000022d7  __aeabi_uldivmod               
0000236d  fputc                          
0000236d  putc                           
000023f9  __aeabi_cdcmpeq                
000023f9  __aeabi_cdcmple                
0000247f  __aeabi_cdrcmple               
00002505  __aeabi_memclr                 
00002505  __aeabi_memclr4                
00002505  __aeabi_memclr8                
00002507  __aeabi_memset                 
00002507  __aeabi_memset4                
00002507  __aeabi_memset8                
0000250d  memset                         
00002581  malloc                         
000025f9  __TI_closefile                 
000026dd  HOSTlseek                      
00002745  HOSTrename                     
000027ad  __TI_decompress_lzss           
00002815  printf                         
0000287d  frexp                          
0000287d  frexpl                         
000028e1  fseek                          
00002945  __TI_wrt_ok                    
000029a9  HOSTopen                       
00002a09  close                          
00002a65  HOSTread                       
00002abd  HOSTwrite                      
00002b6b  ltoa                           
00002c11  __TI_doflush                   
00002c5d  atoi                           
00002ca9  exit                           
00002cf1  __aeabi_d2iz                   
00002d39  HOSTclose                      
00002d7d  HOSTunlink                     
00002dc1  __TI_auto_init_nobinit_nopinit 
00002e05  getdevice                      
00002e49  sprintf                        
00002f05  __TI_writemsg                  
00002f33  C$$IO$$                        
00002f3d  _c_int00_noargs                
00002f75  minit                          
00002fad  strncpy                        
00002fe5  __TI_cleanup                   
00003019  __TI_readmsg                   
0000304d  finddevice                     
0000307d  __aeabi_i2d                    
000030ad  remove                         
000030ad  unlink                         
000030d9  lseek                          
00003129  write                          
00003151  memchr                         
00003171  memccpy                        
000031a5  strcmp                         
000031bd  strchr                         
000031d3  copysign                       
000031d3  copysignl                      
000031e7  strcpy                         
000031fb  strlen                         
0000320f  __TI_zero_init_nomemset        
00003221  wcslen                         
00003233  __TI_decompress_none           
00003241  Reset_Handler                  
0000324d  ADC14_IRQHandler               
0000324d  AES256_IRQHandler              
0000324d  BusFault_Handler               
0000324d  COMP_E0_IRQHandler             
0000324d  COMP_E1_IRQHandler             
0000324d  CS_IRQHandler                  
0000324d  DMA_ERR_IRQHandler             
0000324d  DMA_INT0_IRQHandler            
0000324d  DMA_INT1_IRQHandler            
0000324d  DMA_INT2_IRQHandler            
0000324d  DMA_INT3_IRQHandler            
0000324d  DebugMon_Handler               
0000324d  Default_Handler                
0000324d  EUSCIA0_IRQHandler             
0000324d  EUSCIA1_IRQHandler             
0000324d  EUSCIA2_IRQHandler             
0000324d  EUSCIA3_IRQHandler             
0000324d  EUSCIB0_IRQHandler             
0000324d  EUSCIB1_IRQHandler             
0000324d  EUSCIB2_IRQHandler             
0000324d  EUSCIB3_IRQHandler             
0000324d  FLCTL_IRQHandler               
0000324d  FPU_IRQHandler                 
0000324d  HardFault_Handler              
0000324d  MemManage_Handler              
0000324d  NMI_Handler                    
0000324d  PCM_IRQHandler                 
0000324d  PORT1_IRQHandler               
0000324d  PORT2_IRQHandler               
0000324d  PORT3_IRQHandler               
0000324d  PORT4_IRQHandler               
0000324d  PORT5_IRQHandler               
0000324d  PORT6_IRQHandler               
0000324d  PSS_IRQHandler                 
0000324d  PendSV_Handler                 
0000324d  RTC_C_IRQHandler               
0000324d  SVC_Handler                    
0000324d  SysTick_Handler                
0000324d  T32_INT2_IRQHandler            
0000324d  T32_INTC_IRQHandler            
0000324d  TA0_0_IRQHandler               
0000324d  TA0_N_IRQHandler               
0000324d  TA1_0_IRQHandler               
0000324d  TA1_N_IRQHandler               
0000324d  TA2_0_IRQHandler               
0000324d  TA2_N_IRQHandler               
0000324d  TA3_0_IRQHandler               
0000324d  TA3_N_IRQHandler               
0000324d  UsageFault_Handler             
0000324d  WDT_A_IRQHandler               
00003259  __aeabi_errno_addr             
00003269  _system_pre_init               
0000326d  C$$EXIT                        
0000326d  abort                          
00003270  _ctypes_                       
000033ec  __TI_Handler_Table_Base        
000033f8  __TI_Handler_Table_Limit       
00003400  __TI_CINIT_Base                
00003410  __TI_CINIT_Limit               
20000000  _sys_memory                    
20000400  _ftable                        
200004f0  _device                        
20000568  _stream                        
200005b8  __TI_ft_end                    
200005bc  __aeabi_stdin                  
200005c0  __aeabi_stdout                 
200005c4  __aeabi_stderr                 
200005c8  current_second                 
200005cc  current_minute                 
200005d0  current_hour                   
200005d4  current_day_status             
200005d8  __TI_cleanup_ptr               
200005dc  __TI_dtors_ptr                 
200005e0  __TI_enable_exit_profile_output
200005f0  _lock                          
200005f4  _unlock                        
200005f8  errno                          
200005fc  SystemCoreClock                
20000600  __CIOBUF_                      
20000720  __TI_tmpnams                   
200007c0  parmbuf                        
2000fe00  __stack                        
20010000  __STACK_END                    
4000480c  WDTCTL_SYM                     
ffffffff  __TI_pprof_out_hndl            
ffffffff  __TI_prof_data_size            
ffffffff  __TI_prof_data_start           
ffffffff  __binit__                      
ffffffff  __c_args__                     
ffffffff  binit                          
UNDEFED   __mpu_init                     
UNDEFED   _system_post_cinit             

[194 symbols]
