<?xml version="1.0" encoding="ISO-8859-1" ?>
<link_info>
   <banner>TI ARM Linker Unix v18.1.2.LTS</banner>
   <copyright>Copyright (c) 1996-2017 Texas Instruments Incorporated</copyright>
   <link_time>0x5bedc08d</link_time>
   <link_errors>0x0</link_errors>
   <output_file>Final_Project.out</output_file>
   <entry_point>
      <name>_c_int00_noargs</name>
      <address>0x2fb5</address>
   </entry_point>
   <input_file_list>
      <input_file id="fl-1">
         <path>./</path>
         <kind>object</kind>
         <file>main.obj</file>
         <name>main.obj</name>
      </input_file>
      <input_file id="fl-2">
         <path>./</path>
         <kind>object</kind>
         <file>startup_msp432p401r_ccs.obj</file>
         <name>startup_msp432p401r_ccs.obj</name>
      </input_file>
      <input_file id="fl-3">
         <path>./</path>
         <kind>object</kind>
         <file>system_msp432p401r.obj</file>
         <name>system_msp432p401r.obj</name>
      </input_file>
      <input_file id="fl-7">
         <kind>object</kind>
         <file>&lt;internal&gt;</file>
         <name>&lt;internal&gt;</name>
      </input_file>
      <input_file id="fl-bd">
         <path>/Applications/ti/ccsv8/tools/compiler/ti-cgt-arm_18.1.2.LTS/lib/</path>
         <kind>archive</kind>
         <file>rtsv7M4_T_le_v4SPD16_eabi.lib</file>
         <name>copy_zero_init.c.obj</name>
      </input_file>
      <input_file id="fl-be">
         <path>/Applications/ti/ccsv8/tools/compiler/ti-cgt-arm_18.1.2.LTS/lib/</path>
         <kind>archive</kind>
         <file>rtsv7M4_T_le_v4SPD16_eabi.lib</file>
         <name>copy_decompress_none.c.obj</name>
      </input_file>
      <input_file id="fl-bf">
         <path>/Applications/ti/ccsv8/tools/compiler/ti-cgt-arm_18.1.2.LTS/lib/</path>
         <kind>archive</kind>
         <file>rtsv7M4_T_le_v4SPD16_eabi.lib</file>
         <name>copy_decompress_lzss.c.obj</name>
      </input_file>
      <input_file id="fl-c0">
         <path>/Applications/ti/ccsv8/tools/compiler/ti-cgt-arm_18.1.2.LTS/lib/</path>
         <kind>archive</kind>
         <file>rtsv7M4_T_le_v4SPD16_eabi.lib</file>
         <name>boot_cortex_m.c.obj</name>
      </input_file>
      <input_file id="fl-c1">
         <path>/Applications/ti/ccsv8/tools/compiler/ti-cgt-arm_18.1.2.LTS/lib/</path>
         <kind>archive</kind>
         <file>rtsv7M4_T_le_v4SPD16_eabi.lib</file>
         <name>exit.c.obj</name>
      </input_file>
      <input_file id="fl-c2">
         <path>/Applications/ti/ccsv8/tools/compiler/ti-cgt-arm_18.1.2.LTS/lib/</path>
         <kind>archive</kind>
         <file>rtsv7M4_T_le_v4SPD16_eabi.lib</file>
         <name>_lock.c.obj</name>
      </input_file>
      <input_file id="fl-c3">
         <path>/Applications/ti/ccsv8/tools/compiler/ti-cgt-arm_18.1.2.LTS/lib/</path>
         <kind>archive</kind>
         <file>rtsv7M4_T_le_v4SPD16_eabi.lib</file>
         <name>args_main.c.obj</name>
      </input_file>
      <input_file id="fl-c4">
         <path>/Applications/ti/ccsv8/tools/compiler/ti-cgt-arm_18.1.2.LTS/lib/</path>
         <kind>archive</kind>
         <file>rtsv7M4_T_le_v4SPD16_eabi.lib</file>
         <name>printf.c.obj</name>
      </input_file>
      <input_file id="fl-c5">
         <path>/Applications/ti/ccsv8/tools/compiler/ti-cgt-arm_18.1.2.LTS/lib/</path>
         <kind>archive</kind>
         <file>rtsv7M4_T_le_v4SPD16_eabi.lib</file>
         <name>sprintf.c.obj</name>
      </input_file>
      <input_file id="fl-c6">
         <path>/Applications/ti/ccsv8/tools/compiler/ti-cgt-arm_18.1.2.LTS/lib/</path>
         <kind>archive</kind>
         <file>rtsv7M4_T_le_v4SPD16_eabi.lib</file>
         <name>memset_t2.asm.obj</name>
      </input_file>
      <input_file id="fl-c7">
         <path>/Applications/ti/ccsv8/tools/compiler/ti-cgt-arm_18.1.2.LTS/lib/</path>
         <kind>archive</kind>
         <file>rtsv7M4_T_le_v4SPD16_eabi.lib</file>
         <name>memcpy_t2.asm.obj</name>
      </input_file>
      <input_file id="fl-c8">
         <path>/Applications/ti/ccsv8/tools/compiler/ti-cgt-arm_18.1.2.LTS/lib/</path>
         <kind>archive</kind>
         <file>rtsv7M4_T_le_v4SPD16_eabi.lib</file>
         <name>autoinit.c.obj</name>
      </input_file>
      <input_file id="fl-c9">
         <path>/Applications/ti/ccsv8/tools/compiler/ti-cgt-arm_18.1.2.LTS/lib/</path>
         <kind>archive</kind>
         <file>rtsv7M4_T_le_v4SPD16_eabi.lib</file>
         <name>pre_init.c.obj</name>
      </input_file>
      <input_file id="fl-ca">
         <path>/Applications/ti/ccsv8/tools/compiler/ti-cgt-arm_18.1.2.LTS/lib/</path>
         <kind>archive</kind>
         <file>rtsv7M4_T_le_v4SPD16_eabi.lib</file>
         <name>cpy_tbl.c.obj</name>
      </input_file>
      <input_file id="fl-cb">
         <path>/Applications/ti/ccsv8/tools/compiler/ti-cgt-arm_18.1.2.LTS/lib/</path>
         <kind>archive</kind>
         <file>rtsv7M4_T_le_v4SPD16_eabi.lib</file>
         <name>_printfi.c.obj</name>
      </input_file>
      <input_file id="fl-cc">
         <path>/Applications/ti/ccsv8/tools/compiler/ti-cgt-arm_18.1.2.LTS/lib/</path>
         <kind>archive</kind>
         <file>rtsv7M4_T_le_v4SPD16_eabi.lib</file>
         <name>atoi.c.obj</name>
      </input_file>
      <input_file id="fl-cd">
         <path>/Applications/ti/ccsv8/tools/compiler/ti-cgt-arm_18.1.2.LTS/lib/</path>
         <kind>archive</kind>
         <file>rtsv7M4_T_le_v4SPD16_eabi.lib</file>
         <name>ctype.c.obj</name>
      </input_file>
      <input_file id="fl-ce">
         <path>/Applications/ti/ccsv8/tools/compiler/ti-cgt-arm_18.1.2.LTS/lib/</path>
         <kind>archive</kind>
         <file>rtsv7M4_T_le_v4SPD16_eabi.lib</file>
         <name>defs.c.obj</name>
      </input_file>
      <input_file id="fl-cf">
         <path>/Applications/ti/ccsv8/tools/compiler/ti-cgt-arm_18.1.2.LTS/lib/</path>
         <kind>archive</kind>
         <file>rtsv7M4_T_le_v4SPD16_eabi.lib</file>
         <name>fputc.c.obj</name>
      </input_file>
      <input_file id="fl-d0">
         <path>/Applications/ti/ccsv8/tools/compiler/ti-cgt-arm_18.1.2.LTS/lib/</path>
         <kind>archive</kind>
         <file>rtsv7M4_T_le_v4SPD16_eabi.lib</file>
         <name>fputs.c.obj</name>
      </input_file>
      <input_file id="fl-d1">
         <path>/Applications/ti/ccsv8/tools/compiler/ti-cgt-arm_18.1.2.LTS/lib/</path>
         <kind>archive</kind>
         <file>rtsv7M4_T_le_v4SPD16_eabi.lib</file>
         <name>ltoa.c.obj</name>
      </input_file>
      <input_file id="fl-d2">
         <path>/Applications/ti/ccsv8/tools/compiler/ti-cgt-arm_18.1.2.LTS/lib/</path>
         <kind>archive</kind>
         <file>rtsv7M4_T_le_v4SPD16_eabi.lib</file>
         <name>memccpy.c.obj</name>
      </input_file>
      <input_file id="fl-d3">
         <path>/Applications/ti/ccsv8/tools/compiler/ti-cgt-arm_18.1.2.LTS/lib/</path>
         <kind>archive</kind>
         <file>rtsv7M4_T_le_v4SPD16_eabi.lib</file>
         <name>memchr.c.obj</name>
      </input_file>
      <input_file id="fl-d4">
         <path>/Applications/ti/ccsv8/tools/compiler/ti-cgt-arm_18.1.2.LTS/lib/</path>
         <kind>archive</kind>
         <file>rtsv7M4_T_le_v4SPD16_eabi.lib</file>
         <name>strchr.c.obj</name>
      </input_file>
      <input_file id="fl-d5">
         <path>/Applications/ti/ccsv8/tools/compiler/ti-cgt-arm_18.1.2.LTS/lib/</path>
         <kind>archive</kind>
         <file>rtsv7M4_T_le_v4SPD16_eabi.lib</file>
         <name>strlen.c.obj</name>
      </input_file>
      <input_file id="fl-d6">
         <path>/Applications/ti/ccsv8/tools/compiler/ti-cgt-arm_18.1.2.LTS/lib/</path>
         <kind>archive</kind>
         <file>rtsv7M4_T_le_v4SPD16_eabi.lib</file>
         <name>write.c.obj</name>
      </input_file>
      <input_file id="fl-d7">
         <path>/Applications/ti/ccsv8/tools/compiler/ti-cgt-arm_18.1.2.LTS/lib/</path>
         <kind>archive</kind>
         <file>rtsv7M4_T_le_v4SPD16_eabi.lib</file>
         <name>s_frexp.c.obj</name>
      </input_file>
      <input_file id="fl-d8">
         <path>/Applications/ti/ccsv8/tools/compiler/ti-cgt-arm_18.1.2.LTS/lib/</path>
         <kind>archive</kind>
         <file>rtsv7M4_T_le_v4SPD16_eabi.lib</file>
         <name>s_scalbn.c.obj</name>
      </input_file>
      <input_file id="fl-d9">
         <path>/Applications/ti/ccsv8/tools/compiler/ti-cgt-arm_18.1.2.LTS/lib/</path>
         <kind>archive</kind>
         <file>rtsv7M4_T_le_v4SPD16_eabi.lib</file>
         <name>s_copysign.c.obj</name>
      </input_file>
      <input_file id="fl-da">
         <path>/Applications/ti/ccsv8/tools/compiler/ti-cgt-arm_18.1.2.LTS/lib/</path>
         <kind>archive</kind>
         <file>rtsv7M4_T_le_v4SPD16_eabi.lib</file>
         <name>wcslen.c.obj</name>
      </input_file>
      <input_file id="fl-db">
         <path>/Applications/ti/ccsv8/tools/compiler/ti-cgt-arm_18.1.2.LTS/lib/</path>
         <kind>archive</kind>
         <file>rtsv7M4_T_le_v4SPD16_eabi.lib</file>
         <name>fd_add_t2.asm.obj</name>
      </input_file>
      <input_file id="fl-dc">
         <path>/Applications/ti/ccsv8/tools/compiler/ti-cgt-arm_18.1.2.LTS/lib/</path>
         <kind>archive</kind>
         <file>rtsv7M4_T_le_v4SPD16_eabi.lib</file>
         <name>fd_cmp_t2.asm.obj</name>
      </input_file>
      <input_file id="fl-dd">
         <path>/Applications/ti/ccsv8/tools/compiler/ti-cgt-arm_18.1.2.LTS/lib/</path>
         <kind>archive</kind>
         <file>rtsv7M4_T_le_v4SPD16_eabi.lib</file>
         <name>fd_div_t2.asm.obj</name>
      </input_file>
      <input_file id="fl-de">
         <path>/Applications/ti/ccsv8/tools/compiler/ti-cgt-arm_18.1.2.LTS/lib/</path>
         <kind>archive</kind>
         <file>rtsv7M4_T_le_v4SPD16_eabi.lib</file>
         <name>fd_mul_t2.asm.obj</name>
      </input_file>
      <input_file id="fl-df">
         <path>/Applications/ti/ccsv8/tools/compiler/ti-cgt-arm_18.1.2.LTS/lib/</path>
         <kind>archive</kind>
         <file>rtsv7M4_T_le_v4SPD16_eabi.lib</file>
         <name>fd_toi_t2.asm.obj</name>
      </input_file>
      <input_file id="fl-e0">
         <path>/Applications/ti/ccsv8/tools/compiler/ti-cgt-arm_18.1.2.LTS/lib/</path>
         <kind>archive</kind>
         <file>rtsv7M4_T_le_v4SPD16_eabi.lib</file>
         <name>i_tofd_t2.asm.obj</name>
      </input_file>
      <input_file id="fl-e1">
         <path>/Applications/ti/ccsv8/tools/compiler/ti-cgt-arm_18.1.2.LTS/lib/</path>
         <kind>archive</kind>
         <file>rtsv7M4_T_le_v4SPD16_eabi.lib</file>
         <name>ull_div_t2.asm.obj</name>
      </input_file>
      <input_file id="fl-e2">
         <path>/Applications/ti/ccsv8/tools/compiler/ti-cgt-arm_18.1.2.LTS/lib/</path>
         <kind>archive</kind>
         <file>rtsv7M4_T_le_v4SPD16_eabi.lib</file>
         <name>errno.c.obj</name>
      </input_file>
      <input_file id="fl-e3">
         <path>/Applications/ti/ccsv8/tools/compiler/ti-cgt-arm_18.1.2.LTS/lib/</path>
         <kind>archive</kind>
         <file>rtsv7M4_T_le_v4SPD16_eabi.lib</file>
         <name>_io_perm.c.obj</name>
      </input_file>
      <input_file id="fl-e4">
         <path>/Applications/ti/ccsv8/tools/compiler/ti-cgt-arm_18.1.2.LTS/lib/</path>
         <kind>archive</kind>
         <file>rtsv7M4_T_le_v4SPD16_eabi.lib</file>
         <name>fflush.c.obj</name>
      </input_file>
      <input_file id="fl-e5">
         <path>/Applications/ti/ccsv8/tools/compiler/ti-cgt-arm_18.1.2.LTS/lib/</path>
         <kind>archive</kind>
         <file>rtsv7M4_T_le_v4SPD16_eabi.lib</file>
         <name>fseek.c.obj</name>
      </input_file>
      <input_file id="fl-e6">
         <path>/Applications/ti/ccsv8/tools/compiler/ti-cgt-arm_18.1.2.LTS/lib/</path>
         <kind>archive</kind>
         <file>rtsv7M4_T_le_v4SPD16_eabi.lib</file>
         <name>lseek.c.obj</name>
      </input_file>
      <input_file id="fl-e7">
         <path>/Applications/ti/ccsv8/tools/compiler/ti-cgt-arm_18.1.2.LTS/lib/</path>
         <kind>archive</kind>
         <file>rtsv7M4_T_le_v4SPD16_eabi.lib</file>
         <name>setvbuf.c.obj</name>
      </input_file>
      <input_file id="fl-e8">
         <path>/Applications/ti/ccsv8/tools/compiler/ti-cgt-arm_18.1.2.LTS/lib/</path>
         <kind>archive</kind>
         <file>rtsv7M4_T_le_v4SPD16_eabi.lib</file>
         <name>hostclose.c.obj</name>
      </input_file>
      <input_file id="fl-e9">
         <path>/Applications/ti/ccsv8/tools/compiler/ti-cgt-arm_18.1.2.LTS/lib/</path>
         <kind>archive</kind>
         <file>rtsv7M4_T_le_v4SPD16_eabi.lib</file>
         <name>hostlseek.c.obj</name>
      </input_file>
      <input_file id="fl-ea">
         <path>/Applications/ti/ccsv8/tools/compiler/ti-cgt-arm_18.1.2.LTS/lib/</path>
         <kind>archive</kind>
         <file>rtsv7M4_T_le_v4SPD16_eabi.lib</file>
         <name>hostopen.c.obj</name>
      </input_file>
      <input_file id="fl-eb">
         <path>/Applications/ti/ccsv8/tools/compiler/ti-cgt-arm_18.1.2.LTS/lib/</path>
         <kind>archive</kind>
         <file>rtsv7M4_T_le_v4SPD16_eabi.lib</file>
         <name>hostread.c.obj</name>
      </input_file>
      <input_file id="fl-ec">
         <path>/Applications/ti/ccsv8/tools/compiler/ti-cgt-arm_18.1.2.LTS/lib/</path>
         <kind>archive</kind>
         <file>rtsv7M4_T_le_v4SPD16_eabi.lib</file>
         <name>hostrename.c.obj</name>
      </input_file>
      <input_file id="fl-ed">
         <path>/Applications/ti/ccsv8/tools/compiler/ti-cgt-arm_18.1.2.LTS/lib/</path>
         <kind>archive</kind>
         <file>rtsv7M4_T_le_v4SPD16_eabi.lib</file>
         <name>hostunlink.c.obj</name>
      </input_file>
      <input_file id="fl-ee">
         <path>/Applications/ti/ccsv8/tools/compiler/ti-cgt-arm_18.1.2.LTS/lib/</path>
         <kind>archive</kind>
         <file>rtsv7M4_T_le_v4SPD16_eabi.lib</file>
         <name>hostwrite.c.obj</name>
      </input_file>
      <input_file id="fl-ef">
         <path>/Applications/ti/ccsv8/tools/compiler/ti-cgt-arm_18.1.2.LTS/lib/</path>
         <kind>archive</kind>
         <file>rtsv7M4_T_le_v4SPD16_eabi.lib</file>
         <name>trgmsg.c.obj</name>
      </input_file>
      <input_file id="fl-f0">
         <path>/Applications/ti/ccsv8/tools/compiler/ti-cgt-arm_18.1.2.LTS/lib/</path>
         <kind>archive</kind>
         <file>rtsv7M4_T_le_v4SPD16_eabi.lib</file>
         <name>div0.asm.obj</name>
      </input_file>
      <input_file id="fl-f1">
         <path>/Applications/ti/ccsv8/tools/compiler/ti-cgt-arm_18.1.2.LTS/lib/</path>
         <kind>archive</kind>
         <file>rtsv7M4_T_le_v4SPD16_eabi.lib</file>
         <name>memory.c.obj</name>
      </input_file>
      <input_file id="fl-f2">
         <path>/Applications/ti/ccsv8/tools/compiler/ti-cgt-arm_18.1.2.LTS/lib/</path>
         <kind>archive</kind>
         <file>rtsv7M4_T_le_v4SPD16_eabi.lib</file>
         <name>fopen.c.obj</name>
      </input_file>
      <input_file id="fl-f3">
         <path>/Applications/ti/ccsv8/tools/compiler/ti-cgt-arm_18.1.2.LTS/lib/</path>
         <kind>archive</kind>
         <file>rtsv7M4_T_le_v4SPD16_eabi.lib</file>
         <name>open.c.obj</name>
      </input_file>
      <input_file id="fl-f4">
         <path>/Applications/ti/ccsv8/tools/compiler/ti-cgt-arm_18.1.2.LTS/lib/</path>
         <kind>archive</kind>
         <file>rtsv7M4_T_le_v4SPD16_eabi.lib</file>
         <name>strcpy.c.obj</name>
      </input_file>
      <input_file id="fl-f5">
         <path>/Applications/ti/ccsv8/tools/compiler/ti-cgt-arm_18.1.2.LTS/lib/</path>
         <kind>archive</kind>
         <file>rtsv7M4_T_le_v4SPD16_eabi.lib</file>
         <name>fclose.c.obj</name>
      </input_file>
      <input_file id="fl-f6">
         <path>/Applications/ti/ccsv8/tools/compiler/ti-cgt-arm_18.1.2.LTS/lib/</path>
         <kind>archive</kind>
         <file>rtsv7M4_T_le_v4SPD16_eabi.lib</file>
         <name>getdevice.c.obj</name>
      </input_file>
      <input_file id="fl-f7">
         <path>/Applications/ti/ccsv8/tools/compiler/ti-cgt-arm_18.1.2.LTS/lib/</path>
         <kind>archive</kind>
         <file>rtsv7M4_T_le_v4SPD16_eabi.lib</file>
         <name>remove.c.obj</name>
      </input_file>
      <input_file id="fl-f8">
         <path>/Applications/ti/ccsv8/tools/compiler/ti-cgt-arm_18.1.2.LTS/lib/</path>
         <kind>archive</kind>
         <file>rtsv7M4_T_le_v4SPD16_eabi.lib</file>
         <name>strcmp.c.obj</name>
      </input_file>
      <input_file id="fl-f9">
         <path>/Applications/ti/ccsv8/tools/compiler/ti-cgt-arm_18.1.2.LTS/lib/</path>
         <kind>archive</kind>
         <file>rtsv7M4_T_le_v4SPD16_eabi.lib</file>
         <name>strncpy.c.obj</name>
      </input_file>
      <input_file id="fl-fa">
         <path>/Applications/ti/ccsv8/tools/compiler/ti-cgt-arm_18.1.2.LTS/lib/</path>
         <kind>archive</kind>
         <file>rtsv7M4_T_le_v4SPD16_eabi.lib</file>
         <name>unlink.c.obj</name>
      </input_file>
      <input_file id="fl-fb">
         <path>/Applications/ti/ccsv8/tools/compiler/ti-cgt-arm_18.1.2.LTS/lib/</path>
         <kind>archive</kind>
         <file>rtsv7M4_T_le_v4SPD16_eabi.lib</file>
         <name>close.c.obj</name>
      </input_file>
   </input_file_list>
   <object_component_list>
      <object_component id="oc-23">
         <name>.intvecs:retain</name>
         <load_address>0x0</load_address>
         <run_address>0x0</run_address>
         <size>0xe4</size>
         <input_file_ref idref="fl-2"/>
      </object_component>
      <object_component id="oc-130">
         <name>.text:__TI_printfi</name>
         <load_address>0xe4</load_address>
         <run_address>0xe4</run_address>
         <size>0xa5e</size>
         <input_file_ref idref="fl-cb"/>
      </object_component>
      <object_component id="oc-1d7">
         <name>.text:_nop</name>
         <load_address>0xb42</load_address>
         <run_address>0xb42</run_address>
         <size>0x2</size>
         <input_file_ref idref="fl-c2"/>
      </object_component>
      <object_component id="oc-6d">
         <name>.text</name>
         <load_address>0xb44</load_address>
         <run_address>0xb44</run_address>
         <size>0x528</size>
         <input_file_ref idref="fl-1"/>
      </object_component>
      <object_component id="oc-a9">
         <name>.text</name>
         <load_address>0x106c</load_address>
         <run_address>0x106c</run_address>
         <size>0x334</size>
         <input_file_ref idref="fl-3"/>
      </object_component>
      <object_component id="oc-1b3">
         <name>.text:_pconv_a</name>
         <load_address>0x13a0</load_address>
         <run_address>0x13a0</run_address>
         <size>0x270</size>
         <input_file_ref idref="fl-cb"/>
      </object_component>
      <object_component id="oc-1a1">
         <name>.text:_pconv_g</name>
         <load_address>0x1610</load_address>
         <run_address>0x1610</run_address>
         <size>0x1d0</size>
         <input_file_ref idref="fl-cb"/>
      </object_component>
      <object_component id="oc-242">
         <name>.text</name>
         <load_address>0x17e0</load_address>
         <run_address>0x17e0</run_address>
         <size>0x1b6</size>
         <input_file_ref idref="fl-db"/>
      </object_component>
      <object_component id="oc-2c8">
         <name>.text</name>
         <load_address>0x1996</load_address>
         <run_address>0x1996</run_address>
         <size>0x2</size>
         <input_file_ref idref="fl-f0"/>
      </object_component>
      <object_component id="oc-1ad">
         <name>.text:_pconv_e</name>
         <load_address>0x1998</load_address>
         <run_address>0x1998</run_address>
         <size>0x13c</size>
         <input_file_ref idref="fl-cb"/>
      </object_component>
      <object_component id="oc-228">
         <name>.text</name>
         <load_address>0x1ad4</load_address>
         <run_address>0x1ad4</run_address>
         <size>0x136</size>
         <input_file_ref idref="fl-dd"/>
      </object_component>
      <object_component id="oc-254">
         <name>.text:fcvt</name>
         <load_address>0x1c0c</load_address>
         <run_address>0x1c0c</run_address>
         <size>0x120</size>
         <input_file_ref idref="fl-cb"/>
      </object_component>
      <object_component id="oc-1e5">
         <name>.text:fputs</name>
         <load_address>0x1d2c</load_address>
         <run_address>0x1d2c</run_address>
         <size>0x114</size>
         <input_file_ref idref="fl-d0"/>
      </object_component>
      <object_component id="oc-268">
         <name>.text:scalbn</name>
         <load_address>0x1e40</load_address>
         <run_address>0x1e40</run_address>
         <size>0x110</size>
         <input_file_ref idref="fl-d8"/>
      </object_component>
      <object_component id="oc-223">
         <name>.text</name>
         <load_address>0x1f50</load_address>
         <run_address>0x1f50</run_address>
         <size>0xfc</size>
         <input_file_ref idref="fl-de"/>
      </object_component>
      <object_component id="oc-303">
         <name>.text:setvbuf</name>
         <load_address>0x204c</load_address>
         <run_address>0x204c</run_address>
         <size>0xdc</size>
         <input_file_ref idref="fl-e7"/>
      </object_component>
      <object_component id="oc-331">
         <name>.text:free</name>
         <load_address>0x2128</load_address>
         <run_address>0x2128</run_address>
         <size>0xd8</size>
         <input_file_ref idref="fl-f1"/>
      </object_component>
      <object_component id="oc-196">
         <name>.text:_ltostr</name>
         <load_address>0x2200</load_address>
         <run_address>0x2200</run_address>
         <size>0xb1</size>
         <input_file_ref idref="fl-cb"/>
      </object_component>
      <object_component id="oc-37">
         <name>.text</name>
         <load_address>0x22b2</load_address>
         <run_address>0x22b2</run_address>
         <size>0x9c</size>
         <input_file_ref idref="fl-c7"/>
      </object_component>
      <object_component id="oc-21c">
         <name>.text</name>
         <load_address>0x234e</load_address>
         <run_address>0x234e</run_address>
         <size>0x96</size>
         <input_file_ref idref="fl-e1"/>
      </object_component>
      <object_component id="oc-1ec">
         <name>.text:fputc</name>
         <load_address>0x23e4</load_address>
         <run_address>0x23e4</run_address>
         <size>0x8c</size>
         <input_file_ref idref="fl-cf"/>
      </object_component>
      <object_component id="oc-19c">
         <name>.text:__aeabi_cdcmple</name>
         <load_address>0x2470</load_address>
         <run_address>0x2470</run_address>
         <size>0x86</size>
         <input_file_ref idref="fl-dc"/>
      </object_component>
      <object_component id="oc-22d">
         <name>.text:__aeabi_cdrcmple</name>
         <load_address>0x24f6</load_address>
         <run_address>0x24f6</run_address>
         <size>0x86</size>
         <input_file_ref idref="fl-dc"/>
      </object_component>
      <object_component id="oc-91">
         <name>.text</name>
         <load_address>0x257c</load_address>
         <run_address>0x257c</run_address>
         <size>0x7a</size>
         <input_file_ref idref="fl-c6"/>
      </object_component>
      <object_component id="oc-337">
         <name>.text:malloc</name>
         <load_address>0x25f8</load_address>
         <run_address>0x25f8</run_address>
         <size>0x78</size>
         <input_file_ref idref="fl-f1"/>
      </object_component>
      <object_component id="oc-37c">
         <name>.text:__TI_closefile</name>
         <load_address>0x2670</load_address>
         <run_address>0x2670</run_address>
         <size>0x74</size>
         <input_file_ref idref="fl-f5"/>
      </object_component>
      <object_component id="oc-24d">
         <name>.text:_mcpy</name>
         <load_address>0x26e4</load_address>
         <run_address>0x26e4</run_address>
         <size>0x6e</size>
         <input_file_ref idref="fl-cb"/>
      </object_component>
      <object_component id="oc-3a0">
         <name>.text:HOSTlseek</name>
         <load_address>0x2754</load_address>
         <run_address>0x2754</run_address>
         <size>0x68</size>
         <input_file_ref idref="fl-e9"/>
      </object_component>
      <object_component id="oc-3ac">
         <name>.text:HOSTrename</name>
         <load_address>0x27bc</load_address>
         <run_address>0x27bc</run_address>
         <size>0x68</size>
         <input_file_ref idref="fl-ec"/>
      </object_component>
      <object_component id="oc-14">
         <name>.text:decompress:lzss:__TI_decompress_lzss</name>
         <load_address>0x2824</load_address>
         <run_address>0x2824</run_address>
         <size>0x68</size>
         <input_file_ref idref="fl-bf"/>
      </object_component>
      <object_component id="oc-b0">
         <name>.text:printf</name>
         <load_address>0x288c</load_address>
         <run_address>0x288c</run_address>
         <size>0x68</size>
         <input_file_ref idref="fl-c4"/>
      </object_component>
      <object_component id="oc-262">
         <name>.text:frexp</name>
         <load_address>0x28f4</load_address>
         <run_address>0x28f4</run_address>
         <size>0x64</size>
         <input_file_ref idref="fl-d7"/>
      </object_component>
      <object_component id="oc-2fd">
         <name>.text:fseek</name>
         <load_address>0x2958</load_address>
         <run_address>0x2958</run_address>
         <size>0x64</size>
         <input_file_ref idref="fl-e5"/>
      </object_component>
      <object_component id="oc-299">
         <name>.text:__TI_wrt_ok</name>
         <load_address>0x29bc</load_address>
         <run_address>0x29bc</run_address>
         <size>0x62</size>
         <input_file_ref idref="fl-e3"/>
      </object_component>
      <object_component id="oc-388">
         <name>.text:HOSTopen</name>
         <load_address>0x2a20</load_address>
         <run_address>0x2a20</run_address>
         <size>0x60</size>
         <input_file_ref idref="fl-ea"/>
      </object_component>
      <object_component id="oc-3bb">
         <name>.text:close</name>
         <load_address>0x2a80</load_address>
         <run_address>0x2a80</run_address>
         <size>0x5c</size>
         <input_file_ref idref="fl-fb"/>
      </object_component>
      <object_component id="oc-394">
         <name>.text:HOSTread</name>
         <load_address>0x2adc</load_address>
         <run_address>0x2adc</run_address>
         <size>0x58</size>
         <input_file_ref idref="fl-eb"/>
      </object_component>
      <object_component id="oc-39a">
         <name>.text:HOSTwrite</name>
         <load_address>0x2b34</load_address>
         <run_address>0x2b34</run_address>
         <size>0x58</size>
         <input_file_ref idref="fl-ee"/>
      </object_component>
      <object_component id="oc-1a7">
         <name>.text:_pconv_f</name>
         <load_address>0x2b8c</load_address>
         <run_address>0x2b8c</run_address>
         <size>0x56</size>
         <input_file_ref idref="fl-cb"/>
      </object_component>
      <object_component id="oc-237">
         <name>.text:ltoa</name>
         <load_address>0x2be2</load_address>
         <run_address>0x2be2</run_address>
         <size>0x54</size>
         <input_file_ref idref="fl-d1"/>
      </object_component>
      <object_component id="oc-247">
         <name>.text:_ecpy</name>
         <load_address>0x2c36</load_address>
         <run_address>0x2c36</run_address>
         <size>0x52</size>
         <input_file_ref idref="fl-cb"/>
      </object_component>
      <object_component id="oc-2a5">
         <name>.text:__TI_doflush</name>
         <load_address>0x2c88</load_address>
         <run_address>0x2c88</run_address>
         <size>0x4c</size>
         <input_file_ref idref="fl-e4"/>
      </object_component>
      <object_component id="oc-190">
         <name>.text:atoi</name>
         <load_address>0x2cd4</load_address>
         <run_address>0x2cd4</run_address>
         <size>0x4c</size>
         <input_file_ref idref="fl-cc"/>
      </object_component>
      <object_component id="oc-f4">
         <name>.text:exit</name>
         <load_address>0x2d20</load_address>
         <run_address>0x2d20</run_address>
         <size>0x48</size>
         <input_file_ref idref="fl-c1"/>
      </object_component>
      <object_component id="oc-232">
         <name>.text</name>
         <load_address>0x2d68</load_address>
         <run_address>0x2d68</run_address>
         <size>0x48</size>
         <input_file_ref idref="fl-df"/>
      </object_component>
      <object_component id="oc-38e">
         <name>.text:HOSTclose</name>
         <load_address>0x2db0</load_address>
         <run_address>0x2db0</run_address>
         <size>0x44</size>
         <input_file_ref idref="fl-e8"/>
      </object_component>
      <object_component id="oc-3a6">
         <name>.text:HOSTunlink</name>
         <load_address>0x2df4</load_address>
         <run_address>0x2df4</run_address>
         <size>0x44</size>
         <input_file_ref idref="fl-ed"/>
      </object_component>
      <object_component id="oc-fa">
         <name>.text:__TI_auto_init_nobinit_nopinit:__TI_auto_init_nobinit_nopinit</name>
         <load_address>0x2e38</load_address>
         <run_address>0x2e38</run_address>
         <size>0x44</size>
         <input_file_ref idref="fl-c8"/>
      </object_component>
      <object_component id="oc-3f0">
         <name>.text:getdevice</name>
         <load_address>0x2e7c</load_address>
         <run_address>0x2e7c</run_address>
         <size>0x44</size>
         <input_file_ref idref="fl-f6"/>
      </object_component>
      <object_component id="oc-b6">
         <name>.text:sprintf</name>
         <load_address>0x2ec0</load_address>
         <run_address>0x2ec0</run_address>
         <size>0x40</size>
         <input_file_ref idref="fl-c5"/>
      </object_component>
      <object_component id="oc-25a">
         <name>.text:_fcpy</name>
         <load_address>0x2f00</load_address>
         <run_address>0x2f00</run_address>
         <size>0x3e</size>
         <input_file_ref idref="fl-cb"/>
      </object_component>
      <object_component id="oc-371">
         <name>.text:minsert</name>
         <load_address>0x2f40</load_address>
         <run_address>0x2f40</run_address>
         <size>0x3c</size>
         <input_file_ref idref="fl-f1"/>
      </object_component>
      <object_component id="oc-3cc">
         <name>.text:__TI_writemsg</name>
         <load_address>0x2f7c</load_address>
         <run_address>0x2f7c</run_address>
         <size>0x38</size>
         <input_file_ref idref="fl-ef"/>
      </object_component>
      <object_component id="oc-55">
         <name>.text:_c_int00_noargs:_c_int00_noargs</name>
         <load_address>0x2fb4</load_address>
         <run_address>0x2fb4</run_address>
         <size>0x38</size>
         <input_file_ref idref="fl-c0"/>
      </object_component>
      <object_component id="oc-365">
         <name>.text:minit</name>
         <load_address>0x2fec</load_address>
         <run_address>0x2fec</run_address>
         <size>0x38</size>
         <input_file_ref idref="fl-f1"/>
      </object_component>
      <object_component id="oc-412">
         <name>.text:strncpy</name>
         <load_address>0x3024</load_address>
         <run_address>0x3024</run_address>
         <size>0x36</size>
         <input_file_ref idref="fl-f9"/>
      </object_component>
      <object_component id="oc-33d">
         <name>.text:__TI_cleanup</name>
         <load_address>0x305c</load_address>
         <run_address>0x305c</run_address>
         <size>0x34</size>
         <input_file_ref idref="fl-f2"/>
      </object_component>
      <object_component id="oc-3d2">
         <name>.text:__TI_readmsg</name>
         <load_address>0x3090</load_address>
         <run_address>0x3090</run_address>
         <size>0x34</size>
         <input_file_ref idref="fl-ef"/>
      </object_component>
      <object_component id="oc-418">
         <name>.text:finddevice</name>
         <load_address>0x30c4</load_address>
         <run_address>0x30c4</run_address>
         <size>0x30</size>
         <input_file_ref idref="fl-f6"/>
      </object_component>
      <object_component id="oc-23d">
         <name>.text</name>
         <load_address>0x30f4</load_address>
         <run_address>0x30f4</run_address>
         <size>0x2e</size>
         <input_file_ref idref="fl-e0"/>
      </object_component>
      <object_component id="oc-3c1">
         <name>.text:unlink</name>
         <load_address>0x3124</load_address>
         <run_address>0x3124</run_address>
         <size>0x2c</size>
         <input_file_ref idref="fl-fa"/>
      </object_component>
      <object_component id="oc-329">
         <name>.text:lseek</name>
         <load_address>0x3150</load_address>
         <run_address>0x3150</run_address>
         <size>0x28</size>
         <input_file_ref idref="fl-e6"/>
      </object_component>
      <object_component id="oc-36b">
         <name>.text:mremove</name>
         <load_address>0x3178</load_address>
         <run_address>0x3178</run_address>
         <size>0x28</size>
         <input_file_ref idref="fl-f1"/>
      </object_component>
      <object_component id="oc-2ab">
         <name>.text:write</name>
         <load_address>0x31a0</load_address>
         <run_address>0x31a0</run_address>
         <size>0x28</size>
         <input_file_ref idref="fl-d6"/>
      </object_component>
      <object_component id="oc-29f">
         <name>.text:memchr</name>
         <load_address>0x31c8</load_address>
         <run_address>0x31c8</run_address>
         <size>0x20</size>
         <input_file_ref idref="fl-d3"/>
      </object_component>
      <object_component id="oc-1b9">
         <name>.text:memccpy</name>
         <load_address>0x31e8</load_address>
         <run_address>0x31e8</run_address>
         <size>0x1c</size>
         <input_file_ref idref="fl-d2"/>
      </object_component>
      <object_component id="oc-14f">
         <name>.text:_outs</name>
         <load_address>0x3204</load_address>
         <run_address>0x3204</run_address>
         <size>0x18</size>
         <input_file_ref idref="fl-c5"/>
      </object_component>
      <object_component id="oc-42f">
         <name>.text:strcmp</name>
         <load_address>0x321c</load_address>
         <run_address>0x321c</run_address>
         <size>0x18</size>
         <input_file_ref idref="fl-f8"/>
      </object_component>
      <object_component id="oc-26e">
         <name>.text:strchr</name>
         <load_address>0x3234</load_address>
         <run_address>0x3234</run_address>
         <size>0x16</size>
         <input_file_ref idref="fl-d4"/>
      </object_component>
      <object_component id="oc-2e1">
         <name>.text:copysign</name>
         <load_address>0x324a</load_address>
         <run_address>0x324a</run_address>
         <size>0x14</size>
         <input_file_ref idref="fl-d9"/>
      </object_component>
      <object_component id="oc-3e6">
         <name>.text:strcpy</name>
         <load_address>0x325e</load_address>
         <run_address>0x325e</run_address>
         <size>0x14</size>
         <input_file_ref idref="fl-f4"/>
      </object_component>
      <object_component id="oc-18a">
         <name>.text:strlen</name>
         <load_address>0x3272</load_address>
         <run_address>0x3272</run_address>
         <size>0x14</size>
         <input_file_ref idref="fl-d5"/>
      </object_component>
      <object_component id="oc-43">
         <name>.text:decompress:ZI:__TI_zero_init_nomemset:__TI_zero_init_nomemset</name>
         <load_address>0x3286</load_address>
         <run_address>0x3286</run_address>
         <size>0x12</size>
         <input_file_ref idref="fl-bd"/>
      </object_component>
      <object_component id="oc-1bf">
         <name>.text:wcslen</name>
         <load_address>0x3298</load_address>
         <run_address>0x3298</run_address>
         <size>0x12</size>
         <input_file_ref idref="fl-da"/>
      </object_component>
      <object_component id="oc-1a">
         <name>.text:decompress:none:__TI_decompress_none</name>
         <load_address>0x32aa</load_address>
         <run_address>0x32aa</run_address>
         <size>0xe</size>
         <input_file_ref idref="fl-be"/>
      </object_component>
      <object_component id="oc-67">
         <name>.text</name>
         <load_address>0x32b8</load_address>
         <run_address>0x32b8</run_address>
         <size>0xe</size>
         <input_file_ref idref="fl-2"/>
      </object_component>
      <object_component id="oc-155">
         <name>.text:_outc</name>
         <load_address>0x32c6</load_address>
         <run_address>0x32c6</run_address>
         <size>0xa</size>
         <input_file_ref idref="fl-c5"/>
      </object_component>
      <object_component id="oc-1c5">
         <name>.text:__aeabi_errno_addr</name>
         <load_address>0x32d0</load_address>
         <run_address>0x32d0</run_address>
         <size>0x8</size>
         <input_file_ref idref="fl-e2"/>
      </object_component>
      <object_component id="oc-142">
         <name>.text:_outc</name>
         <load_address>0x32d8</load_address>
         <run_address>0x32d8</run_address>
         <size>0x4</size>
         <input_file_ref idref="fl-c4"/>
      </object_component>
      <object_component id="oc-13c">
         <name>.text:_outs</name>
         <load_address>0x32dc</load_address>
         <run_address>0x32dc</run_address>
         <size>0x4</size>
         <input_file_ref idref="fl-c4"/>
      </object_component>
      <object_component id="oc-97">
         <name>.text:_system_pre_init</name>
         <load_address>0x32e0</load_address>
         <run_address>0x32e0</run_address>
         <size>0x4</size>
         <input_file_ref idref="fl-c9"/>
      </object_component>
      <object_component id="oc-ee">
         <name>.text:abort:abort</name>
         <load_address>0x32e4</load_address>
         <run_address>0x32e4</run_address>
         <size>0x4</size>
         <input_file_ref idref="fl-c1"/>
      </object_component>
      <object_component id="oc-217">
         <name>.const:.string:_ctypes_</name>
         <load_address>0x32e8</load_address>
         <run_address>0x32e8</run_address>
         <size>0x101</size>
         <input_file_ref idref="fl-cd"/>
      </object_component>
      <object_component id="oc-46d">
         <name>.cinit..data.load</name>
         <load_address>0x33f0</load_address>
         <run_address>0x33f0</run_address>
         <size>0x75</size>
      </object_component>
      <object_component id="oc-46b">
         <name>__TI_handler_table</name>
         <load_address>0x3468</load_address>
         <run_address>0x3468</run_address>
         <size>0xc</size>
      </object_component>
      <object_component id="oc-46e">
         <name>.cinit..bss.load</name>
         <load_address>0x3478</load_address>
         <run_address>0x3478</run_address>
         <size>0x8</size>
      </object_component>
      <object_component id="oc-46c">
         <name>__TI_cinit_table</name>
         <load_address>0x3480</load_address>
         <run_address>0x3480</run_address>
         <size>0x10</size>
      </object_component>
      <object_component id="oc-440">
         <name>.binit</name>
         <load_address>0x0</load_address>
         <run_address>0x0</run_address>
         <size>0x0</size>
      </object_component>
      <object_component id="oc-bc">
         <name>.data</name>
         <load_address>0x200005c8</load_address>
         <run_address>0x200005c8</run_address>
         <size>0xd</size>
         <input_file_ref idref="fl-1"/>
      </object_component>
      <object_component id="oc-12c">
         <name>.data</name>
         <load_address>0x200005fc</load_address>
         <run_address>0x200005fc</run_address>
         <size>0x4</size>
         <input_file_ref idref="fl-3"/>
      </object_component>
      <object_component id="oc-16c">
         <name>.data:$O1$$</name>
         <load_address>0x200005d8</load_address>
         <run_address>0x200005d8</run_address>
         <size>0xc</size>
         <input_file_ref idref="fl-c1"/>
      </object_component>
      <object_component id="oc-136">
         <name>.data:$O1$$</name>
         <load_address>0x200005f0</load_address>
         <run_address>0x200005f0</run_address>
         <size>0x8</size>
         <input_file_ref idref="fl-c2"/>
      </object_component>
      <object_component id="oc-139">
         <name>.data:_ftable</name>
         <load_address>0x20000400</load_address>
         <run_address>0x20000400</run_address>
         <size>0xf0</size>
         <input_file_ref idref="fl-ce"/>
      </object_component>
      <object_component id="oc-382">
         <name>.data</name>
         <load_address>0x200005b8</load_address>
         <run_address>0x200005b8</run_address>
         <size>0x10</size>
         <input_file_ref idref="fl-ce"/>
      </object_component>
      <object_component id="oc-350">
         <name>.data:_device</name>
         <load_address>0x200004f0</load_address>
         <run_address>0x200004f0</run_address>
         <size>0x78</size>
         <input_file_ref idref="fl-d6"/>
      </object_component>
      <object_component id="oc-30f">
         <name>.data:_stream</name>
         <load_address>0x20000568</load_address>
         <run_address>0x20000568</run_address>
         <size>0x50</size>
         <input_file_ref idref="fl-d6"/>
      </object_component>
      <object_component id="oc-27e">
         <name>.data</name>
         <load_address>0x200005f8</load_address>
         <run_address>0x200005f8</run_address>
         <size>0x4</size>
         <input_file_ref idref="fl-e2"/>
      </object_component>
      <object_component id="oc-377">
         <name>.data:$O1$$</name>
         <load_address>0x200005e4</load_address>
         <run_address>0x200005e4</run_address>
         <size>0xc</size>
         <input_file_ref idref="fl-f1"/>
      </object_component>
      <object_component id="oc-3fa">
         <name>.bss:_CIOBUF_</name>
         <uninitialized>true</uninitialized>
         <run_address>0x20000600</run_address>
         <size>0x120</size>
         <input_file_ref idref="fl-ef"/>
      </object_component>
      <object_component id="oc-3c7">
         <name>.common:__TI_tmpnams</name>
         <uninitialized>true</uninitialized>
         <run_address>0x20000720</run_address>
         <size>0xa0</size>
      </object_component>
      <object_component id="oc-3d8">
         <name>.common:parmbuf</name>
         <uninitialized>true</uninitialized>
         <run_address>0x200007c0</run_address>
         <size>0x8</size>
      </object_component>
      <object_component id="oc-29">
         <name>.sysmem</name>
         <uninitialized>true</uninitialized>
         <run_address>0x20000000</run_address>
         <size>0x8</size>
         <input_file_ref idref="fl-f1"/>
      </object_component>
      <object_component id="oc-470">
         <name>.sysmem</name>
         <uninitialized>true</uninitialized>
         <run_address>0x20000000</run_address>
         <size>0x0</size>
      </object_component>
      <object_component id="oc-26">
         <name>.stack</name>
         <uninitialized>true</uninitialized>
         <run_address>0x2000fe00</run_address>
         <size>0x4</size>
         <input_file_ref idref="fl-c0"/>
      </object_component>
      <object_component id="oc-46f">
         <name>.stack</name>
         <uninitialized>true</uninitialized>
         <run_address>0x2000fe00</run_address>
         <size>0x0</size>
      </object_component>
      <object_component id="oc-c0">
         <name>.debug_info</name>
         <load_address>0x0</load_address>
         <run_address>0x0</run_address>
         <size>0x5c5</size>
         <input_file_ref idref="fl-1"/>
      </object_component>
      <object_component id="oc-bd">
         <name>.debug_info</name>
         <load_address>0x5c5</load_address>
         <run_address>0x5c5</run_address>
         <size>0x171</size>
         <input_file_ref idref="fl-1"/>
      </object_component>
      <object_component id="oc-6e">
         <name>.debug_info</name>
         <load_address>0x736</load_address>
         <run_address>0x736</run_address>
         <size>0xc00</size>
         <input_file_ref idref="fl-1"/>
      </object_component>
      <object_component id="oc-161">
         <name>.debug_info</name>
         <load_address>0x1336</load_address>
         <run_address>0x1336</run_address>
         <size>0x1055</size>
         <input_file_ref idref="fl-1"/>
      </object_component>
      <object_component id="oc-c6">
         <name>.debug_info</name>
         <load_address>0x238b</load_address>
         <run_address>0x238b</run_address>
         <size>0x37e2</size>
         <input_file_ref idref="fl-1"/>
      </object_component>
      <object_component id="oc-cd">
         <name>.debug_info</name>
         <load_address>0x5b6d</load_address>
         <run_address>0x5b6d</run_address>
         <size>0x26b</size>
         <input_file_ref idref="fl-1"/>
      </object_component>
      <object_component id="oc-32">
         <name>.debug_info</name>
         <load_address>0x5dd8</load_address>
         <run_address>0x5dd8</run_address>
         <size>0x84</size>
         <input_file_ref idref="fl-1"/>
      </object_component>
      <object_component id="oc-166">
         <name>.debug_info</name>
         <load_address>0x5e5c</load_address>
         <run_address>0x5e5c</run_address>
         <size>0x297</size>
         <input_file_ref idref="fl-1"/>
      </object_component>
      <object_component id="oc-c1">
         <name>.debug_info</name>
         <load_address>0x60f3</load_address>
         <run_address>0x60f3</run_address>
         <size>0xbb</size>
         <input_file_ref idref="fl-1"/>
      </object_component>
      <object_component id="oc-14a">
         <name>.debug_info</name>
         <load_address>0x61ae</load_address>
         <run_address>0x61ae</run_address>
         <size>0x2c</size>
         <input_file_ref idref="fl-1"/>
      </object_component>
      <object_component id="oc-75">
         <name>.debug_info</name>
         <load_address>0x61da</load_address>
         <run_address>0x61da</run_address>
         <size>0x2d1</size>
         <input_file_ref idref="fl-2"/>
      </object_component>
      <object_component id="oc-24">
         <name>.debug_info</name>
         <load_address>0x64ab</load_address>
         <run_address>0x64ab</run_address>
         <size>0xfd</size>
         <input_file_ref idref="fl-2"/>
      </object_component>
      <object_component id="oc-68">
         <name>.debug_info</name>
         <load_address>0x65a8</load_address>
         <run_address>0x65a8</run_address>
         <size>0x1c4</size>
         <input_file_ref idref="fl-2"/>
      </object_component>
      <object_component id="oc-12d">
         <name>.debug_info</name>
         <load_address>0x676c</load_address>
         <run_address>0x676c</run_address>
         <size>0xf6</size>
         <input_file_ref idref="fl-3"/>
      </object_component>
      <object_component id="oc-aa">
         <name>.debug_info</name>
         <load_address>0x6862</load_address>
         <run_address>0x6862</run_address>
         <size>0x268</size>
         <input_file_ref idref="fl-3"/>
      </object_component>
      <object_component id="oc-90">
         <name>.debug_info</name>
         <load_address>0x6aca</load_address>
         <run_address>0x6aca</run_address>
         <size>0x313</size>
         <input_file_ref idref="fl-bd"/>
      </object_component>
      <object_component id="oc-44">
         <name>.debug_info</name>
         <load_address>0x6ddd</load_address>
         <run_address>0x6ddd</run_address>
         <size>0x1b4</size>
         <input_file_ref idref="fl-bd"/>
      </object_component>
      <object_component id="oc-8b">
         <name>.debug_info</name>
         <load_address>0x6f91</load_address>
         <run_address>0x6f91</run_address>
         <size>0x46</size>
         <input_file_ref idref="fl-bd"/>
      </object_component>
      <object_component id="oc-e5">
         <name>.debug_info</name>
         <load_address>0x6fd7</load_address>
         <run_address>0x6fd7</run_address>
         <size>0x2c</size>
         <input_file_ref idref="fl-bd"/>
      </object_component>
      <object_component id="oc-42">
         <name>.debug_info</name>
         <load_address>0x7003</load_address>
         <run_address>0x7003</run_address>
         <size>0x29d</size>
         <input_file_ref idref="fl-be"/>
      </object_component>
      <object_component id="oc-1b">
         <name>.debug_info</name>
         <load_address>0x72a0</load_address>
         <run_address>0x72a0</run_address>
         <size>0x1df</size>
         <input_file_ref idref="fl-be"/>
      </object_component>
      <object_component id="oc-3d">
         <name>.debug_info</name>
         <load_address>0x747f</load_address>
         <run_address>0x747f</run_address>
         <size>0x46</size>
         <input_file_ref idref="fl-be"/>
      </object_component>
      <object_component id="oc-83">
         <name>.debug_info</name>
         <load_address>0x74c5</load_address>
         <run_address>0x74c5</run_address>
         <size>0x2c</size>
         <input_file_ref idref="fl-be"/>
      </object_component>
      <object_component id="oc-81">
         <name>.debug_info</name>
         <load_address>0x74f1</load_address>
         <run_address>0x74f1</run_address>
         <size>0x293</size>
         <input_file_ref idref="fl-bf"/>
      </object_component>
      <object_component id="oc-15">
         <name>.debug_info</name>
         <load_address>0x7784</load_address>
         <run_address>0x7784</run_address>
         <size>0x245</size>
         <input_file_ref idref="fl-bf"/>
      </object_component>
      <object_component id="oc-2d">
         <name>.debug_info</name>
         <load_address>0x79c9</load_address>
         <run_address>0x79c9</run_address>
         <size>0x60</size>
         <input_file_ref idref="fl-bf"/>
      </object_component>
      <object_component id="oc-de">
         <name>.debug_info</name>
         <load_address>0x7a29</load_address>
         <run_address>0x7a29</run_address>
         <size>0x46</size>
         <input_file_ref idref="fl-bf"/>
      </object_component>
      <object_component id="oc-7c">
         <name>.debug_info</name>
         <load_address>0x7a6f</load_address>
         <run_address>0x7a6f</run_address>
         <size>0x39</size>
         <input_file_ref idref="fl-bf"/>
      </object_component>
      <object_component id="oc-27">
         <name>.debug_info</name>
         <load_address>0x7aa8</load_address>
         <run_address>0x7aa8</run_address>
         <size>0x100</size>
         <input_file_ref idref="fl-c0"/>
      </object_component>
      <object_component id="oc-56">
         <name>.debug_info</name>
         <load_address>0x7ba8</load_address>
         <run_address>0x7ba8</run_address>
         <size>0x1a4</size>
         <input_file_ref idref="fl-c0"/>
      </object_component>
      <object_component id="oc-170">
         <name>.debug_info</name>
         <load_address>0x7d4c</load_address>
         <run_address>0x7d4c</run_address>
         <size>0x3a2</size>
         <input_file_ref idref="fl-c1"/>
      </object_component>
      <object_component id="oc-16d">
         <name>.debug_info</name>
         <load_address>0x80ee</load_address>
         <run_address>0x80ee</run_address>
         <size>0x185</size>
         <input_file_ref idref="fl-c1"/>
      </object_component>
      <object_component id="oc-ef">
         <name>.debug_info</name>
         <load_address>0x8273</load_address>
         <run_address>0x8273</run_address>
         <size>0x117</size>
         <input_file_ref idref="fl-c1"/>
      </object_component>
      <object_component id="oc-f5">
         <name>.debug_info</name>
         <load_address>0x838a</load_address>
         <run_address>0x838a</run_address>
         <size>0x179</size>
         <input_file_ref idref="fl-c1"/>
      </object_component>
      <object_component id="oc-1df">
         <name>.debug_info</name>
         <load_address>0x8503</load_address>
         <run_address>0x8503</run_address>
         <size>0x2be</size>
         <input_file_ref idref="fl-c2"/>
      </object_component>
      <object_component id="oc-137">
         <name>.debug_info</name>
         <load_address>0x87c1</load_address>
         <run_address>0x87c1</run_address>
         <size>0x113</size>
         <input_file_ref idref="fl-c2"/>
      </object_component>
      <object_component id="oc-1d8">
         <name>.debug_info</name>
         <load_address>0x88d4</load_address>
         <run_address>0x88d4</run_address>
         <size>0x123</size>
         <input_file_ref idref="fl-c2"/>
      </object_component>
      <object_component id="oc-149">
         <name>.debug_info</name>
         <load_address>0x89f7</load_address>
         <run_address>0x89f7</run_address>
         <size>0x3da</size>
         <input_file_ref idref="fl-c4"/>
      </object_component>
      <object_component id="oc-143">
         <name>.debug_info</name>
         <load_address>0x8dd1</load_address>
         <run_address>0x8dd1</run_address>
         <size>0x14c</size>
         <input_file_ref idref="fl-c4"/>
      </object_component>
      <object_component id="oc-13d">
         <name>.debug_info</name>
         <load_address>0x8f1d</load_address>
         <run_address>0x8f1d</run_address>
         <size>0x15b</size>
         <input_file_ref idref="fl-c4"/>
      </object_component>
      <object_component id="oc-b1">
         <name>.debug_info</name>
         <load_address>0x9078</load_address>
         <run_address>0x9078</run_address>
         <size>0x1a1</size>
         <input_file_ref idref="fl-c4"/>
      </object_component>
      <object_component id="oc-1f5">
         <name>.debug_info</name>
         <load_address>0x9219</load_address>
         <run_address>0x9219</run_address>
         <size>0xb2</size>
         <input_file_ref idref="fl-c4"/>
      </object_component>
      <object_component id="oc-15c">
         <name>.debug_info</name>
         <load_address>0x92cb</load_address>
         <run_address>0x92cb</run_address>
         <size>0x328</size>
         <input_file_ref idref="fl-c5"/>
      </object_component>
      <object_component id="oc-b7">
         <name>.debug_info</name>
         <load_address>0x95f3</load_address>
         <run_address>0x95f3</run_address>
         <size>0x1c6</size>
         <input_file_ref idref="fl-c5"/>
      </object_component>
      <object_component id="oc-150">
         <name>.debug_info</name>
         <load_address>0x97b9</load_address>
         <run_address>0x97b9</run_address>
         <size>0x182</size>
         <input_file_ref idref="fl-c5"/>
      </object_component>
      <object_component id="oc-156">
         <name>.debug_info</name>
         <load_address>0x993b</load_address>
         <run_address>0x993b</run_address>
         <size>0x162</size>
         <input_file_ref idref="fl-c5"/>
      </object_component>
      <object_component id="oc-285">
         <name>.debug_info</name>
         <load_address>0x9a9d</load_address>
         <run_address>0x9a9d</run_address>
         <size>0x2c</size>
         <input_file_ref idref="fl-c5"/>
      </object_component>
      <object_component id="oc-92">
         <name>.debug_info</name>
         <load_address>0x9ac9</load_address>
         <run_address>0x9ac9</run_address>
         <size>0x13f</size>
         <input_file_ref idref="fl-c6"/>
      </object_component>
      <object_component id="oc-38">
         <name>.debug_info</name>
         <load_address>0x9c08</load_address>
         <run_address>0x9c08</run_address>
         <size>0x111</size>
         <input_file_ref idref="fl-c7"/>
      </object_component>
      <object_component id="oc-173">
         <name>.debug_info</name>
         <load_address>0x9d19</load_address>
         <run_address>0x9d19</run_address>
         <size>0x547</size>
         <input_file_ref idref="fl-c8"/>
      </object_component>
      <object_component id="oc-fb">
         <name>.debug_info</name>
         <load_address>0xa260</load_address>
         <run_address>0xa260</run_address>
         <size>0x19b</size>
         <input_file_ref idref="fl-c8"/>
      </object_component>
      <object_component id="oc-204">
         <name>.debug_info</name>
         <load_address>0xa3fb</load_address>
         <run_address>0xa3fb</run_address>
         <size>0x39</size>
         <input_file_ref idref="fl-c8"/>
      </object_component>
      <object_component id="oc-2b5">
         <name>.debug_info</name>
         <load_address>0xa434</load_address>
         <run_address>0xa434</run_address>
         <size>0x39</size>
         <input_file_ref idref="fl-c8"/>
      </object_component>
      <object_component id="oc-209">
         <name>.debug_info</name>
         <load_address>0xa46d</load_address>
         <run_address>0xa46d</run_address>
         <size>0x39</size>
         <input_file_ref idref="fl-c8"/>
      </object_component>
      <object_component id="oc-20e">
         <name>.debug_info</name>
         <load_address>0xa4a6</load_address>
         <run_address>0xa4a6</run_address>
         <size>0xcd</size>
         <input_file_ref idref="fl-c8"/>
      </object_component>
      <object_component id="oc-98">
         <name>.debug_info</name>
         <load_address>0xa573</load_address>
         <run_address>0xa573</run_address>
         <size>0x148</size>
         <input_file_ref idref="fl-c9"/>
      </object_component>
      <object_component id="oc-1cc">
         <name>.debug_info</name>
         <load_address>0xa6bb</load_address>
         <run_address>0xa6bb</run_address>
         <size>0x8a6</size>
         <input_file_ref idref="fl-cb"/>
      </object_component>
      <object_component id="oc-197">
         <name>.debug_info</name>
         <load_address>0xaf61</load_address>
         <run_address>0xaf61</run_address>
         <size>0x213</size>
         <input_file_ref idref="fl-cb"/>
      </object_component>
      <object_component id="oc-248">
         <name>.debug_info</name>
         <load_address>0xb174</load_address>
         <run_address>0xb174</run_address>
         <size>0x1a8</size>
         <input_file_ref idref="fl-cb"/>
      </object_component>
      <object_component id="oc-24e">
         <name>.debug_info</name>
         <load_address>0xb31c</load_address>
         <run_address>0xb31c</run_address>
         <size>0x210</size>
         <input_file_ref idref="fl-cb"/>
      </object_component>
      <object_component id="oc-1a2">
         <name>.debug_info</name>
         <load_address>0xb52c</load_address>
         <run_address>0xb52c</run_address>
         <size>0x3b0</size>
         <input_file_ref idref="fl-cb"/>
      </object_component>
      <object_component id="oc-255">
         <name>.debug_info</name>
         <load_address>0xb8dc</load_address>
         <run_address>0xb8dc</run_address>
         <size>0x2fa</size>
         <input_file_ref idref="fl-cb"/>
      </object_component>
      <object_component id="oc-25b">
         <name>.debug_info</name>
         <load_address>0xbbd6</load_address>
         <run_address>0xbbd6</run_address>
         <size>0x20a</size>
         <input_file_ref idref="fl-cb"/>
      </object_component>
      <object_component id="oc-1a8">
         <name>.debug_info</name>
         <load_address>0xbde0</load_address>
         <run_address>0xbde0</run_address>
         <size>0x20a</size>
         <input_file_ref idref="fl-cb"/>
      </object_component>
      <object_component id="oc-1ae">
         <name>.debug_info</name>
         <load_address>0xbfea</load_address>
         <run_address>0xbfea</run_address>
         <size>0x2f9</size>
         <input_file_ref idref="fl-cb"/>
      </object_component>
      <object_component id="oc-1b4">
         <name>.debug_info</name>
         <load_address>0xc2e3</load_address>
         <run_address>0xc2e3</run_address>
         <size>0x4a5</size>
         <input_file_ref idref="fl-cb"/>
      </object_component>
      <object_component id="oc-131">
         <name>.debug_info</name>
         <load_address>0xc788</load_address>
         <run_address>0xc788</run_address>
         <size>0x5cd</size>
         <input_file_ref idref="fl-cb"/>
      </object_component>
      <object_component id="oc-1cd">
         <name>.debug_info</name>
         <load_address>0xcd55</load_address>
         <run_address>0xcd55</run_address>
         <size>0x86</size>
         <input_file_ref idref="fl-cb"/>
      </object_component>
      <object_component id="oc-28a">
         <name>.debug_info</name>
         <load_address>0xcddb</load_address>
         <run_address>0xcddb</run_address>
         <size>0x39</size>
         <input_file_ref idref="fl-cb"/>
      </object_component>
      <object_component id="oc-2f8">
         <name>.debug_info</name>
         <load_address>0xce14</load_address>
         <run_address>0xce14</run_address>
         <size>0xb6</size>
         <input_file_ref idref="fl-cb"/>
      </object_component>
      <object_component id="oc-28f">
         <name>.debug_info</name>
         <load_address>0xceca</load_address>
         <run_address>0xceca</run_address>
         <size>0x46</size>
         <input_file_ref idref="fl-cb"/>
      </object_component>
      <object_component id="oc-1d2">
         <name>.debug_info</name>
         <load_address>0xcf10</load_address>
         <run_address>0xcf10</run_address>
         <size>0x46</size>
         <input_file_ref idref="fl-cb"/>
      </object_component>
      <object_component id="oc-21b">
         <name>.debug_info</name>
         <load_address>0xcf56</load_address>
         <run_address>0xcf56</run_address>
         <size>0x2ae</size>
         <input_file_ref idref="fl-cc"/>
      </object_component>
      <object_component id="oc-191">
         <name>.debug_info</name>
         <load_address>0xd204</load_address>
         <run_address>0xd204</run_address>
         <size>0x171</size>
         <input_file_ref idref="fl-cc"/>
      </object_component>
      <object_component id="oc-2c5">
         <name>.debug_info</name>
         <load_address>0xd375</load_address>
         <run_address>0xd375</run_address>
         <size>0xee</size>
         <input_file_ref idref="fl-cd"/>
      </object_component>
      <object_component id="oc-218">
         <name>.debug_info</name>
         <load_address>0xd463</load_address>
         <run_address>0xd463</run_address>
         <size>0xfa</size>
         <input_file_ref idref="fl-cd"/>
      </object_component>
      <object_component id="oc-1e3">
         <name>.debug_info</name>
         <load_address>0xd55d</load_address>
         <run_address>0xd55d</run_address>
         <size>0x139</size>
         <input_file_ref idref="fl-ce"/>
      </object_component>
      <object_component id="oc-13a">
         <name>.debug_info</name>
         <load_address>0xd696</load_address>
         <run_address>0xd696</run_address>
         <size>0xf7</size>
         <input_file_ref idref="fl-ce"/>
      </object_component>
      <object_component id="oc-383">
         <name>.debug_info</name>
         <load_address>0xd78d</load_address>
         <run_address>0xd78d</run_address>
         <size>0x184</size>
         <input_file_ref idref="fl-ce"/>
      </object_component>
      <object_component id="oc-2b4">
         <name>.debug_info</name>
         <load_address>0xd911</load_address>
         <run_address>0xd911</run_address>
         <size>0x378</size>
         <input_file_ref idref="fl-cf"/>
      </object_component>
      <object_component id="oc-1ed">
         <name>.debug_info</name>
         <load_address>0xdc89</load_address>
         <run_address>0xdc89</run_address>
         <size>0x1df</size>
         <input_file_ref idref="fl-cf"/>
      </object_component>
      <object_component id="oc-2b2">
         <name>.debug_info</name>
         <load_address>0xde68</load_address>
         <run_address>0xde68</run_address>
         <size>0x3f1</size>
         <input_file_ref idref="fl-d0"/>
      </object_component>
      <object_component id="oc-1e6">
         <name>.debug_info</name>
         <load_address>0xe259</load_address>
         <run_address>0xe259</run_address>
         <size>0x2d7</size>
         <input_file_ref idref="fl-d0"/>
      </object_component>
      <object_component id="oc-2d3">
         <name>.debug_info</name>
         <load_address>0xe530</load_address>
         <run_address>0xe530</run_address>
         <size>0x290</size>
         <input_file_ref idref="fl-d1"/>
      </object_component>
      <object_component id="oc-238">
         <name>.debug_info</name>
         <load_address>0xe7c0</load_address>
         <run_address>0xe7c0</run_address>
         <size>0x1c2</size>
         <input_file_ref idref="fl-d1"/>
      </object_component>
      <object_component id="oc-276">
         <name>.debug_info</name>
         <load_address>0xe982</load_address>
         <run_address>0xe982</run_address>
         <size>0x28b</size>
         <input_file_ref idref="fl-d2"/>
      </object_component>
      <object_component id="oc-1ba">
         <name>.debug_info</name>
         <load_address>0xec0d</load_address>
         <run_address>0xec0d</run_address>
         <size>0x1ab</size>
         <input_file_ref idref="fl-d2"/>
      </object_component>
      <object_component id="oc-30c">
         <name>.debug_info</name>
         <load_address>0xedb8</load_address>
         <run_address>0xedb8</run_address>
         <size>0x29a</size>
         <input_file_ref idref="fl-d3"/>
      </object_component>
      <object_component id="oc-2a0">
         <name>.debug_info</name>
         <load_address>0xf052</load_address>
         <run_address>0xf052</run_address>
         <size>0x242</size>
         <input_file_ref idref="fl-d3"/>
      </object_component>
      <object_component id="oc-2ea">
         <name>.debug_info</name>
         <load_address>0xf294</load_address>
         <run_address>0xf294</run_address>
         <size>0x28f</size>
         <input_file_ref idref="fl-d4"/>
      </object_component>
      <object_component id="oc-26f">
         <name>.debug_info</name>
         <load_address>0xf523</load_address>
         <run_address>0xf523</run_address>
         <size>0x247</size>
         <input_file_ref idref="fl-d4"/>
      </object_component>
      <object_component id="oc-216">
         <name>.debug_info</name>
         <load_address>0xf76a</load_address>
         <run_address>0xf76a</run_address>
         <size>0x284</size>
         <input_file_ref idref="fl-d5"/>
      </object_component>
      <object_component id="oc-18b">
         <name>.debug_info</name>
         <load_address>0xf9ee</load_address>
         <run_address>0xf9ee</run_address>
         <size>0x22a</size>
         <input_file_ref idref="fl-d5"/>
      </object_component>
      <object_component id="oc-313">
         <name>.debug_info</name>
         <load_address>0xfc18</load_address>
         <run_address>0xfc18</run_address>
         <size>0x4c5</size>
         <input_file_ref idref="fl-d6"/>
      </object_component>
      <object_component id="oc-351">
         <name>.debug_info</name>
         <load_address>0x100dd</load_address>
         <run_address>0x100dd</run_address>
         <size>0xf8</size>
         <input_file_ref idref="fl-d6"/>
      </object_component>
      <object_component id="oc-310">
         <name>.debug_info</name>
         <load_address>0x101d5</load_address>
         <run_address>0x101d5</run_address>
         <size>0xf8</size>
         <input_file_ref idref="fl-d6"/>
      </object_component>
      <object_component id="oc-2ac">
         <name>.debug_info</name>
         <load_address>0x102cd</load_address>
         <run_address>0x102cd</run_address>
         <size>0x184</size>
         <input_file_ref idref="fl-d6"/>
      </object_component>
      <object_component id="oc-357">
         <name>.debug_info</name>
         <load_address>0x10451</load_address>
         <run_address>0x10451</run_address>
         <size>0x120</size>
         <input_file_ref idref="fl-d6"/>
      </object_component>
      <object_component id="oc-35c">
         <name>.debug_info</name>
         <load_address>0x10571</load_address>
         <run_address>0x10571</run_address>
         <size>0x2c</size>
         <input_file_ref idref="fl-d6"/>
      </object_component>
      <object_component id="oc-2db">
         <name>.debug_info</name>
         <load_address>0x1059d</load_address>
         <run_address>0x1059d</run_address>
         <size>0x28f</size>
         <input_file_ref idref="fl-d7"/>
      </object_component>
      <object_component id="oc-263">
         <name>.debug_info</name>
         <load_address>0x1082c</load_address>
         <run_address>0x1082c</run_address>
         <size>0x18a</size>
         <input_file_ref idref="fl-d7"/>
      </object_component>
      <object_component id="oc-31f">
         <name>.debug_info</name>
         <load_address>0x109b6</load_address>
         <run_address>0x109b6</run_address>
         <size>0x39</size>
         <input_file_ref idref="fl-d7"/>
      </object_component>
      <object_component id="oc-2dc">
         <name>.debug_info</name>
         <load_address>0x109ef</load_address>
         <run_address>0x109ef</run_address>
         <size>0x2c</size>
         <input_file_ref idref="fl-d7"/>
      </object_component>
      <object_component id="oc-2e8">
         <name>.debug_info</name>
         <load_address>0x10a1b</load_address>
         <run_address>0x10a1b</run_address>
         <size>0x2f2</size>
         <input_file_ref idref="fl-d8"/>
      </object_component>
      <object_component id="oc-269">
         <name>.debug_info</name>
         <load_address>0x10d0d</load_address>
         <run_address>0x10d0d</run_address>
         <size>0x21a</size>
         <input_file_ref idref="fl-d8"/>
      </object_component>
      <object_component id="oc-2e5">
         <name>.debug_info</name>
         <load_address>0x10f27</load_address>
         <run_address>0x10f27</run_address>
         <size>0x156</size>
         <input_file_ref idref="fl-d9"/>
      </object_component>
      <object_component id="oc-27d">
         <name>.debug_info</name>
         <load_address>0x1107d</load_address>
         <run_address>0x1107d</run_address>
         <size>0x284</size>
         <input_file_ref idref="fl-da"/>
      </object_component>
      <object_component id="oc-1c1">
         <name>.debug_info</name>
         <load_address>0x11301</load_address>
         <run_address>0x11301</run_address>
         <size>0x14f</size>
         <input_file_ref idref="fl-da"/>
      </object_component>
      <object_component id="oc-2ed">
         <name>.debug_info</name>
         <load_address>0x11450</load_address>
         <run_address>0x11450</run_address>
         <size>0x46</size>
         <input_file_ref idref="fl-da"/>
      </object_component>
      <object_component id="oc-278">
         <name>.debug_info</name>
         <load_address>0x11496</load_address>
         <run_address>0x11496</run_address>
         <size>0x39</size>
         <input_file_ref idref="fl-da"/>
      </object_component>
      <object_component id="oc-243">
         <name>.debug_info</name>
         <load_address>0x114cf</load_address>
         <run_address>0x114cf</run_address>
         <size>0x144</size>
         <input_file_ref idref="fl-db"/>
      </object_component>
      <object_component id="oc-19d">
         <name>.debug_info</name>
         <load_address>0x11613</load_address>
         <run_address>0x11613</run_address>
         <size>0x120</size>
         <input_file_ref idref="fl-dc"/>
      </object_component>
      <object_component id="oc-22e">
         <name>.debug_info</name>
         <load_address>0x11733</load_address>
         <run_address>0x11733</run_address>
         <size>0x122</size>
         <input_file_ref idref="fl-dc"/>
      </object_component>
      <object_component id="oc-22a">
         <name>.debug_info</name>
         <load_address>0x11855</load_address>
         <run_address>0x11855</run_address>
         <size>0x132</size>
         <input_file_ref idref="fl-dd"/>
      </object_component>
      <object_component id="oc-224">
         <name>.debug_info</name>
         <load_address>0x11987</load_address>
         <run_address>0x11987</run_address>
         <size>0x132</size>
         <input_file_ref idref="fl-de"/>
      </object_component>
      <object_component id="oc-233">
         <name>.debug_info</name>
         <load_address>0x11ab9</load_address>
         <run_address>0x11ab9</run_address>
         <size>0x126</size>
         <input_file_ref idref="fl-df"/>
      </object_component>
      <object_component id="oc-23e">
         <name>.debug_info</name>
         <load_address>0x11bdf</load_address>
         <run_address>0x11bdf</run_address>
         <size>0x124</size>
         <input_file_ref idref="fl-e0"/>
      </object_component>
      <object_component id="oc-21d">
         <name>.debug_info</name>
         <load_address>0x11d03</load_address>
         <run_address>0x11d03</run_address>
         <size>0x12c</size>
         <input_file_ref idref="fl-e1"/>
      </object_component>
      <object_component id="oc-282">
         <name>.debug_info</name>
         <load_address>0x11e2f</load_address>
         <run_address>0x11e2f</run_address>
         <size>0x27e</size>
         <input_file_ref idref="fl-e2"/>
      </object_component>
      <object_component id="oc-27f">
         <name>.debug_info</name>
         <load_address>0x120ad</load_address>
         <run_address>0x120ad</run_address>
         <size>0x103</size>
         <input_file_ref idref="fl-e2"/>
      </object_component>
      <object_component id="oc-1c6">
         <name>.debug_info</name>
         <load_address>0x121b0</load_address>
         <run_address>0x121b0</run_address>
         <size>0x143</size>
         <input_file_ref idref="fl-e2"/>
      </object_component>
      <object_component id="oc-30a">
         <name>.debug_info</name>
         <load_address>0x122f3</load_address>
         <run_address>0x122f3</run_address>
         <size>0x2f5</size>
         <input_file_ref idref="fl-e3"/>
      </object_component>
      <object_component id="oc-29a">
         <name>.debug_info</name>
         <load_address>0x125e8</load_address>
         <run_address>0x125e8</run_address>
         <size>0x191</size>
         <input_file_ref idref="fl-e3"/>
      </object_component>
      <object_component id="oc-345">
         <name>.debug_info</name>
         <load_address>0x12779</load_address>
         <run_address>0x12779</run_address>
         <size>0xbf</size>
         <input_file_ref idref="fl-e3"/>
      </object_component>
      <object_component id="oc-30e">
         <name>.debug_info</name>
         <load_address>0x12838</load_address>
         <run_address>0x12838</run_address>
         <size>0x33c</size>
         <input_file_ref idref="fl-e4"/>
      </object_component>
      <object_component id="oc-2a6">
         <name>.debug_info</name>
         <load_address>0x12b74</load_address>
         <run_address>0x12b74</run_address>
         <size>0x17f</size>
         <input_file_ref idref="fl-e4"/>
      </object_component>
      <object_component id="oc-330">
         <name>.debug_info</name>
         <load_address>0x12cf3</load_address>
         <run_address>0x12cf3</run_address>
         <size>0x319</size>
         <input_file_ref idref="fl-e5"/>
      </object_component>
      <object_component id="oc-2fe">
         <name>.debug_info</name>
         <load_address>0x1300c</load_address>
         <run_address>0x1300c</run_address>
         <size>0x1e1</size>
         <input_file_ref idref="fl-e5"/>
      </object_component>
      <object_component id="oc-362">
         <name>.debug_info</name>
         <load_address>0x131ed</load_address>
         <run_address>0x131ed</run_address>
         <size>0x38c</size>
         <input_file_ref idref="fl-e6"/>
      </object_component>
      <object_component id="oc-32a">
         <name>.debug_info</name>
         <load_address>0x13579</load_address>
         <run_address>0x13579</run_address>
         <size>0x18a</size>
         <input_file_ref idref="fl-e6"/>
      </object_component>
      <object_component id="oc-344">
         <name>.debug_info</name>
         <load_address>0x13703</load_address>
         <run_address>0x13703</run_address>
         <size>0x369</size>
         <input_file_ref idref="fl-e7"/>
      </object_component>
      <object_component id="oc-304">
         <name>.debug_info</name>
         <load_address>0x13a6c</load_address>
         <run_address>0x13a6c</run_address>
         <size>0x200</size>
         <input_file_ref idref="fl-e7"/>
      </object_component>
      <object_component id="oc-3dd">
         <name>.debug_info</name>
         <load_address>0x13c6c</load_address>
         <run_address>0x13c6c</run_address>
         <size>0x368</size>
         <input_file_ref idref="fl-e8"/>
      </object_component>
      <object_component id="oc-38f">
         <name>.debug_info</name>
         <load_address>0x13fd4</load_address>
         <run_address>0x13fd4</run_address>
         <size>0x1b1</size>
         <input_file_ref idref="fl-e8"/>
      </object_component>
      <object_component id="oc-3e3">
         <name>.debug_info</name>
         <load_address>0x14185</load_address>
         <run_address>0x14185</run_address>
         <size>0x36d</size>
         <input_file_ref idref="fl-e9"/>
      </object_component>
      <object_component id="oc-3a1">
         <name>.debug_info</name>
         <load_address>0x144f2</load_address>
         <run_address>0x144f2</run_address>
         <size>0x205</size>
         <input_file_ref idref="fl-e9"/>
      </object_component>
      <object_component id="oc-3d9">
         <name>.debug_info</name>
         <load_address>0x146f7</load_address>
         <run_address>0x146f7</run_address>
         <size>0x398</size>
         <input_file_ref idref="fl-ea"/>
      </object_component>
      <object_component id="oc-389">
         <name>.debug_info</name>
         <load_address>0x14a8f</load_address>
         <run_address>0x14a8f</run_address>
         <size>0x201</size>
         <input_file_ref idref="fl-ea"/>
      </object_component>
      <object_component id="oc-3df">
         <name>.debug_info</name>
         <load_address>0x14c90</load_address>
         <run_address>0x14c90</run_address>
         <size>0x36c</size>
         <input_file_ref idref="fl-eb"/>
      </object_component>
      <object_component id="oc-395">
         <name>.debug_info</name>
         <load_address>0x14ffc</load_address>
         <run_address>0x14ffc</run_address>
         <size>0x1f0</size>
         <input_file_ref idref="fl-eb"/>
      </object_component>
      <object_component id="oc-3ed">
         <name>.debug_info</name>
         <load_address>0x151ec</load_address>
         <run_address>0x151ec</run_address>
         <size>0x3ca</size>
         <input_file_ref idref="fl-ec"/>
      </object_component>
      <object_component id="oc-3af">
         <name>.debug_info</name>
         <load_address>0x155b6</load_address>
         <run_address>0x155b6</run_address>
         <size>0x22b</size>
         <input_file_ref idref="fl-ec"/>
      </object_component>
      <object_component id="oc-3e5">
[...]
         <value>0x200005f0</value>
         <object_component_ref idref="oc-136"/>
      </symbol>
      <symbol id="sm-1c2">
         <name>_unlock</name>
         <value>0x200005f4</value>
         <object_component_ref idref="oc-136"/>
      </symbol>
      <symbol id="sm-1ef">
         <name>printf</name>
         <value>0x288d</value>
         <object_component_ref idref="oc-b0"/>
      </symbol>
      <symbol id="sm-216">
         <name>sprintf</name>
         <value>0x2ec1</value>
         <object_component_ref idref="oc-b6"/>
      </symbol>
      <symbol id="sm-225">
         <name>__aeabi_memset</name>
         <value>0x257f</value>
         <object_component_ref idref="oc-91"/>
      </symbol>
      <symbol id="sm-226">
         <name>memset</name>
         <value>0x2585</value>
         <object_component_ref idref="oc-91"/>
      </symbol>
      <symbol id="sm-227">
         <name>__aeabi_memset8</name>
         <value>0x257f</value>
         <object_component_ref idref="oc-91"/>
      </symbol>
      <symbol id="sm-228">
         <name>__aeabi_memset4</name>
         <value>0x257f</value>
         <object_component_ref idref="oc-91"/>
      </symbol>
      <symbol id="sm-229">
         <name>__aeabi_memclr8</name>
         <value>0x257d</value>
         <object_component_ref idref="oc-91"/>
      </symbol>
      <symbol id="sm-22a">
         <name>__aeabi_memclr4</name>
         <value>0x257d</value>
         <object_component_ref idref="oc-91"/>
      </symbol>
      <symbol id="sm-22b">
         <name>__aeabi_memclr</name>
         <value>0x257d</value>
         <object_component_ref idref="oc-91"/>
      </symbol>
      <symbol id="sm-246">
         <name>memcpy</name>
         <value>0x22b3</value>
         <object_component_ref idref="oc-37"/>
      </symbol>
      <symbol id="sm-247">
         <name>__aeabi_memcpy</name>
         <value>0x22b3</value>
         <object_component_ref idref="oc-37"/>
      </symbol>
      <symbol id="sm-248">
         <name>__aeabi_memcpy8</name>
         <value>0x22b3</value>
         <object_component_ref idref="oc-37"/>
      </symbol>
      <symbol id="sm-249">
         <name>__aeabi_memcpy4</name>
         <value>0x22b3</value>
         <object_component_ref idref="oc-37"/>
      </symbol>
      <symbol id="sm-271">
         <name>__TI_auto_init_nobinit_nopinit</name>
         <value>0x2e39</value>
         <object_component_ref idref="oc-fa"/>
      </symbol>
      <symbol id="sm-27b">
         <name>_system_pre_init</name>
         <value>0x32e1</value>
         <object_component_ref idref="oc-97"/>
      </symbol>
      <symbol id="sm-3e1">
         <name>__TI_printfi</name>
         <value>0xe5</value>
         <object_component_ref idref="oc-130"/>
      </symbol>
      <symbol id="sm-3f7">
         <name>atoi</name>
         <value>0x2cd5</value>
         <object_component_ref idref="oc-190"/>
      </symbol>
      <symbol id="sm-402">
         <name>_ctypes_</name>
         <value>0x32e8</value>
         <object_component_ref idref="oc-217"/>
      </symbol>
      <symbol id="sm-417">
         <name>__TI_tmpnams</name>
         <value>0x20000720</value>
      </symbol>
      <symbol id="sm-418">
         <name>__aeabi_stdout</name>
         <value>0x200005c0</value>
         <object_component_ref idref="oc-382"/>
      </symbol>
      <symbol id="sm-419">
         <name>__aeabi_stderr</name>
         <value>0x200005c4</value>
         <object_component_ref idref="oc-382"/>
      </symbol>
      <symbol id="sm-41a">
         <name>__aeabi_stdin</name>
         <value>0x200005bc</value>
         <object_component_ref idref="oc-382"/>
      </symbol>
      <symbol id="sm-41b">
         <name>_ftable</name>
         <value>0x20000400</value>
         <object_component_ref idref="oc-139"/>
      </symbol>
      <symbol id="sm-41c">
         <name>__TI_ft_end</name>
         <value>0x200005b8</value>
         <object_component_ref idref="oc-382"/>
      </symbol>
      <symbol id="sm-431">
         <name>putc</name>
         <value>0x23e5</value>
         <object_component_ref idref="oc-1ec"/>
      </symbol>
      <symbol id="sm-432">
         <name>fputc</name>
         <value>0x23e5</value>
         <object_component_ref idref="oc-1ec"/>
      </symbol>
      <symbol id="sm-450">
         <name>fputs</name>
         <value>0x1d2d</value>
         <object_component_ref idref="oc-1e5"/>
      </symbol>
      <symbol id="sm-45f">
         <name>ltoa</name>
         <value>0x2be3</value>
         <object_component_ref idref="oc-237"/>
      </symbol>
      <symbol id="sm-46f">
         <name>memccpy</name>
         <value>0x31e9</value>
         <object_component_ref idref="oc-1b9"/>
      </symbol>
      <symbol id="sm-47f">
         <name>memchr</name>
         <value>0x31c9</value>
         <object_component_ref idref="oc-29f"/>
      </symbol>
      <symbol id="sm-48f">
         <name>strchr</name>
         <value>0x3235</value>
         <object_component_ref idref="oc-26e"/>
      </symbol>
      <symbol id="sm-49d">
         <name>strlen</name>
         <value>0x3273</value>
         <object_component_ref idref="oc-18a"/>
      </symbol>
      <symbol id="sm-4c3">
         <name>_stream</name>
         <value>0x20000568</value>
         <object_component_ref idref="oc-30f"/>
      </symbol>
      <symbol id="sm-4c4">
         <name>_device</name>
         <value>0x200004f0</value>
         <object_component_ref idref="oc-350"/>
      </symbol>
      <symbol id="sm-4c5">
         <name>write</name>
         <value>0x31a1</value>
         <object_component_ref idref="oc-2ab"/>
      </symbol>
      <symbol id="sm-4e5">
         <name>frexpl</name>
         <value>0x28f5</value>
         <object_component_ref idref="oc-262"/>
      </symbol>
      <symbol id="sm-4e6">
         <name>frexp</name>
         <value>0x28f5</value>
         <object_component_ref idref="oc-262"/>
      </symbol>
      <symbol id="sm-503">
         <name>scalbn</name>
         <value>0x1e41</value>
         <object_component_ref idref="oc-268"/>
      </symbol>
      <symbol id="sm-504">
         <name>scalbnl</name>
         <value>0x1e41</value>
         <object_component_ref idref="oc-268"/>
      </symbol>
      <symbol id="sm-505">
         <name>ldexpl</name>
         <value>0x1e41</value>
         <object_component_ref idref="oc-268"/>
      </symbol>
      <symbol id="sm-506">
         <name>ldexp</name>
         <value>0x1e41</value>
         <object_component_ref idref="oc-268"/>
      </symbol>
      <symbol id="sm-510">
         <name>copysign</name>
         <value>0x324b</value>
         <object_component_ref idref="oc-2e1"/>
      </symbol>
      <symbol id="sm-511">
         <name>copysignl</name>
         <value>0x324b</value>
         <object_component_ref idref="oc-2e1"/>
      </symbol>
      <symbol id="sm-52a">
         <name>wcslen</name>
         <value>0x3299</value>
         <object_component_ref idref="oc-1bf"/>
      </symbol>
      <symbol id="sm-541">
         <name>__aeabi_dsub</name>
         <value>0x17e1</value>
         <object_component_ref idref="oc-242"/>
      </symbol>
      <symbol id="sm-542">
         <name>__aeabi_dadd</name>
         <value>0x17eb</value>
         <object_component_ref idref="oc-242"/>
      </symbol>
      <symbol id="sm-564">
         <name>__aeabi_cdcmpeq</name>
         <value>0x2471</value>
         <object_component_ref idref="oc-19c"/>
      </symbol>
      <symbol id="sm-565">
         <name>__aeabi_cdcmple</name>
         <value>0x2471</value>
         <object_component_ref idref="oc-19c"/>
      </symbol>
      <symbol id="sm-566">
         <name>__aeabi_cdrcmple</name>
         <value>0x24f7</value>
         <object_component_ref idref="oc-22d"/>
      </symbol>
      <symbol id="sm-57a">
         <name>__aeabi_ddiv</name>
         <value>0x1ad5</value>
         <object_component_ref idref="oc-228"/>
      </symbol>
      <symbol id="sm-585">
         <name>__aeabi_dmul</name>
         <value>0x1f51</value>
         <object_component_ref idref="oc-223"/>
      </symbol>
      <symbol id="sm-58f">
         <name>__aeabi_d2iz</name>
         <value>0x2d69</value>
         <object_component_ref idref="oc-232"/>
      </symbol>
      <symbol id="sm-599">
         <name>__aeabi_i2d</name>
         <value>0x30f5</value>
         <object_component_ref idref="oc-23d"/>
      </symbol>
      <symbol id="sm-5a6">
         <name>__aeabi_uldivmod</name>
         <value>0x234f</value>
         <object_component_ref idref="oc-21c"/>
      </symbol>
      <symbol id="sm-5bc">
         <name>__aeabi_errno_addr</name>
         <value>0x32d1</value>
         <object_component_ref idref="oc-1c5"/>
      </symbol>
      <symbol id="sm-5bd">
         <name>errno</name>
         <value>0x200005f8</value>
         <object_component_ref idref="oc-27e"/>
      </symbol>
      <symbol id="sm-5d5">
         <name>__TI_wrt_ok</name>
         <value>0x29bd</value>
         <object_component_ref idref="oc-299"/>
      </symbol>
      <symbol id="sm-5e5">
         <name>__TI_doflush</name>
         <value>0x2c89</value>
         <object_component_ref idref="oc-2a5"/>
      </symbol>
      <symbol id="sm-5f7">
         <name>fseek</name>
         <value>0x2959</value>
         <object_component_ref idref="oc-2fd"/>
      </symbol>
      <symbol id="sm-607">
         <name>lseek</name>
         <value>0x3151</value>
         <object_component_ref idref="oc-329"/>
      </symbol>
      <symbol id="sm-623">
         <name>setvbuf</name>
         <value>0x204d</value>
         <object_component_ref idref="oc-303"/>
      </symbol>
      <symbol id="sm-634">
         <name>HOSTclose</name>
         <value>0x2db1</value>
         <object_component_ref idref="oc-38e"/>
      </symbol>
      <symbol id="sm-645">
         <name>HOSTlseek</name>
         <value>0x2755</value>
         <object_component_ref idref="oc-3a0"/>
      </symbol>
      <symbol id="sm-657">
         <name>parmbuf</name>
         <value>0x200007c0</value>
      </symbol>
      <symbol id="sm-658">
         <name>HOSTopen</name>
         <value>0x2a21</value>
         <object_component_ref idref="oc-388"/>
      </symbol>
      <symbol id="sm-669">
         <name>HOSTread</name>
         <value>0x2add</value>
         <object_component_ref idref="oc-394"/>
      </symbol>
      <symbol id="sm-67a">
         <name>HOSTrename</name>
         <value>0x27bd</value>
         <object_component_ref idref="oc-3ac"/>
      </symbol>
      <symbol id="sm-68b">
         <name>HOSTunlink</name>
         <value>0x2df5</value>
         <object_component_ref idref="oc-3a6"/>
      </symbol>
      <symbol id="sm-69c">
         <name>HOSTwrite</name>
         <value>0x2b35</value>
         <object_component_ref idref="oc-39a"/>
      </symbol>
      <symbol id="sm-6c0">
         <name>__TI_readmsg</name>
         <value>0x3091</value>
         <object_component_ref idref="oc-3d2"/>
      </symbol>
      <symbol id="sm-6c1">
         <name>C$$IO$$</name>
         <value>0x2fab</value>
         <object_component_ref idref="oc-3cc"/>
      </symbol>
      <symbol id="sm-6c2">
         <name>__CIOBUF_</name>
         <value>0x20000600</value>
         <object_component_ref idref="oc-3fa"/>
      </symbol>
      <symbol id="sm-6c3">
         <name>__TI_writemsg</name>
         <value>0x2f7d</value>
         <object_component_ref idref="oc-3cc"/>
      </symbol>
      <symbol id="sm-6cd">
         <name>__aeabi_idiv0</name>
         <value>0x1997</value>
         <object_component_ref idref="oc-2c8"/>
      </symbol>
      <symbol id="sm-6ce">
         <name>__aeabi_ldiv0</name>
         <value>0x1997</value>
         <object_component_ref idref="oc-2c8"/>
      </symbol>
      <symbol id="sm-749">
         <name>_sys_memory</name>
         <value>0x20000000</value>
         <object_component_ref idref="oc-29"/>
      </symbol>
      <symbol id="sm-74a">
         <name>free</name>
         <value>0x2129</value>
         <object_component_ref idref="oc-331"/>
      </symbol>
      <symbol id="sm-74b">
         <name>malloc</name>
         <value>0x25f9</value>
         <object_component_ref idref="oc-337"/>
      </symbol>
      <symbol id="sm-74c">
         <name>minit</name>
         <value>0x2fed</value>
         <object_component_ref idref="oc-365"/>
      </symbol>
      <symbol id="sm-75c">
         <name>__TI_cleanup</name>
         <value>0x305d</value>
         <object_component_ref idref="oc-33d"/>
      </symbol>
      <symbol id="sm-76b">
         <name>strcpy</name>
         <value>0x325f</value>
         <object_component_ref idref="oc-3e6"/>
      </symbol>
      <symbol id="sm-780">
         <name>__TI_closefile</name>
         <value>0x2671</value>
         <object_component_ref idref="oc-37c"/>
      </symbol>
      <symbol id="sm-7a3">
         <name>finddevice</name>
         <value>0x30c5</value>
         <object_component_ref idref="oc-418"/>
      </symbol>
      <symbol id="sm-7a4">
         <name>getdevice</name>
         <value>0x2e7d</value>
         <object_component_ref idref="oc-3f0"/>
      </symbol>
      <symbol id="sm-7b4">
         <name>strcmp</name>
         <value>0x321d</value>
         <object_component_ref idref="oc-42f"/>
      </symbol>
      <symbol id="sm-7c4">
         <name>strncpy</name>
         <value>0x3025</value>
         <object_component_ref idref="oc-412"/>
      </symbol>
      <symbol id="sm-7d4">
         <name>unlink</name>
         <value>0x3125</value>
         <object_component_ref idref="oc-3c1"/>
      </symbol>
      <symbol id="sm-7e8">
         <name>close</name>
         <value>0x2a81</value>
         <object_component_ref idref="oc-3bb"/>
      </symbol>
      <symbol id="sm-7e9">
         <name>__TI_static_base__</name>
         <value>0x0</value>
      </symbol>
      <symbol id="sm-7ec">
         <name>__mpu_init</name>
         <value>0x0</value>
      </symbol>
      <symbol id="sm-7ed">
         <name>_system_post_cinit</name>
         <value>0x0</value>
      </symbol>
      <symbol id="sm-7ee">
         <name>NMI_Handler</name>
         <value>0x32c5</value>
      </symbol>
      <symbol id="sm-7ef">
         <name>HardFault_Handler</name>
         <value>0x32c5</value>
      </symbol>
      <symbol id="sm-7f0">
         <name>MemManage_Handler</name>
         <value>0x32c5</value>
      </symbol>
      <symbol id="sm-7f1">
         <name>BusFault_Handler</name>
         <value>0x32c5</value>
      </symbol>
      <symbol id="sm-7f2">
         <name>UsageFault_Handler</name>
         <value>0x32c5</value>
      </symbol>
      <symbol id="sm-7f3">
         <name>SVC_Handler</name>
         <value>0x32c5</value>
      </symbol>
      <symbol id="sm-7f4">
         <name>DebugMon_Handler</name>
         <value>0x32c5</value>
      </symbol>
      <symbol id="sm-7f5">
         <name>PendSV_Handler</name>
         <value>0x32c5</value>
      </symbol>
      <symbol id="sm-7f6">
         <name>SysTick_Handler</name>
         <value>0x32c5</value>
      </symbol>
      <symbol id="sm-7f7">
         <name>PSS_IRQHandler</name>
         <value>0x32c5</value>
      </symbol>
      <symbol id="sm-7f8">
         <name>CS_IRQHandler</name>
         <value>0x32c5</value>
      </symbol>
      <symbol id="sm-7f9">
         <name>PCM_IRQHandler</name>
         <value>0x32c5</value>
      </symbol>
      <symbol id="sm-7fa">
         <name>WDT_A_IRQHandler</name>
         <value>0x32c5</value>
      </symbol>
      <symbol id="sm-7fb">
         <name>FPU_IRQHandler</name>
         <value>0x32c5</value>
      </symbol>
      <symbol id="sm-7fc">
         <name>FLCTL_IRQHandler</name>
         <value>0x32c5</value>
      </symbol>
      <symbol id="sm-7fd">
         <name>COMP_E0_IRQHandler</name>
         <value>0x32c5</value>
      </symbol>
      <symbol id="sm-7fe">
         <name>COMP_E1_IRQHandler</name>
         <value>0x32c5</value>
      </symbol>
      <symbol id="sm-7ff">
         <name>TA0_0_IRQHandler</name>
         <value>0x32c5</value>
      </symbol>
      <symbol id="sm-800">
         <name>TA0_N_IRQHandler</name>
         <value>0x32c5</value>
      </symbol>
      <symbol id="sm-801">
         <name>TA1_0_IRQHandler</name>
         <value>0x32c5</value>
      </symbol>
      <symbol id="sm-802">
         <name>TA1_N_IRQHandler</name>
         <value>0x32c5</value>
      </symbol>
      <symbol id="sm-803">
         <name>TA2_0_IRQHandler</name>
         <value>0x32c5</value>
      </symbol>
      <symbol id="sm-804">
         <name>TA2_N_IRQHandler</name>
         <value>0x32c5</value>
      </symbol>
      <symbol id="sm-805">
         <name>TA3_0_IRQHandler</name>
         <value>0x32c5</value>
      </symbol>
      <symbol id="sm-806">
         <name>TA3_N_IRQHandler</name>
         <value>0x32c5</value>
      </symbol>
      <symbol id="sm-807">
         <name>EUSCIA0_IRQHandler</name>
         <value>0x32c5</value>
      </symbol>
      <symbol id="sm-808">
         <name>EUSCIA1_IRQHandler</name>
         <value>0x32c5</value>
      </symbol>
      <symbol id="sm-809">
         <name>EUSCIA2_IRQHandler</name>
         <value>0x32c5</value>
      </symbol>
      <symbol id="sm-80a">
         <name>EUSCIA3_IRQHandler</name>
         <value>0x32c5</value>
      </symbol>
      <symbol id="sm-80b">
         <name>EUSCIB0_IRQHandler</name>
         <value>0x32c5</value>
      </symbol>
      <symbol id="sm-80c">
         <name>EUSCIB1_IRQHandler</name>
         <value>0x32c5</value>
      </symbol>
      <symbol id="sm-80d">
         <name>EUSCIB2_IRQHandler</name>
         <value>0x32c5</value>
      </symbol>
      <symbol id="sm-80e">
         <name>EUSCIB3_IRQHandler</name>
         <value>0x32c5</value>
      </symbol>
      <symbol id="sm-80f">
         <name>ADC14_IRQHandler</name>
         <value>0x32c5</value>
      </symbol>
      <symbol id="sm-810">
         <name>T32_INT1_IRQHandler</name>
         <value>0xfe1</value>
      </symbol>
      <symbol id="sm-811">
         <name>T32_INT2_IRQHandler</name>
         <value>0x32c5</value>
      </symbol>
      <symbol id="sm-812">
         <name>T32_INTC_IRQHandler</name>
         <value>0x32c5</value>
      </symbol>
      <symbol id="sm-813">
         <name>AES256_IRQHandler</name>
         <value>0x32c5</value>
      </symbol>
      <symbol id="sm-814">
         <name>RTC_C_IRQHandler</name>
         <value>0x32c5</value>
      </symbol>
      <symbol id="sm-815">
         <name>DMA_ERR_IRQHandler</name>
         <value>0x32c5</value>
      </symbol>
      <symbol id="sm-816">
         <name>DMA_INT3_IRQHandler</name>
         <value>0x32c5</value>
      </symbol>
      <symbol id="sm-817">
         <name>DMA_INT2_IRQHandler</name>
         <value>0x32c5</value>
      </symbol>
      <symbol id="sm-818">
         <name>DMA_INT1_IRQHandler</name>
         <value>0x32c5</value>
      </symbol>
      <symbol id="sm-819">
         <name>DMA_INT0_IRQHandler</name>
         <value>0x32c5</value>
      </symbol>
      <symbol id="sm-81a">
         <name>PORT1_IRQHandler</name>
         <value>0x32c5</value>
      </symbol>
      <symbol id="sm-81b">
         <name>PORT2_IRQHandler</name>
         <value>0x32c5</value>
      </symbol>
      <symbol id="sm-81c">
         <name>PORT3_IRQHandler</name>
         <value>0x32c5</value>
      </symbol>
      <symbol id="sm-81d">
         <name>PORT4_IRQHandler</name>
         <value>0x32c5</value>
      </symbol>
      <symbol id="sm-81e">
         <name>PORT5_IRQHandler</name>
         <value>0x32c5</value>
      </symbol>
      <symbol id="sm-81f">
         <name>PORT6_IRQHandler</name>
         <value>0x32c5</value>
      </symbol>
      <symbol id="sm-820">
         <name>remove</name>
         <value>0x3125</value>
      </symbol>
   </symbol_table>
   <title>Link successful</title>
</link_info>
