******************************************************************************
                  TI ARM Linker Unix v18.1.2                   
******************************************************************************
>> Linked Thu Nov 15 13:00:30 2018

OUTPUT FILE NAME:   <Final_Project.out>
ENTRY POINT SYMBOL: "_c_int00_noargs"  address: 00002ee9


MEMORY CONFIGURATION

         name            origin    length      used     unused   attr    fill
----------------------  --------  ---------  --------  --------  ----  --------
  MAIN                  00000000   00040000  000033bd  0003cc43  R  X
  INFO                  00200000   00004000  00000000  00004000  R  X
  SRAM_CODE             01000000   00010000  000009c8  0000f638  RW X
  SRAM_DATA             20000000   00010000  000009c8  0000f638  RW  


SEGMENT ALLOCATION MAP

run origin  load origin   length   init length attrs members
----------  ----------- ---------- ----------- ----- -------
00000000    00000000    000033c0   000033c0    r-x
  00000000    00000000    000000e4   000000e4    r-- .intvecs
  000000e4    000000e4    00003138   00003138    r-x .text
  0000321c    0000321c    00000101   00000101    r-- .const
  00003320    00003320    000000a0   000000a0    r-- .cinit
20000000    20000000    000007c8   00000000    rw-
  20000000    20000000    00000400   00000000    rw- .sysmem
  20000400    20000400    00000200   00000000    rw- .data
  20000600    20000600    000001c8   00000000    rw- .bss
2000fe00    2000fe00    00000200   00000000    rw-
  2000fe00    2000fe00    00000200   00000000    rw- .stack


SECTION ALLOCATION MAP

 output                                  attributes/
section   page    origin      length       input sections
--------  ----  ----------  ----------   ----------------
.intvecs   0    00000000    000000e4     
                  00000000    000000e4     startup_msp432p401r_ccs.obj (.intvecs:retain)

.text      0    000000e4    00003138     
                  000000e4    00000a5e     rtsv7M4_T_le_v4SPD16_eabi.lib : _printfi.c.obj (.text:__TI_printfi)
                  00000b42    00000002                                   : _lock.c.obj (.text:_nop)
                  00000b44    0000045c     main.obj (.text)
                  00000fa0    00000334     system_msp432p401r.obj (.text)
                  000012d4    00000270     rtsv7M4_T_le_v4SPD16_eabi.lib : _printfi.c.obj (.text:_pconv_a)
                  00001544    000001d0                                   : _printfi.c.obj (.text:_pconv_g)
                  00001714    000001b6                                   : fd_add_t2.asm.obj (.text)
                  000018ca    00000002                                   : div0.asm.obj (.text)
                  000018cc    0000013c                                   : _printfi.c.obj (.text:_pconv_e)
                  00001a08    00000136                                   : fd_div_t2.asm.obj (.text)
                  00001b3e    00000002     --HOLE-- [fill = 0]
                  00001b40    00000120                                   : _printfi.c.obj (.text:fcvt)
                  00001c60    00000114                                   : fputs.c.obj (.text:fputs)
                  00001d74    00000110                                   : s_scalbn.c.obj (.text:scalbn)
                  00001e84    000000fc                                   : fd_mul_t2.asm.obj (.text)
                  00001f80    000000dc                                   : setvbuf.c.obj (.text:setvbuf)
                  0000205c    000000d8                                   : memory.c.obj (.text:free)
                  00002134    000000b1                                   : _printfi.c.obj (.text:_ltostr)
                  000021e5    00000001     --HOLE-- [fill = 0]
                  000021e6    0000009c                                   : memcpy_t2.asm.obj (.text)
                  00002282    00000096                                   : ull_div_t2.asm.obj (.text)
                  00002318    0000008c                                   : fputc.c.obj (.text:fputc)
                  000023a4    00000086                                   : fd_cmp_t2.asm.obj (.text:__aeabi_cdcmple)
                  0000242a    00000086                                   : fd_cmp_t2.asm.obj (.text:__aeabi_cdrcmple)
                  000024b0    0000007a                                   : memset_t2.asm.obj (.text)
                  0000252a    00000002     --HOLE-- [fill = 0]
                  0000252c    00000078                                   : memory.c.obj (.text:malloc)
                  000025a4    00000074                                   : fclose.c.obj (.text:__TI_closefile)
                  00002618    0000006e                                   : _printfi.c.obj (.text:_mcpy)
                  00002686    00000002     --HOLE-- [fill = 0]
                  00002688    00000068                                   : hostlseek.c.obj (.text:HOSTlseek)
                  000026f0    00000068                                   : hostrename.c.obj (.text:HOSTrename)
                  00002758    00000068                                   : copy_decompress_lzss.c.obj (.text:decompress:lzss:__TI_decompress_lzss)
                  000027c0    00000068                                   : printf.c.obj (.text:printf)
                  00002828    00000064                                   : s_frexp.c.obj (.text:frexp)
                  0000288c    00000064                                   : fseek.c.obj (.text:fseek)
                  000028f0    00000062                                   : _io_perm.c.obj (.text:__TI_wrt_ok)
                  00002952    00000002     --HOLE-- [fill = 0]
                  00002954    00000060                                   : hostopen.c.obj (.text:HOSTopen)
                  000029b4    0000005c                                   : close.c.obj (.text:close)
                  00002a10    00000058                                   : hostread.c.obj (.text:HOSTread)
                  00002a68    00000058                                   : hostwrite.c.obj (.text:HOSTwrite)
                  00002ac0    00000056                                   : _printfi.c.obj (.text:_pconv_f)
                  00002b16    00000054                                   : ltoa.c.obj (.text:ltoa)
                  00002b6a    00000052                                   : _printfi.c.obj (.text:_ecpy)
                  00002bbc    0000004c                                   : fflush.c.obj (.text:__TI_doflush)
                  00002c08    0000004c                                   : atoi.c.obj (.text:atoi)
                  00002c54    00000048                                   : exit.c.obj (.text:exit)
                  00002c9c    00000048                                   : fd_toi_t2.asm.obj (.text)
                  00002ce4    00000044                                   : hostclose.c.obj (.text:HOSTclose)
                  00002d28    00000044                                   : hostunlink.c.obj (.text:HOSTunlink)
                  00002d6c    00000044                                   : autoinit.c.obj (.text:__TI_auto_init_nobinit_nopinit:__TI_auto_init_nobinit_nopinit)
                  00002db0    00000044                                   : getdevice.c.obj (.text:getdevice)
                  00002df4    00000040                                   : sprintf.c.obj (.text:sprintf)
                  00002e34    0000003e                                   : _printfi.c.obj (.text:_fcpy)
                  00002e72    00000002     --HOLE-- [fill = 0]
                  00002e74    0000003c                                   : memory.c.obj (.text:minsert)
                  00002eb0    00000038                                   : trgmsg.c.obj (.text:__TI_writemsg)
                  00002ee8    00000038                                   : boot_cortex_m.c.obj (.text:_c_int00_noargs:_c_int00_noargs)
                  00002f20    00000038                                   : memory.c.obj (.text:minit)
                  00002f58    00000036                                   : strncpy.c.obj (.text:strncpy)
                  00002f8e    00000002     --HOLE-- [fill = 0]
                  00002f90    00000034                                   : fopen.c.obj (.text:__TI_cleanup)
                  00002fc4    00000034                                   : trgmsg.c.obj (.text:__TI_readmsg)
                  00002ff8    00000030                                   : getdevice.c.obj (.text:finddevice)
                  00003028    0000002e                                   : i_tofd_t2.asm.obj (.text)
                  00003056    00000002     --HOLE-- [fill = 0]
                  00003058    0000002c                                   : unlink.c.obj (.text:unlink)
                  00003084    00000028                                   : lseek.c.obj (.text:lseek)
                  000030ac    00000028                                   : memory.c.obj (.text:mremove)
                  000030d4    00000028                                   : write.c.obj (.text:write)
                  000030fc    00000020                                   : memchr.c.obj (.text:memchr)
                  0000311c    0000001c                                   : memccpy.c.obj (.text:memccpy)
                  00003138    00000018                                   : sprintf.c.obj (.text:_outs)
                  00003150    00000018                                   : strcmp.c.obj (.text:strcmp)
                  00003168    00000016                                   : strchr.c.obj (.text:strchr)
                  0000317e    00000014                                   : s_copysign.c.obj (.text:copysign)
                  00003192    00000014                                   : strcpy.c.obj (.text:strcpy)
                  000031a6    00000014                                   : strlen.c.obj (.text:strlen)
                  000031ba    00000012                                   : copy_zero_init.c.obj (.text:decompress:ZI:__TI_zero_init_nomemset:__TI_zero_init_nomemset)
                  000031cc    00000012                                   : wcslen.c.obj (.text:wcslen)
                  000031de    0000000e                                   : copy_decompress_none.c.obj (.text:decompress:none:__TI_decompress_none)
                  000031ec    0000000e     startup_msp432p401r_ccs.obj (.text)
                  000031fa    0000000a     rtsv7M4_T_le_v4SPD16_eabi.lib : sprintf.c.obj (.text:_outc)
                  00003204    00000008                                   : errno.c.obj (.text:__aeabi_errno_addr)
                  0000320c    00000004                                   : printf.c.obj (.text:_outc)
                  00003210    00000004                                   : printf.c.obj (.text:_outs)
                  00003214    00000004                                   : pre_init.c.obj (.text:_system_pre_init)
                  00003218    00000004                                   : exit.c.obj (.text:abort:abort)

.const     0    0000321c    00000101     
                  0000321c    00000101     rtsv7M4_T_le_v4SPD16_eabi.lib : ctype.c.obj (.const:.string:_ctypes_)

.cinit     0    00003320    000000a0     
                  00003320    00000076     (.cinit..data.load) [load image, compression = lzss]
                  00003396    00000002     --HOLE-- [fill = 0]
                  00003398    0000000c     (__TI_handler_table)
                  000033a4    00000004     --HOLE-- [fill = 0]
                  000033a8    00000008     (.cinit..bss.load) [load image, compression = zero_init]
                  000033b0    00000010     (__TI_cinit_table)

.init_array 
*          0    00000000    00000000     UNINITIALIZED

.binit     0    00000000    00000000     

.sysmem    0    20000000    00000400     UNINITIALIZED
                  20000000    00000008     rtsv7M4_T_le_v4SPD16_eabi.lib : memory.c.obj (.sysmem)
                  20000008    000003f8     --HOLE--

.data      0    20000400    00000200     UNINITIALIZED
                  20000400    000000f0     rtsv7M4_T_le_v4SPD16_eabi.lib : defs.c.obj (.data:_ftable)
                  200004f0    00000078                                   : write.c.obj (.data:_device)
                  20000568    00000050                                   : write.c.obj (.data:_stream)
                  200005b8    00000010                                   : defs.c.obj (.data)
                  200005c8    0000000d     main.obj (.data)
                  200005d5    00000003     --HOLE--
                  200005d8    0000000c     rtsv7M4_T_le_v4SPD16_eabi.lib : exit.c.obj (.data:$O1$$)
                  200005e4    0000000c                                   : memory.c.obj (.data:$O1$$)
                  200005f0    00000008                                   : _lock.c.obj (.data:$O1$$)
                  200005f8    00000004                                   : errno.c.obj (.data)
                  200005fc    00000004     system_msp432p401r.obj (.data)

.bss       0    20000600    000001c8     UNINITIALIZED
                  20000600    00000120     rtsv7M4_T_le_v4SPD16_eabi.lib : trgmsg.c.obj (.bss:_CIOBUF_)
                  20000720    000000a0     (.common:__TI_tmpnams)
                  200007c0    00000008     (.common:parmbuf)

.stack     0    2000fe00    00000200     UNINITIALIZED
                  2000fe00    00000004     rtsv7M4_T_le_v4SPD16_eabi.lib : boot_cortex_m.c.obj (.stack)
                  2000fe04    000001fc     --HOLE--

MODULE SUMMARY

       Module                        code    ro data   rw data
       ------                        ----    -------   -------
    ./
       main.obj                      1116    0         26     
       system_msp432p401r.obj        820     0         8      
       startup_msp432p401r_ccs.obj   14      228       0      
    +--+-----------------------------+-------+---------+---------+
       Total:                        1950    228       34     
                                                              
    /Applications/ti/ccsv8/tools/compiler/ti-cgt-arm_18.1.2.LTS/lib/rtsv7M4_T_le_v4SPD16_eabi.lib
       _printfi.c.obj                4863    0         0      
       defs.c.obj                    0       0         832    
       trgmsg.c.obj                  108     0         576    
       memory.c.obj                  492     0         24     
       write.c.obj                   40      0         400    
       fd_add_t2.asm.obj             438     0         0      
       fd_div_t2.asm.obj             310     0         0      
       fputs.c.obj                   276     0         0      
       s_scalbn.c.obj                272     0         0      
       fd_cmp_t2.asm.obj             268     0         0      
       ctype.c.obj                   0       257       0      
       fd_mul_t2.asm.obj             252     0         0      
       setvbuf.c.obj                 220     0         0      
       memcpy_t2.asm.obj             156     0         0      
       ull_div_t2.asm.obj            150     0         0      
       fputc.c.obj                   140     0         0      
       memset_t2.asm.obj             122     0         0      
       fclose.c.obj                  116     0         0      
       getdevice.c.obj               116     0         0      
       hostopen.c.obj                96      0         16     
       printf.c.obj                  112     0         0      
       copy_decompress_lzss.c.obj    104     0         0      
       hostlseek.c.obj               104     0         0      
       hostrename.c.obj              104     0         0      
       exit.c.obj                    76      0         24     
       fseek.c.obj                   100     0         0      
       s_frexp.c.obj                 100     0         0      
       _io_perm.c.obj                98      0         0      
       sprintf.c.obj                 98      0         0      
       close.c.obj                   92      0         0      
       hostread.c.obj                88      0         0      
       hostwrite.c.obj               88      0         0      
       ltoa.c.obj                    84      0         0      
       atoi.c.obj                    76      0         0      
       fflush.c.obj                  76      0         0      
       fd_toi_t2.asm.obj             72      0         0      
       autoinit.c.obj                68      0         0      
       hostclose.c.obj               68      0         0      
       hostunlink.c.obj              68      0         0      
       boot_cortex_m.c.obj           56      0         0      
       strncpy.c.obj                 54      0         0      
       fopen.c.obj                   52      0         0      
       i_tofd_t2.asm.obj             46      0         0      
       unlink.c.obj                  44      0         0      
       lseek.c.obj                   40      0         0      
       memchr.c.obj                  32      0         0      
       memccpy.c.obj                 28      0         0      
       strcmp.c.obj                  24      0         0      
       strchr.c.obj                  22      0         0      
       s_copysign.c.obj              20      0         0      
       strcpy.c.obj                  20      0         0      
       strlen.c.obj                  20      0         0      
       _lock.c.obj                   2       0         16     
       copy_zero_init.c.obj          18      0         0      
       wcslen.c.obj                  18      0         0      
       errno.c.obj                   8       0         8      
       copy_decompress_none.c.obj    14      0         0      
       pre_init.c.obj                4       0         0      
       div0.asm.obj                  2       0         0      
    +--+-----------------------------+-------+---------+---------+
       Total:                        10635   257       1896   
                                                              
       Heap:                         0       0         2048   
       Stack:                        0       0         1024   
       Linker Generated:             0       154       0      
    +--+-----------------------------+-------+---------+---------+
       Grand Total:                  12585   639       5002   


LINKER GENERATED COPY TABLES

__TI_cinit_table @ 000033b0 records: 2, size/record: 8, table size: 16
	.data: load addr=00003320, load size=00000076 bytes, run addr=20000400, run size=00000200 bytes, compression=lzss
	.bss: load addr=000033a8, load size=00000008 bytes, run addr=20000600, run size=000001c8 bytes, compression=zero_init


LINKER GENERATED HANDLER TABLE

__TI_handler_table @ 00003398 records: 3, size/record: 4, table size: 12
	index: 0, handler: __TI_decompress_lzss
	index: 1, handler: __TI_decompress_none
	index: 2, handler: __TI_zero_init


GLOBAL SYMBOLS: SORTED ALPHABETICALLY BY Name 

address   name                           
-------   ----                           
000031f9  ADC14_IRQHandler               
000031f9  AES256_IRQHandler              
000031f9  BusFault_Handler               
00003219  C$$EXIT                        
00002edf  C$$IO$$                        
000031f9  COMP_E0_IRQHandler             
000031f9  COMP_E1_IRQHandler             
000031f9  CS_IRQHandler                  
000031f9  DMA_ERR_IRQHandler             
000031f9  DMA_INT0_IRQHandler            
000031f9  DMA_INT1_IRQHandler            
000031f9  DMA_INT2_IRQHandler            
000031f9  DMA_INT3_IRQHandler            
000031f9  DebugMon_Handler               
000031f9  Default_Handler                
000031f9  EUSCIA0_IRQHandler             
000031f9  EUSCIA1_IRQHandler             
000031f9  EUSCIA2_IRQHandler             
000031f9  EUSCIA3_IRQHandler             
000031f9  EUSCIB0_IRQHandler             
000031f9  EUSCIB1_IRQHandler             
000031f9  EUSCIB2_IRQHandler             
000031f9  EUSCIB3_IRQHandler             
000031f9  FLCTL_IRQHandler               
000031f9  FPU_IRQHandler                 
00002ce5  HOSTclose                      
00002689  HOSTlseek                      
00002955  HOSTopen                       
00002a11  HOSTread                       
000026f1  HOSTrename                     
00002d29  HOSTunlink                     
00002a69  HOSTwrite                      
000031f9  HardFault_Handler              
00000d2d  Initialize_LCD                 
00000cc7  Initialize_Pins                
00000b91  LCD_CurrentTime                
000031f9  MemManage_Handler              
000031f9  NMI_Handler                    
000031f9  PCM_IRQHandler                 
000031f9  PORT1_IRQHandler               
000031f9  PORT2_IRQHandler               
000031f9  PORT3_IRQHandler               
000031f9  PORT4_IRQHandler               
000031f9  PORT5_IRQHandler               
000031f9  PORT6_IRQHandler               
000031f9  PSS_IRQHandler                 
000031f9  PendSV_Handler                 
00000d9d  PulseEnablePin                 
000031f9  RTC_C_IRQHandler               
000031ed  Reset_Handler                  
000031f9  SVC_Handler                    
000031f9  SysTick_Handler                
00000f2b  SysTick_Init                   
200005fc  SystemCoreClock                
00000fa1  SystemCoreClockUpdate          
00001219  SystemInit                     
00000f0d  T32_INT1_IRQHandler            
00000f0d  T32_INT1_IRQHandler            
000031f9  T32_INT2_IRQHandler            
000031f9  T32_INTC_IRQHandler            
000031f9  TA0_0_IRQHandler               
000031f9  TA0_N_IRQHandler               
000031f9  TA1_0_IRQHandler               
000031f9  TA1_N_IRQHandler               
000031f9  TA2_0_IRQHandler               
000031f9  TA2_N_IRQHandler               
000031f9  TA3_0_IRQHandler               
000031f9  TA3_N_IRQHandler               
00000ee9  Timer_32_Init                  
000031f9  UsageFault_Handler             
4000480c  WDTCTL_SYM                     
000031f9  WDT_A_IRQHandler               
20000600  __CIOBUF_                      
20010000  __STACK_END                    
00000200  __STACK_SIZE                   
00000400  __SYSMEM_SIZE                  
000033b0  __TI_CINIT_Base                
000033c0  __TI_CINIT_Limit               
00003398  __TI_Handler_Table_Base        
000033a4  __TI_Handler_Table_Limit       
00002d6d  __TI_auto_init_nobinit_nopinit 
00002f91  __TI_cleanup                   
200005d8  __TI_cleanup_ptr               
000025a5  __TI_closefile                 
00002759  __TI_decompress_lzss           
000031df  __TI_decompress_none           
00002bbd  __TI_doflush                   
200005dc  __TI_dtors_ptr                 
200005e0  __TI_enable_exit_profile_output
200005b8  __TI_ft_end                    
ffffffff  __TI_pprof_out_hndl            
000000e5  __TI_printfi                   
ffffffff  __TI_prof_data_size            
ffffffff  __TI_prof_data_start           
00002fc5  __TI_readmsg                   
00000000  __TI_static_base__             
20000720  __TI_tmpnams                   
00002eb1  __TI_writemsg                  
000028f1  __TI_wrt_ok                    
000031bb  __TI_zero_init_nomemset        
000023a5  __aeabi_cdcmpeq                
000023a5  __aeabi_cdcmple                
0000242b  __aeabi_cdrcmple               
00002c9d  __aeabi_d2iz                   
0000171f  __aeabi_dadd                   
00001a09  __aeabi_ddiv                   
00001e85  __aeabi_dmul                   
00001715  __aeabi_dsub                   
00003205  __aeabi_errno_addr             
00003029  __aeabi_i2d                    
000018cb  __aeabi_idiv0                  
000018cb  __aeabi_ldiv0                  
000024b1  __aeabi_memclr                 
000024b1  __aeabi_memclr4                
000024b1  __aeabi_memclr8                
000021e7  __aeabi_memcpy                 
000021e7  __aeabi_memcpy4                
000021e7  __aeabi_memcpy8                
000024b3  __aeabi_memset                 
000024b3  __aeabi_memset4                
000024b3  __aeabi_memset8                
200005c4  __aeabi_stderr                 
200005bc  __aeabi_stdin                  
200005c0  __aeabi_stdout                 
00002283  __aeabi_uldivmod               
ffffffff  __binit__                      
ffffffff  __c_args__                     
UNDEFED   __mpu_init                     
2000fe00  __stack                        
00002ee9  _c_int00_noargs                
0000321c  _ctypes_                       
200004f0  _device                        
20000400  _ftable                        
200005f0  _lock                          
00000b43  _nop                           
20000568  _stream                        
20000000  _sys_memory                    
UNDEFED   _system_post_cinit             
00003215  _system_pre_init               
200005f4  _unlock                        
00003219  abort                          
00002c09  atoi                           
ffffffff  binit                          
000029b5  close                          
00000e55  commandWrite                   
0000317f  copysign                       
0000317f  copysignl                      
200005d4  current_day_status             
200005d0  current_hour                   
200005cc  current_minute                 
200005c8  current_second                 
00000e6f  dataWrite                      
00000e89  delay_micro                    
00000eb5  delay_ms                       
200005f8  errno                          
00002c55  exit                           
00002ff9  finddevice                     
00002319  fputc                          
00001c61  fputs                          
0000205d  free                           
00002829  frexp                          
00002829  frexpl                         
0000288d  fseek                          
00002db1  getdevice                      
00000000  interruptVectors               
00001d75  ldexp                          
00001d75  ldexpl                         
00003085  lseek                          
00002b17  ltoa                           
00000b71  main                           
0000252d  malloc                         
0000311d  memccpy                        
000030fd  memchr                         
000021e7  memcpy                         
000024b9  memset                         
00002f21  minit                          
200007c0  parmbuf                        
000027c1  printf                         
00000e17  pushByte                       
00000dd1  pushNibble                     
00002319  putc                           
00003059  remove                         
00001d75  scalbn                         
00001d75  scalbnl                        
00001f81  setvbuf                        
00002df5  sprintf                        
00003169  strchr                         
00003151  strcmp                         
00003193  strcpy                         
000031a7  strlen                         
00002f59  strncpy                        
00003059  unlink                         
000031cd  wcslen                         
000030d5  write                          


GLOBAL SYMBOLS: SORTED BY Symbol Address 

address   name                           
-------   ----                           
00000000  __TI_static_base__             
00000000  interruptVectors               
000000e5  __TI_printfi                   
00000200  __STACK_SIZE                   
00000400  __SYSMEM_SIZE                  
00000b43  _nop                           
00000b71  main                           
00000b91  LCD_CurrentTime                
00000cc7  Initialize_Pins                
00000d2d  Initialize_LCD                 
00000d9d  PulseEnablePin                 
00000dd1  pushNibble                     
00000e17  pushByte                       
00000e55  commandWrite                   
00000e6f  dataWrite                      
00000e89  delay_micro                    
00000eb5  delay_ms                       
00000ee9  Timer_32_Init                  
00000f0d  T32_INT1_IRQHandler            
00000f0d  T32_INT1_IRQHandler            
00000f2b  SysTick_Init                   
00000fa1  SystemCoreClockUpdate          
00001219  SystemInit                     
00001715  __aeabi_dsub                   
0000171f  __aeabi_dadd                   
000018cb  __aeabi_idiv0                  
000018cb  __aeabi_ldiv0                  
00001a09  __aeabi_ddiv                   
00001c61  fputs                          
00001d75  ldexp                          
00001d75  ldexpl                         
00001d75  scalbn                         
00001d75  scalbnl                        
00001e85  __aeabi_dmul                   
00001f81  setvbuf                        
0000205d  free                           
000021e7  __aeabi_memcpy                 
000021e7  __aeabi_memcpy4                
000021e7  __aeabi_memcpy8                
000021e7  memcpy                         
00002283  __aeabi_uldivmod               
00002319  fputc                          
00002319  putc                           
000023a5  __aeabi_cdcmpeq                
000023a5  __aeabi_cdcmple                
0000242b  __aeabi_cdrcmple               
000024b1  __aeabi_memclr                 
000024b1  __aeabi_memclr4                
000024b1  __aeabi_memclr8                
000024b3  __aeabi_memset                 
000024b3  __aeabi_memset4                
000024b3  __aeabi_memset8                
000024b9  memset                         
0000252d  malloc                         
000025a5  __TI_closefile                 
00002689  HOSTlseek                      
000026f1  HOSTrename                     
00002759  __TI_decompress_lzss           
000027c1  printf                         
00002829  frexp                          
00002829  frexpl                         
0000288d  fseek                          
000028f1  __TI_wrt_ok                    
00002955  HOSTopen                       
000029b5  close                          
00002a11  HOSTread                       
00002a69  HOSTwrite                      
00002b17  ltoa                           
00002bbd  __TI_doflush                   
00002c09  atoi                           
00002c55  exit                           
00002c9d  __aeabi_d2iz                   
00002ce5  HOSTclose                      
00002d29  HOSTunlink                     
00002d6d  __TI_auto_init_nobinit_nopinit 
00002db1  getdevice                      
00002df5  sprintf                        
00002eb1  __TI_writemsg                  
00002edf  C$$IO$$                        
00002ee9  _c_int00_noargs                
00002f21  minit                          
00002f59  strncpy                        
00002f91  __TI_cleanup                   
00002fc5  __TI_readmsg                   
00002ff9  finddevice                     
00003029  __aeabi_i2d                    
00003059  remove                         
00003059  unlink                         
00003085  lseek                          
000030d5  write                          
000030fd  memchr                         
0000311d  memccpy                        
00003151  strcmp                         
00003169  strchr                         
0000317f  copysign                       
0000317f  copysignl                      
00003193  strcpy                         
000031a7  strlen                         
000031bb  __TI_zero_init_nomemset        
000031cd  wcslen                         
000031df  __TI_decompress_none           
000031ed  Reset_Handler                  
000031f9  ADC14_IRQHandler               
000031f9  AES256_IRQHandler              
000031f9  BusFault_Handler               
000031f9  COMP_E0_IRQHandler             
000031f9  COMP_E1_IRQHandler             
000031f9  CS_IRQHandler                  
000031f9  DMA_ERR_IRQHandler             
000031f9  DMA_INT0_IRQHandler            
000031f9  DMA_INT1_IRQHandler            
000031f9  DMA_INT2_IRQHandler            
000031f9  DMA_INT3_IRQHandler            
000031f9  DebugMon_Handler               
000031f9  Default_Handler                
000031f9  EUSCIA0_IRQHandler             
000031f9  EUSCIA1_IRQHandler             
000031f9  EUSCIA2_IRQHandler             
000031f9  EUSCIA3_IRQHandler             
000031f9  EUSCIB0_IRQHandler             
000031f9  EUSCIB1_IRQHandler             
000031f9  EUSCIB2_IRQHandler             
000031f9  EUSCIB3_IRQHandler             
000031f9  FLCTL_IRQHandler               
000031f9  FPU_IRQHandler                 
000031f9  HardFault_Handler              
000031f9  MemManage_Handler              
000031f9  NMI_Handler                    
000031f9  PCM_IRQHandler                 
000031f9  PORT1_IRQHandler               
000031f9  PORT2_IRQHandler               
000031f9  PORT3_IRQHandler               
000031f9  PORT4_IRQHandler               
000031f9  PORT5_IRQHandler               
000031f9  PORT6_IRQHandler               
000031f9  PSS_IRQHandler                 
000031f9  PendSV_Handler                 
000031f9  RTC_C_IRQHandler               
000031f9  SVC_Handler                    
000031f9  SysTick_Handler                
000031f9  T32_INT2_IRQHandler            
000031f9  T32_INTC_IRQHandler            
000031f9  TA0_0_IRQHandler               
000031f9  TA0_N_IRQHandler               
000031f9  TA1_0_IRQHandler               
000031f9  TA1_N_IRQHandler               
000031f9  TA2_0_IRQHandler               
000031f9  TA2_N_IRQHandler               
000031f9  TA3_0_IRQHandler               
000031f9  TA3_N_IRQHandler               
000031f9  UsageFault_Handler             
000031f9  WDT_A_IRQHandler               
00003205  __aeabi_errno_addr             
00003215  _system_pre_init               
00003219  C$$EXIT                        
00003219  abort                          
0000321c  _ctypes_                       
00003398  __TI_Handler_Table_Base        
000033a4  __TI_Handler_Table_Limit       
000033b0  __TI_CINIT_Base                
000033c0  __TI_CINIT_Limit               
20000000  _sys_memory                    
20000400  _ftable                        
200004f0  _device                        
20000568  _stream                        
200005b8  __TI_ft_end                    
200005bc  __aeabi_stdin                  
200005c0  __aeabi_stdout                 
200005c4  __aeabi_stderr                 
200005c8  current_second                 
200005cc  current_minute                 
200005d0  current_hour                   
200005d4  current_day_status             
200005d8  __TI_cleanup_ptr               
200005dc  __TI_dtors_ptr                 
200005e0  __TI_enable_exit_profile_output
200005f0  _lock                          
200005f4  _unlock                        
200005f8  errno                          
200005fc  SystemCoreClock                
20000600  __CIOBUF_                      
20000720  __TI_tmpnams                   
200007c0  parmbuf                        
2000fe00  __stack                        
20010000  __STACK_END                    
4000480c  WDTCTL_SYM                     
ffffffff  __TI_pprof_out_hndl            
ffffffff  __TI_prof_data_size            
ffffffff  __TI_prof_data_start           
ffffffff  __binit__                      
ffffffff  __c_args__                     
ffffffff  binit                          
UNDEFED   __mpu_init                     
UNDEFED   _system_post_cinit             

[194 symbols]
