******************************************************************************
                  TI ARM Linker Unix v18.1.2                   
******************************************************************************
>> Linked Mon Nov 19 17:20:41 2018

OUTPUT FILE NAME:   <Final_Project.out>
ENTRY POINT SYMBOL: "_c_int00_noargs"  address: 00003209


MEMORY CONFIGURATION

         name            origin    length      used     unused   attr    fill
----------------------  --------  ---------  --------  --------  ----  --------
  MAIN                  00000000   00040000  000036dd  0003c923  R  X
  INFO                  00200000   00004000  00000000  00004000  R  X
  SRAM_CODE             01000000   00010000  000009f4  0000f60c  RW X
  SRAM_DATA             20000000   00010000  000009f4  0000f60c  RW  


SEGMENT ALLOCATION MAP

run origin  load origin   length   init length attrs members
----------  ----------- ---------- ----------- ----- -------
00000000    00000000    000036e0   000036e0    r-x
  00000000    00000000    000000e4   000000e4    r-- .intvecs
  000000e4    000000e4    00003458   00003458    r-x .text
  0000353c    0000353c    00000101   00000101    r-- .const
  00003640    00003640    000000a0   000000a0    r-- .cinit
20000000    20000000    000007f4   00000000    rw-
  20000000    20000000    00000400   00000000    rw- .sysmem
  20000400    20000400    00000218   00000000    rw- .data
  20000618    20000618    000001dc   00000000    rw- .bss
2000fe00    2000fe00    00000200   00000000    rw-
  2000fe00    2000fe00    00000200   00000000    rw- .stack


SECTION ALLOCATION MAP

 output                                  attributes/
section   page    origin      length       input sections
--------  ----  ----------  ----------   ----------------
.intvecs   0    00000000    000000e4     
                  00000000    000000e4     startup_msp432p401r_ccs.obj (.intvecs:retain)

.text      0    000000e4    00003458     
                  000000e4    00000a5e     rtsv7M4_T_le_v4SPD16_eabi.lib : _printfi.c.obj (.text:__TI_printfi)
                  00000b42    00000002                                   : _lock.c.obj (.text:_nop)
                  00000b44    0000077c     main.obj (.text)
                  000012c0    00000334     system_msp432p401r.obj (.text)
                  000015f4    00000270     rtsv7M4_T_le_v4SPD16_eabi.lib : _printfi.c.obj (.text:_pconv_a)
                  00001864    000001d0                                   : _printfi.c.obj (.text:_pconv_g)
                  00001a34    000001b6                                   : fd_add_t2.asm.obj (.text)
                  00001bea    00000002                                   : div0.asm.obj (.text)
                  00001bec    0000013c                                   : _printfi.c.obj (.text:_pconv_e)
                  00001d28    00000136                                   : fd_div_t2.asm.obj (.text)
                  00001e5e    00000002     --HOLE-- [fill = 0]
                  00001e60    00000120                                   : _printfi.c.obj (.text:fcvt)
                  00001f80    00000114                                   : fputs.c.obj (.text:fputs)
                  00002094    00000110                                   : s_scalbn.c.obj (.text:scalbn)
                  000021a4    000000fc                                   : fd_mul_t2.asm.obj (.text)
                  000022a0    000000dc                                   : setvbuf.c.obj (.text:setvbuf)
                  0000237c    000000d8                                   : memory.c.obj (.text:free)
                  00002454    000000b1                                   : _printfi.c.obj (.text:_ltostr)
                  00002505    00000001     --HOLE-- [fill = 0]
                  00002506    0000009c                                   : memcpy_t2.asm.obj (.text)
                  000025a2    00000096                                   : ull_div_t2.asm.obj (.text)
                  00002638    0000008c                                   : fputc.c.obj (.text:fputc)
                  000026c4    00000086                                   : fd_cmp_t2.asm.obj (.text:__aeabi_cdcmple)
                  0000274a    00000086                                   : fd_cmp_t2.asm.obj (.text:__aeabi_cdrcmple)
                  000027d0    0000007a                                   : memset_t2.asm.obj (.text)
                  0000284a    00000002     --HOLE-- [fill = 0]
                  0000284c    00000078                                   : memory.c.obj (.text:malloc)
                  000028c4    00000074                                   : fclose.c.obj (.text:__TI_closefile)
                  00002938    0000006e                                   : _printfi.c.obj (.text:_mcpy)
                  000029a6    00000002     --HOLE-- [fill = 0]
                  000029a8    00000068                                   : hostlseek.c.obj (.text:HOSTlseek)
                  00002a10    00000068                                   : hostrename.c.obj (.text:HOSTrename)
                  00002a78    00000068                                   : copy_decompress_lzss.c.obj (.text:decompress:lzss:__TI_decompress_lzss)
                  00002ae0    00000068                                   : printf.c.obj (.text:printf)
                  00002b48    00000064                                   : s_frexp.c.obj (.text:frexp)
                  00002bac    00000064                                   : fseek.c.obj (.text:fseek)
                  00002c10    00000062                                   : _io_perm.c.obj (.text:__TI_wrt_ok)
                  00002c72    00000002     --HOLE-- [fill = 0]
                  00002c74    00000060                                   : hostopen.c.obj (.text:HOSTopen)
                  00002cd4    0000005c                                   : close.c.obj (.text:close)
                  00002d30    00000058                                   : hostread.c.obj (.text:HOSTread)
                  00002d88    00000058                                   : hostwrite.c.obj (.text:HOSTwrite)
                  00002de0    00000056                                   : _printfi.c.obj (.text:_pconv_f)
                  00002e36    00000054                                   : ltoa.c.obj (.text:ltoa)
                  00002e8a    00000052                                   : _printfi.c.obj (.text:_ecpy)
                  00002edc    0000004c                                   : fflush.c.obj (.text:__TI_doflush)
                  00002f28    0000004c                                   : atoi.c.obj (.text:atoi)
                  00002f74    00000048                                   : exit.c.obj (.text:exit)
                  00002fbc    00000048                                   : fd_toi_t2.asm.obj (.text)
                  00003004    00000044                                   : hostclose.c.obj (.text:HOSTclose)
                  00003048    00000044                                   : hostunlink.c.obj (.text:HOSTunlink)
                  0000308c    00000044                                   : autoinit.c.obj (.text:__TI_auto_init_nobinit_nopinit:__TI_auto_init_nobinit_nopinit)
                  000030d0    00000044                                   : getdevice.c.obj (.text:getdevice)
                  00003114    00000040                                   : sprintf.c.obj (.text:sprintf)
                  00003154    0000003e                                   : _printfi.c.obj (.text:_fcpy)
                  00003192    00000002     --HOLE-- [fill = 0]
                  00003194    0000003c                                   : memory.c.obj (.text:minsert)
                  000031d0    00000038                                   : trgmsg.c.obj (.text:__TI_writemsg)
                  00003208    00000038                                   : boot_cortex_m.c.obj (.text:_c_int00_noargs:_c_int00_noargs)
                  00003240    00000038                                   : memory.c.obj (.text:minit)
                  00003278    00000036                                   : strncpy.c.obj (.text:strncpy)
                  000032ae    00000002     --HOLE-- [fill = 0]
                  000032b0    00000034                                   : fopen.c.obj (.text:__TI_cleanup)
                  000032e4    00000034                                   : trgmsg.c.obj (.text:__TI_readmsg)
                  00003318    00000030                                   : getdevice.c.obj (.text:finddevice)
                  00003348    0000002e                                   : i_tofd_t2.asm.obj (.text)
                  00003376    00000002     --HOLE-- [fill = 0]
                  00003378    0000002c                                   : unlink.c.obj (.text:unlink)
                  000033a4    00000028                                   : lseek.c.obj (.text:lseek)
                  000033cc    00000028                                   : memory.c.obj (.text:mremove)
                  000033f4    00000028                                   : write.c.obj (.text:write)
                  0000341c    00000020                                   : memchr.c.obj (.text:memchr)
                  0000343c    0000001c                                   : memccpy.c.obj (.text:memccpy)
                  00003458    00000018                                   : sprintf.c.obj (.text:_outs)
                  00003470    00000018                                   : strcmp.c.obj (.text:strcmp)
                  00003488    00000016                                   : strchr.c.obj (.text:strchr)
                  0000349e    00000014                                   : s_copysign.c.obj (.text:copysign)
                  000034b2    00000014                                   : strcpy.c.obj (.text:strcpy)
                  000034c6    00000014                                   : strlen.c.obj (.text:strlen)
                  000034da    00000012                                   : copy_zero_init.c.obj (.text:decompress:ZI:__TI_zero_init_nomemset:__TI_zero_init_nomemset)
                  000034ec    00000012                                   : wcslen.c.obj (.text:wcslen)
                  000034fe    0000000e                                   : copy_decompress_none.c.obj (.text:decompress:none:__TI_decompress_none)
                  0000350c    0000000e     startup_msp432p401r_ccs.obj (.text)
                  0000351a    0000000a     rtsv7M4_T_le_v4SPD16_eabi.lib : sprintf.c.obj (.text:_outc)
                  00003524    00000008                                   : errno.c.obj (.text:__aeabi_errno_addr)
                  0000352c    00000004                                   : printf.c.obj (.text:_outc)
                  00003530    00000004                                   : printf.c.obj (.text:_outs)
                  00003534    00000004                                   : pre_init.c.obj (.text:_system_pre_init)
                  00003538    00000004                                   : exit.c.obj (.text:abort:abort)

.const     0    0000353c    00000101     
                  0000353c    00000101     rtsv7M4_T_le_v4SPD16_eabi.lib : ctype.c.obj (.const:.string:_ctypes_)

.cinit     0    00003640    000000a0     
                  00003640    0000007b     (.cinit..data.load) [load image, compression = lzss]
                  000036bb    00000001     --HOLE-- [fill = 0]
                  000036bc    0000000c     (__TI_handler_table)
                  000036c8    00000008     (.cinit..bss.load) [load image, compression = zero_init]
                  000036d0    00000010     (__TI_cinit_table)

.init_array 
*          0    00000000    00000000     UNINITIALIZED

.binit     0    00000000    00000000     

.sysmem    0    20000000    00000400     UNINITIALIZED
                  20000000    00000008     rtsv7M4_T_le_v4SPD16_eabi.lib : memory.c.obj (.sysmem)
                  20000008    000003f8     --HOLE--

.data      0    20000400    00000218     UNINITIALIZED
                  20000400    000000f0     rtsv7M4_T_le_v4SPD16_eabi.lib : defs.c.obj (.data:_ftable)
                  200004f0    00000078                                   : write.c.obj (.data:_device)
                  20000568    00000050                                   : write.c.obj (.data:_stream)
                  200005b8    00000028     main.obj (.data)
                  200005e0    00000010     rtsv7M4_T_le_v4SPD16_eabi.lib : defs.c.obj (.data)
                  200005f0    0000000c                                   : exit.c.obj (.data:$O1$$)
                  200005fc    0000000c                                   : memory.c.obj (.data:$O1$$)
                  20000608    00000008                                   : _lock.c.obj (.data:$O1$$)
                  20000610    00000004                                   : errno.c.obj (.data)
                  20000614    00000004     system_msp432p401r.obj (.data)

.bss       0    20000618    000001dc     UNINITIALIZED
                  20000618    00000120     rtsv7M4_T_le_v4SPD16_eabi.lib : trgmsg.c.obj (.bss:_CIOBUF_)
                  20000738    000000a0     (.common:__TI_tmpnams)
                  200007d8    00000008     (.common:parmbuf)
                  200007e0    00000004     (.common:hour_current)
                  200007e4    00000004     (.common:num)
                  200007e8    00000004     (.common:num1)
                  200007ec    00000004     (.common:sec)
                  200007f0    00000004     (.common:sec1)

.stack     0    2000fe00    00000200     UNINITIALIZED
                  2000fe00    00000004     rtsv7M4_T_le_v4SPD16_eabi.lib : boot_cortex_m.c.obj (.stack)
                  2000fe04    000001fc     --HOLE--

MODULE SUMMARY

       Module                        code    ro data   rw data
       ------                        ----    -------   -------
    ./
       main.obj                      1916    0         120    
       system_msp432p401r.obj        820     0         8      
       startup_msp432p401r_ccs.obj   14      228       0      
    +--+-----------------------------+-------+---------+---------+
       Total:                        2750    228       128    
                                                              
    /Applications/ti/ccsv8/tools/compiler/ti-cgt-arm_18.1.2.LTS/lib/rtsv7M4_T_le_v4SPD16_eabi.lib
       _printfi.c.obj                4863    0         0      
       defs.c.obj                    0       0         832    
       trgmsg.c.obj                  108     0         576    
       memory.c.obj                  492     0         24     
       write.c.obj                   40      0         400    
       fd_add_t2.asm.obj             438     0         0      
       fd_div_t2.asm.obj             310     0         0      
       fputs.c.obj                   276     0         0      
       s_scalbn.c.obj                272     0         0      
       fd_cmp_t2.asm.obj             268     0         0      
       ctype.c.obj                   0       257       0      
       fd_mul_t2.asm.obj             252     0         0      
       setvbuf.c.obj                 220     0         0      
       memcpy_t2.asm.obj             156     0         0      
       ull_div_t2.asm.obj            150     0         0      
       fputc.c.obj                   140     0         0      
       memset_t2.asm.obj             122     0         0      
       fclose.c.obj                  116     0         0      
       getdevice.c.obj               116     0         0      
       hostopen.c.obj                96      0         16     
       printf.c.obj                  112     0         0      
       copy_decompress_lzss.c.obj    104     0         0      
       hostlseek.c.obj               104     0         0      
       hostrename.c.obj              104     0         0      
       exit.c.obj                    76      0         24     
       fseek.c.obj                   100     0         0      
       s_frexp.c.obj                 100     0         0      
       _io_perm.c.obj                98      0         0      
       sprintf.c.obj                 98      0         0      
       close.c.obj                   92      0         0      
       hostread.c.obj                88      0         0      
       hostwrite.c.obj               88      0         0      
       ltoa.c.obj                    84      0         0      
       atoi.c.obj                    76      0         0      
       fflush.c.obj                  76      0         0      
       fd_toi_t2.asm.obj             72      0         0      
       autoinit.c.obj                68      0         0      
       hostclose.c.obj               68      0         0      
       hostunlink.c.obj              68      0         0      
       boot_cortex_m.c.obj           56      0         0      
       strncpy.c.obj                 54      0         0      
       fopen.c.obj                   52      0         0      
       i_tofd_t2.asm.obj             46      0         0      
       unlink.c.obj                  44      0         0      
       lseek.c.obj                   40      0         0      
       memchr.c.obj                  32      0         0      
       memccpy.c.obj                 28      0         0      
       strcmp.c.obj                  24      0         0      
       strchr.c.obj                  22      0         0      
       s_copysign.c.obj              20      0         0      
       strcpy.c.obj                  20      0         0      
       strlen.c.obj                  20      0         0      
       _lock.c.obj                   2       0         16     
       copy_zero_init.c.obj          18      0         0      
       wcslen.c.obj                  18      0         0      
       errno.c.obj                   8       0         8      
       copy_decompress_none.c.obj    14      0         0      
       pre_init.c.obj                4       0         0      
       div0.asm.obj                  2       0         0      
    +--+-----------------------------+-------+---------+---------+
       Total:                        10635   257       1896   
                                                              
       Heap:                         0       0         2048   
       Stack:                        0       0         1024   
       Linker Generated:             0       159       0      
    +--+-----------------------------+-------+---------+---------+
       Grand Total:                  13385   644       5096   


LINKER GENERATED COPY TABLES

__TI_cinit_table @ 000036d0 records: 2, size/record: 8, table size: 16
	.data: load addr=00003640, load size=0000007b bytes, run addr=20000400, run size=00000218 bytes, compression=lzss
	.bss: load addr=000036c8, load size=00000008 bytes, run addr=20000618, run size=000001dc bytes, compression=zero_init


LINKER GENERATED HANDLER TABLE

__TI_handler_table @ 000036bc records: 3, size/record: 4, table size: 12
	index: 0, handler: __TI_decompress_lzss
	index: 1, handler: __TI_decompress_none
	index: 2, handler: __TI_zero_init


GLOBAL SYMBOLS: SORTED ALPHABETICALLY BY Name 

address   name                           
-------   ----                           
00003519  ADC14_IRQHandler               
00003519  AES256_IRQHandler              
00003519  BusFault_Handler               
00003539  C$$EXIT                        
000031ff  C$$IO$$                        
00003519  COMP_E0_IRQHandler             
00003519  COMP_E1_IRQHandler             
00003519  CS_IRQHandler                  
00003519  DMA_ERR_IRQHandler             
00003519  DMA_INT0_IRQHandler            
00003519  DMA_INT1_IRQHandler            
00003519  DMA_INT2_IRQHandler            
00003519  DMA_INT3_IRQHandler            
00003519  DebugMon_Handler               
00003519  Default_Handler                
00003519  EUSCIA0_IRQHandler             
00003519  EUSCIA1_IRQHandler             
00003519  EUSCIA2_IRQHandler             
00003519  EUSCIA3_IRQHandler             
00003519  EUSCIB0_IRQHandler             
00003519  EUSCIB1_IRQHandler             
00003519  EUSCIB2_IRQHandler             
00003519  EUSCIB3_IRQHandler             
00003519  FLCTL_IRQHandler               
00003519  FPU_IRQHandler                 
00003005  HOSTclose                      
000029a9  HOSTlseek                      
00002c75  HOSTopen                       
00002d31  HOSTread                       
00002a11  HOSTrename                     
00003049  HOSTunlink                     
00002d89  HOSTwrite                      
00003519  HardFault_Handler              
00001039  Initialize_LCD                 
00000fcd  Initialize_Pins                
00000d2d  LCD_CurrentTime                
00003519  MemManage_Handler              
00003519  NMI_Handler                    
00003519  PCM_IRQHandler                 
00003519  PORT1_IRQHandler               
00003519  PORT2_IRQHandler               
00003519  PORT3_IRQHandler               
00003519  PORT4_IRQHandler               
00000bf9  PORT5_IRQHandler               
00000bf9  PORT5_IRQHandler               
00003519  PORT6_IRQHandler               
00003519  PSS_IRQHandler                 
00003519  PendSV_Handler                 
000010cd  PulseEnablePin                 
00003519  RTC_C_IRQHandler               
0000350d  Reset_Handler                  
00003519  SVC_Handler                    
00000b99  Set_Time                       
00000c1f  SetupPort5Interrupts           
00003519  SysTick_Handler                
00001253  SysTick_Init                   
20000614  SystemCoreClock                
000012c1  SystemCoreClockUpdate          
00001539  SystemInit                     
00001235  T32_INT1_IRQHandler            
00001235  T32_INT1_IRQHandler            
00003519  T32_INT2_IRQHandler            
00003519  T32_INTC_IRQHandler            
00003519  TA0_0_IRQHandler               
00003519  TA0_N_IRQHandler               
00003519  TA1_0_IRQHandler               
00003519  TA1_N_IRQHandler               
00003519  TA2_0_IRQHandler               
00003519  TA2_N_IRQHandler               
00003519  TA3_0_IRQHandler               
00003519  TA3_N_IRQHandler               
00001211  Timer_32_Init                  
00003519  UsageFault_Handler             
4000480c  WDTCTL_SYM                     
00003519  WDT_A_IRQHandler               
20000618  __CIOBUF_                      
20010000  __STACK_END                    
00000200  __STACK_SIZE                   
00000400  __SYSMEM_SIZE                  
000036d0  __TI_CINIT_Base                
000036e0  __TI_CINIT_Limit               
000036bc  __TI_Handler_Table_Base        
000036c8  __TI_Handler_Table_Limit       
0000308d  __TI_auto_init_nobinit_nopinit 
000032b1  __TI_cleanup                   
200005f0  __TI_cleanup_ptr               
000028c5  __TI_closefile                 
00002a79  __TI_decompress_lzss           
000034ff  __TI_decompress_none           
00002edd  __TI_doflush                   
200005f4  __TI_dtors_ptr                 
200005f8  __TI_enable_exit_profile_output
200005e0  __TI_ft_end                    
ffffffff  __TI_pprof_out_hndl            
000000e5  __TI_printfi                   
ffffffff  __TI_prof_data_size            
ffffffff  __TI_prof_data_start           
000032e5  __TI_readmsg                   
00000000  __TI_static_base__             
20000738  __TI_tmpnams                   
000031d1  __TI_writemsg                  
00002c11  __TI_wrt_ok                    
000034db  __TI_zero_init_nomemset        
000026c5  __aeabi_cdcmpeq                
000026c5  __aeabi_cdcmple                
0000274b  __aeabi_cdrcmple               
00002fbd  __aeabi_d2iz                   
00001a3f  __aeabi_dadd                   
00001d29  __aeabi_ddiv                   
000021a5  __aeabi_dmul                   
00001a35  __aeabi_dsub                   
00003525  __aeabi_errno_addr             
00003349  __aeabi_i2d                    
00001beb  __aeabi_idiv0                  
00001beb  __aeabi_ldiv0                  
000027d1  __aeabi_memclr                 
000027d1  __aeabi_memclr4                
000027d1  __aeabi_memclr8                
00002507  __aeabi_memcpy                 
00002507  __aeabi_memcpy4                
00002507  __aeabi_memcpy8                
000027d3  __aeabi_memset                 
000027d3  __aeabi_memset4                
000027d3  __aeabi_memset8                
200005ec  __aeabi_stderr                 
200005e4  __aeabi_stdin                  
200005e8  __aeabi_stdout                 
000025a3  __aeabi_uldivmod               
ffffffff  __binit__                      
ffffffff  __c_args__                     
UNDEFED   __mpu_init                     
2000fe00  __stack                        
00003209  _c_int00_noargs                
0000353c  _ctypes_                       
200004f0  _device                        
20000400  _ftable                        
20000608  _lock                          
00000b43  _nop                           
20000568  _stream                        
20000000  _sys_memory                    
UNDEFED   _system_post_cinit             
00003535  _system_pre_init               
2000060c  _unlock                        
00003539  abort                          
00002f29  atoi                           
ffffffff  binit                          
00002cd5  close                          
0000118d  commandWrite                   
0000349f  copysign                       
0000349f  copysignl                      
200005c8  current_day_status             
200005c0  current_hour                   
200005bc  current_minute                 
200005b8  current_second                 
000011a7  dataWrite                      
000011c1  delay_micro                    
000011e5  delay_ms                       
20000610  errno                          
00002f75  exit                           
00003319  finddevice                     
200005c4  flag                           
200005cc  flag_up                        
00002639  fputc                          
00001f81  fputs                          
0000237d  free                           
00002b49  frexp                          
00002b49  frexpl                         
00002bad  fseek                          
000030d1  getdevice                      
200007e0  hour_current                   
00000000  interruptVectors               
200005d0  j                              
200005d4  k                              
200005d8  l                              
00002095  ldexp                          
00002095  ldexpl                         
000033a5  lseek                          
00002e37  ltoa                           
00000b71  main                           
0000284d  malloc                         
0000343d  memccpy                        
0000341d  memchr                         
00002507  memcpy                         
000027d9  memset                         
00003241  minit                          
200005dc  n                              
200007e4  num                            
200007e8  num1                           
200007d8  parmbuf                        
00002ae1  printf                         
0000114f  pushByte                       
00001109  pushNibble                     
00002639  putc                           
00003379  remove                         
00002095  scalbn                         
00002095  scalbnl                        
200007ec  sec                            
200007f0  sec1                           
000022a1  setvbuf                        
00003115  sprintf                        
00003489  strchr                         
00003471  strcmp                         
000034b3  strcpy                         
000034c7  strlen                         
00003279  strncpy                        
00003379  unlink                         
000034ed  wcslen                         
000033f5  write                          


GLOBAL SYMBOLS: SORTED BY Symbol Address 

address   name                           
-------   ----                           
00000000  __TI_static_base__             
00000000  interruptVectors               
000000e5  __TI_printfi                   
00000200  __STACK_SIZE                   
00000400  __SYSMEM_SIZE                  
00000b43  _nop                           
00000b71  main                           
00000b99  Set_Time                       
00000bf9  PORT5_IRQHandler               
00000bf9  PORT5_IRQHandler               
00000c1f  SetupPort5Interrupts           
00000d2d  LCD_CurrentTime                
00000fcd  Initialize_Pins                
00001039  Initialize_LCD                 
000010cd  PulseEnablePin                 
00001109  pushNibble                     
0000114f  pushByte                       
0000118d  commandWrite                   
000011a7  dataWrite                      
000011c1  delay_micro                    
000011e5  delay_ms                       
00001211  Timer_32_Init                  
00001235  T32_INT1_IRQHandler            
00001235  T32_INT1_IRQHandler            
00001253  SysTick_Init                   
000012c1  SystemCoreClockUpdate          
00001539  SystemInit                     
00001a35  __aeabi_dsub                   
00001a3f  __aeabi_dadd                   
00001beb  __aeabi_idiv0                  
00001beb  __aeabi_ldiv0                  
00001d29  __aeabi_ddiv                   
00001f81  fputs                          
00002095  ldexp                          
00002095  ldexpl                         
00002095  scalbn                         
00002095  scalbnl                        
000021a5  __aeabi_dmul                   
000022a1  setvbuf                        
0000237d  free                           
00002507  __aeabi_memcpy                 
00002507  __aeabi_memcpy4                
00002507  __aeabi_memcpy8                
00002507  memcpy                         
000025a3  __aeabi_uldivmod               
00002639  fputc                          
00002639  putc                           
000026c5  __aeabi_cdcmpeq                
000026c5  __aeabi_cdcmple                
0000274b  __aeabi_cdrcmple               
000027d1  __aeabi_memclr                 
000027d1  __aeabi_memclr4                
000027d1  __aeabi_memclr8                
000027d3  __aeabi_memset                 
000027d3  __aeabi_memset4                
000027d3  __aeabi_memset8                
000027d9  memset                         
0000284d  malloc                         
000028c5  __TI_closefile                 
000029a9  HOSTlseek                      
00002a11  HOSTrename                     
00002a79  __TI_decompress_lzss           
00002ae1  printf                         
00002b49  frexp                          
00002b49  frexpl                         
00002bad  fseek                          
00002c11  __TI_wrt_ok                    
00002c75  HOSTopen                       
00002cd5  close                          
00002d31  HOSTread                       
00002d89  HOSTwrite                      
00002e37  ltoa                           
00002edd  __TI_doflush                   
00002f29  atoi                           
00002f75  exit                           
00002fbd  __aeabi_d2iz                   
00003005  HOSTclose                      
00003049  HOSTunlink                     
0000308d  __TI_auto_init_nobinit_nopinit 
000030d1  getdevice                      
00003115  sprintf                        
000031d1  __TI_writemsg                  
000031ff  C$$IO$$                        
00003209  _c_int00_noargs                
00003241  minit                          
00003279  strncpy                        
000032b1  __TI_cleanup                   
000032e5  __TI_readmsg                   
00003319  finddevice                     
00003349  __aeabi_i2d                    
00003379  remove                         
00003379  unlink                         
000033a5  lseek                          
000033f5  write                          
0000341d  memchr                         
0000343d  memccpy                        
00003471  strcmp                         
00003489  strchr                         
0000349f  copysign                       
0000349f  copysignl                      
000034b3  strcpy                         
000034c7  strlen                         
000034db  __TI_zero_init_nomemset        
000034ed  wcslen                         
000034ff  __TI_decompress_none           
0000350d  Reset_Handler                  
00003519  ADC14_IRQHandler               
00003519  AES256_IRQHandler              
00003519  BusFault_Handler               
00003519  COMP_E0_IRQHandler             
00003519  COMP_E1_IRQHandler             
00003519  CS_IRQHandler                  
00003519  DMA_ERR_IRQHandler             
00003519  DMA_INT0_IRQHandler            
00003519  DMA_INT1_IRQHandler            
00003519  DMA_INT2_IRQHandler            
00003519  DMA_INT3_IRQHandler            
00003519  DebugMon_Handler               
00003519  Default_Handler                
00003519  EUSCIA0_IRQHandler             
00003519  EUSCIA1_IRQHandler             
00003519  EUSCIA2_IRQHandler             
00003519  EUSCIA3_IRQHandler             
00003519  EUSCIB0_IRQHandler             
00003519  EUSCIB1_IRQHandler             
00003519  EUSCIB2_IRQHandler             
00003519  EUSCIB3_IRQHandler             
00003519  FLCTL_IRQHandler               
00003519  FPU_IRQHandler                 
00003519  HardFault_Handler              
00003519  MemManage_Handler              
00003519  NMI_Handler                    
00003519  PCM_IRQHandler                 
00003519  PORT1_IRQHandler               
00003519  PORT2_IRQHandler               
00003519  PORT3_IRQHandler               
00003519  PORT4_IRQHandler               
00003519  PORT6_IRQHandler               
00003519  PSS_IRQHandler                 
00003519  PendSV_Handler                 
00003519  RTC_C_IRQHandler               
00003519  SVC_Handler                    
00003519  SysTick_Handler                
00003519  T32_INT2_IRQHandler            
00003519  T32_INTC_IRQHandler            
00003519  TA0_0_IRQHandler               
00003519  TA0_N_IRQHandler               
00003519  TA1_0_IRQHandler               
00003519  TA1_N_IRQHandler               
00003519  TA2_0_IRQHandler               
00003519  TA2_N_IRQHandler               
00003519  TA3_0_IRQHandler               
00003519  TA3_N_IRQHandler               
00003519  UsageFault_Handler             
00003519  WDT_A_IRQHandler               
00003525  __aeabi_errno_addr             
00003535  _system_pre_init               
00003539  C$$EXIT                        
00003539  abort                          
0000353c  _ctypes_                       
000036bc  __TI_Handler_Table_Base        
000036c8  __TI_Handler_Table_Limit       
000036d0  __TI_CINIT_Base                
000036e0  __TI_CINIT_Limit               
20000000  _sys_memory                    
20000400  _ftable                        
200004f0  _device                        
20000568  _stream                        
200005b8  current_second                 
200005bc  current_minute                 
200005c0  current_hour                   
200005c4  flag                           
200005c8  current_day_status             
200005cc  flag_up                        
200005d0  j                              
200005d4  k                              
200005d8  l                              
200005dc  n                              
200005e0  __TI_ft_end                    
200005e4  __aeabi_stdin                  
200005e8  __aeabi_stdout                 
200005ec  __aeabi_stderr                 
200005f0  __TI_cleanup_ptr               
200005f4  __TI_dtors_ptr                 
200005f8  __TI_enable_exit_profile_output
20000608  _lock                          
2000060c  _unlock                        
20000610  errno                          
20000614  SystemCoreClock                
20000618  __CIOBUF_                      
20000738  __TI_tmpnams                   
200007d8  parmbuf                        
200007e0  hour_current                   
200007e4  num                            
200007e8  num1                           
200007ec  sec                            
200007f0  sec1                           
2000fe00  __stack                        
20010000  __STACK_END                    
4000480c  WDTCTL_SYM                     
ffffffff  __TI_pprof_out_hndl            
ffffffff  __TI_prof_data_size            
ffffffff  __TI_prof_data_start           
ffffffff  __binit__                      
ffffffff  __c_args__                     
ffffffff  binit                          
UNDEFED   __mpu_init                     
UNDEFED   _system_post_cinit             

[208 symbols]
