******************************************************************************
                  TI ARM Linker Unix v18.1.2                   
******************************************************************************
>> Linked Mon Nov 19 18:06:32 2018

OUTPUT FILE NAME:   <Final_Project.out>
ENTRY POINT SYMBOL: "_c_int00_noargs"  address: 00003415


MEMORY CONFIGURATION

         name            origin    length      used     unused   attr    fill
----------------------  --------  ---------  --------  --------  ----  --------
  MAIN                  00000000   00040000  000038e9  0003c717  R  X
  INFO                  00200000   00004000  00000000  00004000  R  X
  SRAM_CODE             01000000   00010000  00000a04  0000f5fc  RW X
  SRAM_DATA             20000000   00010000  00000a04  0000f5fc  RW  


SEGMENT ALLOCATION MAP

run origin  load origin   length   init length attrs members
----------  ----------- ---------- ----------- ----- -------
00000000    00000000    000038f0   000038f0    r-x
  00000000    00000000    000000e4   000000e4    r-- .intvecs
  000000e4    000000e4    00003664   00003664    r-x .text
  00003748    00003748    00000101   00000101    r-- .const
  00003850    00003850    000000a0   000000a0    r-- .cinit
20000000    20000000    00000804   00000000    rw-
  20000000    20000000    00000400   00000000    rw- .sysmem
  20000400    20000400    00000218   00000000    rw- .data
  20000618    20000618    000001ec   00000000    rw- .bss
2000fe00    2000fe00    00000200   00000000    rw-
  2000fe00    2000fe00    00000200   00000000    rw- .stack


SECTION ALLOCATION MAP

 output                                  attributes/
section   page    origin      length       input sections
--------  ----  ----------  ----------   ----------------
.intvecs   0    00000000    000000e4     
                  00000000    000000e4     startup_msp432p401r_ccs.obj (.intvecs:retain)

.text      0    000000e4    00003664     
                  000000e4    00000a5e     rtsv7M4_T_le_v4SPD16_eabi.lib : _printfi.c.obj (.text:__TI_printfi)
                  00000b42    00000002                                   : _lock.c.obj (.text:_nop)
                  00000b44    00000988     main.obj (.text)
                  000014cc    00000334     system_msp432p401r.obj (.text)
                  00001800    00000270     rtsv7M4_T_le_v4SPD16_eabi.lib : _printfi.c.obj (.text:_pconv_a)
                  00001a70    000001d0                                   : _printfi.c.obj (.text:_pconv_g)
                  00001c40    000001b6                                   : fd_add_t2.asm.obj (.text)
                  00001df6    00000002                                   : div0.asm.obj (.text)
                  00001df8    0000013c                                   : _printfi.c.obj (.text:_pconv_e)
                  00001f34    00000136                                   : fd_div_t2.asm.obj (.text)
                  0000206a    00000002     --HOLE-- [fill = 0]
                  0000206c    00000120                                   : _printfi.c.obj (.text:fcvt)
                  0000218c    00000114                                   : fputs.c.obj (.text:fputs)
                  000022a0    00000110                                   : s_scalbn.c.obj (.text:scalbn)
                  000023b0    000000fc                                   : fd_mul_t2.asm.obj (.text)
                  000024ac    000000dc                                   : setvbuf.c.obj (.text:setvbuf)
                  00002588    000000d8                                   : memory.c.obj (.text:free)
                  00002660    000000b1                                   : _printfi.c.obj (.text:_ltostr)
                  00002711    00000001     --HOLE-- [fill = 0]
                  00002712    0000009c                                   : memcpy_t2.asm.obj (.text)
                  000027ae    00000096                                   : ull_div_t2.asm.obj (.text)
                  00002844    0000008c                                   : fputc.c.obj (.text:fputc)
                  000028d0    00000086                                   : fd_cmp_t2.asm.obj (.text:__aeabi_cdcmple)
                  00002956    00000086                                   : fd_cmp_t2.asm.obj (.text:__aeabi_cdrcmple)
                  000029dc    0000007a                                   : memset_t2.asm.obj (.text)
                  00002a56    00000002     --HOLE-- [fill = 0]
                  00002a58    00000078                                   : memory.c.obj (.text:malloc)
                  00002ad0    00000074                                   : fclose.c.obj (.text:__TI_closefile)
                  00002b44    0000006e                                   : _printfi.c.obj (.text:_mcpy)
                  00002bb2    00000002     --HOLE-- [fill = 0]
                  00002bb4    00000068                                   : hostlseek.c.obj (.text:HOSTlseek)
                  00002c1c    00000068                                   : hostrename.c.obj (.text:HOSTrename)
                  00002c84    00000068                                   : copy_decompress_lzss.c.obj (.text:decompress:lzss:__TI_decompress_lzss)
                  00002cec    00000068                                   : printf.c.obj (.text:printf)
                  00002d54    00000064                                   : s_frexp.c.obj (.text:frexp)
                  00002db8    00000064                                   : fseek.c.obj (.text:fseek)
                  00002e1c    00000062                                   : _io_perm.c.obj (.text:__TI_wrt_ok)
                  00002e7e    00000002     --HOLE-- [fill = 0]
                  00002e80    00000060                                   : hostopen.c.obj (.text:HOSTopen)
                  00002ee0    0000005c                                   : close.c.obj (.text:close)
                  00002f3c    00000058                                   : hostread.c.obj (.text:HOSTread)
                  00002f94    00000058                                   : hostwrite.c.obj (.text:HOSTwrite)
                  00002fec    00000056                                   : _printfi.c.obj (.text:_pconv_f)
                  00003042    00000054                                   : ltoa.c.obj (.text:ltoa)
                  00003096    00000052                                   : _printfi.c.obj (.text:_ecpy)
                  000030e8    0000004c                                   : fflush.c.obj (.text:__TI_doflush)
                  00003134    0000004c                                   : atoi.c.obj (.text:atoi)
                  00003180    00000048                                   : exit.c.obj (.text:exit)
                  000031c8    00000048                                   : fd_toi_t2.asm.obj (.text)
                  00003210    00000044                                   : hostclose.c.obj (.text:HOSTclose)
                  00003254    00000044                                   : hostunlink.c.obj (.text:HOSTunlink)
                  00003298    00000044                                   : autoinit.c.obj (.text:__TI_auto_init_nobinit_nopinit:__TI_auto_init_nobinit_nopinit)
                  000032dc    00000044                                   : getdevice.c.obj (.text:getdevice)
                  00003320    00000040                                   : sprintf.c.obj (.text:sprintf)
                  00003360    0000003e                                   : _printfi.c.obj (.text:_fcpy)
                  0000339e    00000002     --HOLE-- [fill = 0]
                  000033a0    0000003c                                   : memory.c.obj (.text:minsert)
                  000033dc    00000038                                   : trgmsg.c.obj (.text:__TI_writemsg)
                  00003414    00000038                                   : boot_cortex_m.c.obj (.text:_c_int00_noargs:_c_int00_noargs)
                  0000344c    00000038                                   : memory.c.obj (.text:minit)
                  00003484    00000036                                   : strncpy.c.obj (.text:strncpy)
                  000034ba    00000002     --HOLE-- [fill = 0]
                  000034bc    00000034                                   : fopen.c.obj (.text:__TI_cleanup)
                  000034f0    00000034                                   : trgmsg.c.obj (.text:__TI_readmsg)
                  00003524    00000030                                   : getdevice.c.obj (.text:finddevice)
                  00003554    0000002e                                   : i_tofd_t2.asm.obj (.text)
                  00003582    00000002     --HOLE-- [fill = 0]
                  00003584    0000002c                                   : unlink.c.obj (.text:unlink)
                  000035b0    00000028                                   : lseek.c.obj (.text:lseek)
                  000035d8    00000028                                   : memory.c.obj (.text:mremove)
                  00003600    00000028                                   : write.c.obj (.text:write)
                  00003628    00000020                                   : memchr.c.obj (.text:memchr)
                  00003648    0000001c                                   : memccpy.c.obj (.text:memccpy)
                  00003664    00000018                                   : sprintf.c.obj (.text:_outs)
                  0000367c    00000018                                   : strcmp.c.obj (.text:strcmp)
                  00003694    00000016                                   : strchr.c.obj (.text:strchr)
                  000036aa    00000014                                   : s_copysign.c.obj (.text:copysign)
                  000036be    00000014                                   : strcpy.c.obj (.text:strcpy)
                  000036d2    00000014                                   : strlen.c.obj (.text:strlen)
                  000036e6    00000012                                   : copy_zero_init.c.obj (.text:decompress:ZI:__TI_zero_init_nomemset:__TI_zero_init_nomemset)
                  000036f8    00000012                                   : wcslen.c.obj (.text:wcslen)
                  0000370a    0000000e                                   : copy_decompress_none.c.obj (.text:decompress:none:__TI_decompress_none)
                  00003718    0000000e     startup_msp432p401r_ccs.obj (.text)
                  00003726    0000000a     rtsv7M4_T_le_v4SPD16_eabi.lib : sprintf.c.obj (.text:_outc)
                  00003730    00000008                                   : errno.c.obj (.text:__aeabi_errno_addr)
                  00003738    00000004                                   : printf.c.obj (.text:_outc)
                  0000373c    00000004                                   : printf.c.obj (.text:_outs)
                  00003740    00000004                                   : pre_init.c.obj (.text:_system_pre_init)
                  00003744    00000004                                   : exit.c.obj (.text:abort:abort)

.const     0    00003748    00000101     
                  00003748    00000101     rtsv7M4_T_le_v4SPD16_eabi.lib : ctype.c.obj (.const:.string:_ctypes_)

.cinit     0    00003850    000000a0     
                  00003850    0000007b     (.cinit..data.load) [load image, compression = lzss]
                  000038cb    00000001     --HOLE-- [fill = 0]
                  000038cc    0000000c     (__TI_handler_table)
                  000038d8    00000008     (.cinit..bss.load) [load image, compression = zero_init]
                  000038e0    00000010     (__TI_cinit_table)

.init_array 
*          0    00000000    00000000     UNINITIALIZED

.binit     0    00000000    00000000     

.sysmem    0    20000000    00000400     UNINITIALIZED
                  20000000    00000008     rtsv7M4_T_le_v4SPD16_eabi.lib : memory.c.obj (.sysmem)
                  20000008    000003f8     --HOLE--

.data      0    20000400    00000218     UNINITIALIZED
                  20000400    000000f0     rtsv7M4_T_le_v4SPD16_eabi.lib : defs.c.obj (.data:_ftable)
                  200004f0    00000078                                   : write.c.obj (.data:_device)
                  20000568    00000050                                   : write.c.obj (.data:_stream)
                  200005b8    00000028     main.obj (.data)
                  200005e0    00000010     rtsv7M4_T_le_v4SPD16_eabi.lib : defs.c.obj (.data)
                  200005f0    0000000c                                   : exit.c.obj (.data:$O1$$)
                  200005fc    0000000c                                   : memory.c.obj (.data:$O1$$)
                  20000608    00000008                                   : _lock.c.obj (.data:$O1$$)
                  20000610    00000004                                   : errno.c.obj (.data)
                  20000614    00000004     system_msp432p401r.obj (.data)

.bss       0    20000618    000001ec     UNINITIALIZED
                  20000618    00000120     rtsv7M4_T_le_v4SPD16_eabi.lib : trgmsg.c.obj (.bss:_CIOBUF_)
                  20000738    000000a0     (.common:__TI_tmpnams)
                  200007d8    00000008     (.common:parmbuf)
                  200007e0    00000004     (.common:hour_current)
                  200007e4    00000004     (.common:minute_current)
                  200007e8    00000004     (.common:minute_current_small)
                  200007ec    00000004     (.common:num)
                  200007f0    00000004     (.common:num1)
                  200007f4    00000004     (.common:sec)
                  200007f8    00000004     (.common:sec1)
                  200007fc    00000004     (.common:second_current)
                  20000800    00000004     (.common:second_current_small)

.stack     0    2000fe00    00000200     UNINITIALIZED
                  2000fe00    00000004     rtsv7M4_T_le_v4SPD16_eabi.lib : boot_cortex_m.c.obj (.stack)
                  2000fe04    000001fc     --HOLE--

MODULE SUMMARY

       Module                        code    ro data   rw data
       ------                        ----    -------   -------
    ./
       main.obj                      2440    0         152    
       system_msp432p401r.obj        820     0         8      
       startup_msp432p401r_ccs.obj   14      228       0      
    +--+-----------------------------+-------+---------+---------+
       Total:                        3274    228       160    
                                                              
    /Applications/ti/ccsv8/tools/compiler/ti-cgt-arm_18.1.2.LTS/lib/rtsv7M4_T_le_v4SPD16_eabi.lib
       _printfi.c.obj                4863    0         0      
       defs.c.obj                    0       0         832    
       trgmsg.c.obj                  108     0         576    
       memory.c.obj                  492     0         24     
       write.c.obj                   40      0         400    
       fd_add_t2.asm.obj             438     0         0      
       fd_div_t2.asm.obj             310     0         0      
       fputs.c.obj                   276     0         0      
       s_scalbn.c.obj                272     0         0      
       fd_cmp_t2.asm.obj             268     0         0      
       ctype.c.obj                   0       257       0      
       fd_mul_t2.asm.obj             252     0         0      
       setvbuf.c.obj                 220     0         0      
       memcpy_t2.asm.obj             156     0         0      
       ull_div_t2.asm.obj            150     0         0      
       fputc.c.obj                   140     0         0      
       memset_t2.asm.obj             122     0         0      
       fclose.c.obj                  116     0         0      
       getdevice.c.obj               116     0         0      
       hostopen.c.obj                96      0         16     
       printf.c.obj                  112     0         0      
       copy_decompress_lzss.c.obj    104     0         0      
       hostlseek.c.obj               104     0         0      
       hostrename.c.obj              104     0         0      
       exit.c.obj                    76      0         24     
       fseek.c.obj                   100     0         0      
       s_frexp.c.obj                 100     0         0      
       _io_perm.c.obj                98      0         0      
       sprintf.c.obj                 98      0         0      
       close.c.obj                   92      0         0      
       hostread.c.obj                88      0         0      
       hostwrite.c.obj               88      0         0      
       ltoa.c.obj                    84      0         0      
       atoi.c.obj                    76      0         0      
       fflush.c.obj                  76      0         0      
       fd_toi_t2.asm.obj             72      0         0      
       autoinit.c.obj                68      0         0      
       hostclose.c.obj               68      0         0      
       hostunlink.c.obj              68      0         0      
       boot_cortex_m.c.obj           56      0         0      
       strncpy.c.obj                 54      0         0      
       fopen.c.obj                   52      0         0      
       i_tofd_t2.asm.obj             46      0         0      
       unlink.c.obj                  44      0         0      
       lseek.c.obj                   40      0         0      
       memchr.c.obj                  32      0         0      
       memccpy.c.obj                 28      0         0      
       strcmp.c.obj                  24      0         0      
       strchr.c.obj                  22      0         0      
       s_copysign.c.obj              20      0         0      
       strcpy.c.obj                  20      0         0      
       strlen.c.obj                  20      0         0      
       _lock.c.obj                   2       0         16     
       copy_zero_init.c.obj          18      0         0      
       wcslen.c.obj                  18      0         0      
       errno.c.obj                   8       0         8      
       copy_decompress_none.c.obj    14      0         0      
       pre_init.c.obj                4       0         0      
       div0.asm.obj                  2       0         0      
    +--+-----------------------------+-------+---------+---------+
       Total:                        10635   257       1896   
                                                              
       Heap:                         0       0         2048   
       Stack:                        0       0         1024   
       Linker Generated:             0       159       0      
    +--+-----------------------------+-------+---------+---------+
       Grand Total:                  13909   644       5128   


LINKER GENERATED COPY TABLES

__TI_cinit_table @ 000038e0 records: 2, size/record: 8, table size: 16
	.data: load addr=00003850, load size=0000007b bytes, run addr=20000400, run size=00000218 bytes, compression=lzss
	.bss: load addr=000038d8, load size=00000008 bytes, run addr=20000618, run size=000001ec bytes, compression=zero_init


LINKER GENERATED HANDLER TABLE

__TI_handler_table @ 000038cc records: 3, size/record: 4, table size: 12
	index: 0, handler: __TI_decompress_lzss
	index: 1, handler: __TI_decompress_none
	index: 2, handler: __TI_zero_init


GLOBAL SYMBOLS: SORTED ALPHABETICALLY BY Name 

address   name                           
-------   ----                           
00003725  ADC14_IRQHandler               
00003725  AES256_IRQHandler              
00003725  BusFault_Handler               
00003745  C$$EXIT                        
0000340b  C$$IO$$                        
00003725  COMP_E0_IRQHandler             
00003725  COMP_E1_IRQHandler             
00003725  CS_IRQHandler                  
00003725  DMA_ERR_IRQHandler             
00003725  DMA_INT0_IRQHandler            
00003725  DMA_INT1_IRQHandler            
00003725  DMA_INT2_IRQHandler            
00003725  DMA_INT3_IRQHandler            
00003725  DebugMon_Handler               
00003725  Default_Handler                
00003725  EUSCIA0_IRQHandler             
00003725  EUSCIA1_IRQHandler             
00003725  EUSCIA2_IRQHandler             
00003725  EUSCIA3_IRQHandler             
00003725  EUSCIB0_IRQHandler             
00003725  EUSCIB1_IRQHandler             
00003725  EUSCIB2_IRQHandler             
00003725  EUSCIB3_IRQHandler             
00003725  FLCTL_IRQHandler               
00003725  FPU_IRQHandler                 
00003211  HOSTclose                      
00002bb5  HOSTlseek                      
00002e81  HOSTopen                       
00002f3d  HOSTread                       
00002c1d  HOSTrename                     
00003255  HOSTunlink                     
00002f95  HOSTwrite                      
00003725  HardFault_Handler              
00001249  Initialize_LCD                 
000011cd  Initialize_Pins                
00000f31  LCD_CurrentTime                
00003725  MemManage_Handler              
00003725  NMI_Handler                    
00003725  PCM_IRQHandler                 
00003725  PORT1_IRQHandler               
00003725  PORT2_IRQHandler               
00003725  PORT3_IRQHandler               
00003725  PORT4_IRQHandler               
00000db9  PORT5_IRQHandler               
00000db9  PORT5_IRQHandler               
00003725  PORT6_IRQHandler               
00003725  PSS_IRQHandler                 
00003725  PendSV_Handler                 
000012d1  PulseEnablePin                 
00003725  RTC_C_IRQHandler               
00003719  Reset_Handler                  
00003725  SVC_Handler                    
00000e15  SetupPort5Interrupts           
00003725  SysTick_Handler                
0000145b  SysTick_Init                   
20000614  SystemCoreClock                
000014cd  SystemCoreClockUpdate          
00001745  SystemInit                     
0000143d  T32_INT1_IRQHandler            
0000143d  T32_INT1_IRQHandler            
00003725  T32_INT2_IRQHandler            
00003725  T32_INTC_IRQHandler            
00003725  TA0_0_IRQHandler               
00003725  TA0_N_IRQHandler               
00003725  TA1_0_IRQHandler               
00003725  TA1_N_IRQHandler               
00003725  TA2_0_IRQHandler               
00003725  TA2_N_IRQHandler               
00003725  TA3_0_IRQHandler               
00003725  TA3_N_IRQHandler               
0000141d  Timer_32_Init                  
00003725  UsageFault_Handler             
4000480c  WDTCTL_SYM                     
00003725  WDT_A_IRQHandler               
20000618  __CIOBUF_                      
20010000  __STACK_END                    
00000200  __STACK_SIZE                   
00000400  __SYSMEM_SIZE                  
000038e0  __TI_CINIT_Base                
000038f0  __TI_CINIT_Limit               
000038cc  __TI_Handler_Table_Base        
000038d8  __TI_Handler_Table_Limit       
00003299  __TI_auto_init_nobinit_nopinit 
000034bd  __TI_cleanup                   
200005f0  __TI_cleanup_ptr               
00002ad1  __TI_closefile                 
00002c85  __TI_decompress_lzss           
0000370b  __TI_decompress_none           
000030e9  __TI_doflush                   
200005f4  __TI_dtors_ptr                 
200005f8  __TI_enable_exit_profile_output
200005e0  __TI_ft_end                    
ffffffff  __TI_pprof_out_hndl            
000000e5  __TI_printfi                   
ffffffff  __TI_prof_data_size            
ffffffff  __TI_prof_data_start           
000034f1  __TI_readmsg                   
00000000  __TI_static_base__             
20000738  __TI_tmpnams                   
000033dd  __TI_writemsg                  
00002e1d  __TI_wrt_ok                    
000036e7  __TI_zero_init_nomemset        
000028d1  __aeabi_cdcmpeq                
000028d1  __aeabi_cdcmple                
00002957  __aeabi_cdrcmple               
000031c9  __aeabi_d2iz                   
00001c4b  __aeabi_dadd                   
00001f35  __aeabi_ddiv                   
000023b1  __aeabi_dmul                   
00001c41  __aeabi_dsub                   
00003731  __aeabi_errno_addr             
00003555  __aeabi_i2d                    
00001df7  __aeabi_idiv0                  
00001df7  __aeabi_ldiv0                  
000029dd  __aeabi_memclr                 
000029dd  __aeabi_memclr4                
000029dd  __aeabi_memclr8                
00002713  __aeabi_memcpy                 
00002713  __aeabi_memcpy4                
00002713  __aeabi_memcpy8                
000029df  __aeabi_memset                 
000029df  __aeabi_memset4                
000029df  __aeabi_memset8                
200005ec  __aeabi_stderr                 
200005e4  __aeabi_stdin                  
200005e8  __aeabi_stdout                 
000027af  __aeabi_uldivmod               
ffffffff  __binit__                      
ffffffff  __c_args__                     
UNDEFED   __mpu_init                     
2000fe00  __stack                        
00003415  _c_int00_noargs                
00003748  _ctypes_                       
200004f0  _device                        
20000400  _ftable                        
20000608  _lock                          
00000b43  _nop                           
20000568  _stream                        
20000000  _sys_memory                    
UNDEFED   _system_post_cinit             
00003741  _system_pre_init               
2000060c  _unlock                        
00003745  abort                          
00003135  atoi                           
ffffffff  binit                          
00002ee1  close                          
00001391  commandWrite                   
000036ab  copysign                       
000036ab  copysignl                      
200005cc  current_day_status             
200005c0  current_hour                   
200005bc  current_minute                 
200005b8  current_second                 
000013ab  dataWrite                      
000013c5  delay_micro                    
000013f1  delay_ms                       
20000610  errno                          
00003181  exit                           
00003525  finddevice                     
200005c8  flag_check_hms                 
200005c4  flag_up                        
00002845  fputc                          
0000218d  fputs                          
00002589  free                           
00002d55  frexp                          
00002d55  frexpl                         
00002db9  fseek                          
000032dd  getdevice                      
200007e0  hour_current                   
00000000  interruptVectors               
200005d0  j                              
200005d4  k                              
200005d8  l                              
000022a1  ldexp                          
000022a1  ldexpl                         
000035b1  lseek                          
00003043  ltoa                           
00000b71  main                           
00002a59  malloc                         
00003649  memccpy                        
00003629  memchr                         
00002713  memcpy                         
000029e5  memset                         
0000344d  minit                          
200007e4  minute_current                 
200007e8  minute_current_small           
200005dc  n                              
200007ec  num                            
200007f0  num1                           
200007d8  parmbuf                        
00002ced  printf                         
0000134f  pushByte                       
00001309  pushNibble                     
00002845  putc                           
00003585  remove                         
000022a1  scalbn                         
000022a1  scalbnl                        
200007f4  sec                            
200007f8  sec1                           
200007fc  second_current                 
20000800  second_current_small           
000024ad  setvbuf                        
00003321  sprintf                        
00003695  strchr                         
0000367d  strcmp                         
000036bf  strcpy                         
000036d3  strlen                         
00003485  strncpy                        
00003585  unlink                         
000036f9  wcslen                         
00003601  write                          


GLOBAL SYMBOLS: SORTED BY Symbol Address 

address   name                           
-------   ----                           
00000000  __TI_static_base__             
00000000  interruptVectors               
000000e5  __TI_printfi                   
00000200  __STACK_SIZE                   
00000400  __SYSMEM_SIZE                  
00000b43  _nop                           
00000b71  main                           
00000db9  PORT5_IRQHandler               
00000db9  PORT5_IRQHandler               
00000e15  SetupPort5Interrupts           
00000f31  LCD_CurrentTime                
000011cd  Initialize_Pins                
00001249  Initialize_LCD                 
000012d1  PulseEnablePin                 
00001309  pushNibble                     
0000134f  pushByte                       
00001391  commandWrite                   
000013ab  dataWrite                      
000013c5  delay_micro                    
000013f1  delay_ms                       
0000141d  Timer_32_Init                  
0000143d  T32_INT1_IRQHandler            
0000143d  T32_INT1_IRQHandler            
0000145b  SysTick_Init                   
000014cd  SystemCoreClockUpdate          
00001745  SystemInit                     
00001c41  __aeabi_dsub                   
00001c4b  __aeabi_dadd                   
00001df7  __aeabi_idiv0                  
00001df7  __aeabi_ldiv0                  
00001f35  __aeabi_ddiv                   
0000218d  fputs                          
000022a1  ldexp                          
000022a1  ldexpl                         
000022a1  scalbn                         
000022a1  scalbnl                        
000023b1  __aeabi_dmul                   
000024ad  setvbuf                        
00002589  free                           
00002713  __aeabi_memcpy                 
00002713  __aeabi_memcpy4                
00002713  __aeabi_memcpy8                
00002713  memcpy                         
000027af  __aeabi_uldivmod               
00002845  fputc                          
00002845  putc                           
000028d1  __aeabi_cdcmpeq                
000028d1  __aeabi_cdcmple                
00002957  __aeabi_cdrcmple               
000029dd  __aeabi_memclr                 
000029dd  __aeabi_memclr4                
000029dd  __aeabi_memclr8                
000029df  __aeabi_memset                 
000029df  __aeabi_memset4                
000029df  __aeabi_memset8                
000029e5  memset                         
00002a59  malloc                         
00002ad1  __TI_closefile                 
00002bb5  HOSTlseek                      
00002c1d  HOSTrename                     
00002c85  __TI_decompress_lzss           
00002ced  printf                         
00002d55  frexp                          
00002d55  frexpl                         
00002db9  fseek                          
00002e1d  __TI_wrt_ok                    
00002e81  HOSTopen                       
00002ee1  close                          
00002f3d  HOSTread                       
00002f95  HOSTwrite                      
00003043  ltoa                           
000030e9  __TI_doflush                   
00003135  atoi                           
00003181  exit                           
000031c9  __aeabi_d2iz                   
00003211  HOSTclose                      
00003255  HOSTunlink                     
00003299  __TI_auto_init_nobinit_nopinit 
000032dd  getdevice                      
00003321  sprintf                        
000033dd  __TI_writemsg                  
0000340b  C$$IO$$                        
00003415  _c_int00_noargs                
0000344d  minit                          
00003485  strncpy                        
000034bd  __TI_cleanup                   
000034f1  __TI_readmsg                   
00003525  finddevice                     
00003555  __aeabi_i2d                    
00003585  remove                         
00003585  unlink                         
000035b1  lseek                          
00003601  write                          
00003629  memchr                         
00003649  memccpy                        
0000367d  strcmp                         
00003695  strchr                         
000036ab  copysign                       
000036ab  copysignl                      
000036bf  strcpy                         
000036d3  strlen                         
000036e7  __TI_zero_init_nomemset        
000036f9  wcslen                         
0000370b  __TI_decompress_none           
00003719  Reset_Handler                  
00003725  ADC14_IRQHandler               
00003725  AES256_IRQHandler              
00003725  BusFault_Handler               
00003725  COMP_E0_IRQHandler             
00003725  COMP_E1_IRQHandler             
00003725  CS_IRQHandler                  
00003725  DMA_ERR_IRQHandler             
00003725  DMA_INT0_IRQHandler            
00003725  DMA_INT1_IRQHandler            
00003725  DMA_INT2_IRQHandler            
00003725  DMA_INT3_IRQHandler            
00003725  DebugMon_Handler               
00003725  Default_Handler                
00003725  EUSCIA0_IRQHandler             
00003725  EUSCIA1_IRQHandler             
00003725  EUSCIA2_IRQHandler             
00003725  EUSCIA3_IRQHandler             
00003725  EUSCIB0_IRQHandler             
00003725  EUSCIB1_IRQHandler             
00003725  EUSCIB2_IRQHandler             
00003725  EUSCIB3_IRQHandler             
00003725  FLCTL_IRQHandler               
00003725  FPU_IRQHandler                 
00003725  HardFault_Handler              
00003725  MemManage_Handler              
00003725  NMI_Handler                    
00003725  PCM_IRQHandler                 
00003725  PORT1_IRQHandler               
00003725  PORT2_IRQHandler               
00003725  PORT3_IRQHandler               
00003725  PORT4_IRQHandler               
00003725  PORT6_IRQHandler               
00003725  PSS_IRQHandler                 
00003725  PendSV_Handler                 
00003725  RTC_C_IRQHandler               
00003725  SVC_Handler                    
00003725  SysTick_Handler                
00003725  T32_INT2_IRQHandler            
00003725  T32_INTC_IRQHandler            
00003725  TA0_0_IRQHandler               
00003725  TA0_N_IRQHandler               
00003725  TA1_0_IRQHandler               
00003725  TA1_N_IRQHandler               
00003725  TA2_0_IRQHandler               
00003725  TA2_N_IRQHandler               
00003725  TA3_0_IRQHandler               
00003725  TA3_N_IRQHandler               
00003725  UsageFault_Handler             
00003725  WDT_A_IRQHandler               
00003731  __aeabi_errno_addr             
00003741  _system_pre_init               
00003745  C$$EXIT                        
00003745  abort                          
00003748  _ctypes_                       
000038cc  __TI_Handler_Table_Base        
000038d8  __TI_Handler_Table_Limit       
000038e0  __TI_CINIT_Base                
000038f0  __TI_CINIT_Limit               
20000000  _sys_memory                    
20000400  _ftable                        
200004f0  _device                        
20000568  _stream                        
200005b8  current_second                 
200005bc  current_minute                 
200005c0  current_hour                   
200005c4  flag_up                        
200005c8  flag_check_hms                 
200005cc  current_day_status             
200005d0  j                              
200005d4  k                              
200005d8  l                              
200005dc  n                              
200005e0  __TI_ft_end                    
200005e4  __aeabi_stdin                  
200005e8  __aeabi_stdout                 
200005ec  __aeabi_stderr                 
200005f0  __TI_cleanup_ptr               
200005f4  __TI_dtors_ptr                 
200005f8  __TI_enable_exit_profile_output
20000608  _lock                          
2000060c  _unlock                        
20000610  errno                          
20000614  SystemCoreClock                
20000618  __CIOBUF_                      
20000738  __TI_tmpnams                   
200007d8  parmbuf                        
200007e0  hour_current                   
200007e4  minute_current                 
200007e8  minute_current_small           
200007ec  num                            
200007f0  num1                           
200007f4  sec                            
200007f8  sec1                           
200007fc  second_current                 
20000800  second_current_small           
2000fe00  __stack                        
20010000  __STACK_END                    
4000480c  WDTCTL_SYM                     
ffffffff  __TI_pprof_out_hndl            
ffffffff  __TI_prof_data_size            
ffffffff  __TI_prof_data_start           
ffffffff  __binit__                      
ffffffff  __c_args__                     
ffffffff  binit                          
UNDEFED   __mpu_init                     
UNDEFED   _system_post_cinit             

[211 symbols]
