******************************************************************************
                  TI ARM Linker Unix v18.1.2                   
******************************************************************************
>> Linked Thu Nov 15 13:37:09 2018

OUTPUT FILE NAME:   <Final_Project.out>
ENTRY POINT SYMBOL: "_c_int00_noargs"  address: 00002f95


MEMORY CONFIGURATION

         name            origin    length      used     unused   attr    fill
----------------------  --------  ---------  --------  --------  ----  --------
  MAIN                  00000000   00040000  00003469  0003cb97  R  X
  INFO                  00200000   00004000  00000000  00004000  R  X
  SRAM_CODE             01000000   00010000  000009c8  0000f638  RW X
  SRAM_DATA             20000000   00010000  000009c8  0000f638  RW  


SEGMENT ALLOCATION MAP

run origin  load origin   length   init length attrs members
----------  ----------- ---------- ----------- ----- -------
00000000    00000000    00003470   00003470    r-x
  00000000    00000000    000000e4   000000e4    r-- .intvecs
  000000e4    000000e4    000031e4   000031e4    r-x .text
  000032c8    000032c8    00000101   00000101    r-- .const
  000033d0    000033d0    000000a0   000000a0    r-- .cinit
20000000    20000000    000007c8   00000000    rw-
  20000000    20000000    00000400   00000000    rw- .sysmem
  20000400    20000400    00000200   00000000    rw- .data
  20000600    20000600    000001c8   00000000    rw- .bss
2000fe00    2000fe00    00000200   00000000    rw-
  2000fe00    2000fe00    00000200   00000000    rw- .stack


SECTION ALLOCATION MAP

 output                                  attributes/
section   page    origin      length       input sections
--------  ----  ----------  ----------   ----------------
.intvecs   0    00000000    000000e4     
                  00000000    000000e4     startup_msp432p401r_ccs.obj (.intvecs:retain)

.text      0    000000e4    000031e4     
                  000000e4    00000a5e     rtsv7M4_T_le_v4SPD16_eabi.lib : _printfi.c.obj (.text:__TI_printfi)
                  00000b42    00000002                                   : _lock.c.obj (.text:_nop)
                  00000b44    00000508     main.obj (.text)
                  0000104c    00000334     system_msp432p401r.obj (.text)
                  00001380    00000270     rtsv7M4_T_le_v4SPD16_eabi.lib : _printfi.c.obj (.text:_pconv_a)
                  000015f0    000001d0                                   : _printfi.c.obj (.text:_pconv_g)
                  000017c0    000001b6                                   : fd_add_t2.asm.obj (.text)
                  00001976    00000002                                   : div0.asm.obj (.text)
                  00001978    0000013c                                   : _printfi.c.obj (.text:_pconv_e)
                  00001ab4    00000136                                   : fd_div_t2.asm.obj (.text)
                  00001bea    00000002     --HOLE-- [fill = 0]
                  00001bec    00000120                                   : _printfi.c.obj (.text:fcvt)
                  00001d0c    00000114                                   : fputs.c.obj (.text:fputs)
                  00001e20    00000110                                   : s_scalbn.c.obj (.text:scalbn)
                  00001f30    000000fc                                   : fd_mul_t2.asm.obj (.text)
                  0000202c    000000dc                                   : setvbuf.c.obj (.text:setvbuf)
                  00002108    000000d8                                   : memory.c.obj (.text:free)
                  000021e0    000000b1                                   : _printfi.c.obj (.text:_ltostr)
                  00002291    00000001     --HOLE-- [fill = 0]
                  00002292    0000009c                                   : memcpy_t2.asm.obj (.text)
                  0000232e    00000096                                   : ull_div_t2.asm.obj (.text)
                  000023c4    0000008c                                   : fputc.c.obj (.text:fputc)
                  00002450    00000086                                   : fd_cmp_t2.asm.obj (.text:__aeabi_cdcmple)
                  000024d6    00000086                                   : fd_cmp_t2.asm.obj (.text:__aeabi_cdrcmple)
                  0000255c    0000007a                                   : memset_t2.asm.obj (.text)
                  000025d6    00000002     --HOLE-- [fill = 0]
                  000025d8    00000078                                   : memory.c.obj (.text:malloc)
                  00002650    00000074                                   : fclose.c.obj (.text:__TI_closefile)
                  000026c4    0000006e                                   : _printfi.c.obj (.text:_mcpy)
                  00002732    00000002     --HOLE-- [fill = 0]
                  00002734    00000068                                   : hostlseek.c.obj (.text:HOSTlseek)
                  0000279c    00000068                                   : hostrename.c.obj (.text:HOSTrename)
                  00002804    00000068                                   : copy_decompress_lzss.c.obj (.text:decompress:lzss:__TI_decompress_lzss)
                  0000286c    00000068                                   : printf.c.obj (.text:printf)
                  000028d4    00000064                                   : s_frexp.c.obj (.text:frexp)
                  00002938    00000064                                   : fseek.c.obj (.text:fseek)
                  0000299c    00000062                                   : _io_perm.c.obj (.text:__TI_wrt_ok)
                  000029fe    00000002     --HOLE-- [fill = 0]
                  00002a00    00000060                                   : hostopen.c.obj (.text:HOSTopen)
                  00002a60    0000005c                                   : close.c.obj (.text:close)
                  00002abc    00000058                                   : hostread.c.obj (.text:HOSTread)
                  00002b14    00000058                                   : hostwrite.c.obj (.text:HOSTwrite)
                  00002b6c    00000056                                   : _printfi.c.obj (.text:_pconv_f)
                  00002bc2    00000054                                   : ltoa.c.obj (.text:ltoa)
                  00002c16    00000052                                   : _printfi.c.obj (.text:_ecpy)
                  00002c68    0000004c                                   : fflush.c.obj (.text:__TI_doflush)
                  00002cb4    0000004c                                   : atoi.c.obj (.text:atoi)
                  00002d00    00000048                                   : exit.c.obj (.text:exit)
                  00002d48    00000048                                   : fd_toi_t2.asm.obj (.text)
                  00002d90    00000044                                   : hostclose.c.obj (.text:HOSTclose)
                  00002dd4    00000044                                   : hostunlink.c.obj (.text:HOSTunlink)
                  00002e18    00000044                                   : autoinit.c.obj (.text:__TI_auto_init_nobinit_nopinit:__TI_auto_init_nobinit_nopinit)
                  00002e5c    00000044                                   : getdevice.c.obj (.text:getdevice)
                  00002ea0    00000040                                   : sprintf.c.obj (.text:sprintf)
                  00002ee0    0000003e                                   : _printfi.c.obj (.text:_fcpy)
                  00002f1e    00000002     --HOLE-- [fill = 0]
                  00002f20    0000003c                                   : memory.c.obj (.text:minsert)
                  00002f5c    00000038                                   : trgmsg.c.obj (.text:__TI_writemsg)
                  00002f94    00000038                                   : boot_cortex_m.c.obj (.text:_c_int00_noargs:_c_int00_noargs)
                  00002fcc    00000038                                   : memory.c.obj (.text:minit)
                  00003004    00000036                                   : strncpy.c.obj (.text:strncpy)
                  0000303a    00000002     --HOLE-- [fill = 0]
                  0000303c    00000034                                   : fopen.c.obj (.text:__TI_cleanup)
                  00003070    00000034                                   : trgmsg.c.obj (.text:__TI_readmsg)
                  000030a4    00000030                                   : getdevice.c.obj (.text:finddevice)
                  000030d4    0000002e                                   : i_tofd_t2.asm.obj (.text)
                  00003102    00000002     --HOLE-- [fill = 0]
                  00003104    0000002c                                   : unlink.c.obj (.text:unlink)
                  00003130    00000028                                   : lseek.c.obj (.text:lseek)
                  00003158    00000028                                   : memory.c.obj (.text:mremove)
                  00003180    00000028                                   : write.c.obj (.text:write)
                  000031a8    00000020                                   : memchr.c.obj (.text:memchr)
                  000031c8    0000001c                                   : memccpy.c.obj (.text:memccpy)
                  000031e4    00000018                                   : sprintf.c.obj (.text:_outs)
                  000031fc    00000018                                   : strcmp.c.obj (.text:strcmp)
                  00003214    00000016                                   : strchr.c.obj (.text:strchr)
                  0000322a    00000014                                   : s_copysign.c.obj (.text:copysign)
                  0000323e    00000014                                   : strcpy.c.obj (.text:strcpy)
                  00003252    00000014                                   : strlen.c.obj (.text:strlen)
                  00003266    00000012                                   : copy_zero_init.c.obj (.text:decompress:ZI:__TI_zero_init_nomemset:__TI_zero_init_nomemset)
                  00003278    00000012                                   : wcslen.c.obj (.text:wcslen)
                  0000328a    0000000e                                   : copy_decompress_none.c.obj (.text:decompress:none:__TI_decompress_none)
                  00003298    0000000e     startup_msp432p401r_ccs.obj (.text)
                  000032a6    0000000a     rtsv7M4_T_le_v4SPD16_eabi.lib : sprintf.c.obj (.text:_outc)
                  000032b0    00000008                                   : errno.c.obj (.text:__aeabi_errno_addr)
                  000032b8    00000004                                   : printf.c.obj (.text:_outc)
                  000032bc    00000004                                   : printf.c.obj (.text:_outs)
                  000032c0    00000004                                   : pre_init.c.obj (.text:_system_pre_init)
                  000032c4    00000004                                   : exit.c.obj (.text:abort:abort)

.const     0    000032c8    00000101     
                  000032c8    00000101     rtsv7M4_T_le_v4SPD16_eabi.lib : ctype.c.obj (.const:.string:_ctypes_)

.cinit     0    000033d0    000000a0     
                  000033d0    00000075     (.cinit..data.load) [load image, compression = lzss]
                  00003445    00000003     --HOLE-- [fill = 0]
                  00003448    0000000c     (__TI_handler_table)
                  00003454    00000004     --HOLE-- [fill = 0]
                  00003458    00000008     (.cinit..bss.load) [load image, compression = zero_init]
                  00003460    00000010     (__TI_cinit_table)

.init_array 
*          0    00000000    00000000     UNINITIALIZED

.binit     0    00000000    00000000     

.sysmem    0    20000000    00000400     UNINITIALIZED
                  20000000    00000008     rtsv7M4_T_le_v4SPD16_eabi.lib : memory.c.obj (.sysmem)
                  20000008    000003f8     --HOLE--

.data      0    20000400    00000200     UNINITIALIZED
                  20000400    000000f0     rtsv7M4_T_le_v4SPD16_eabi.lib : defs.c.obj (.data:_ftable)
                  200004f0    00000078                                   : write.c.obj (.data:_device)
                  20000568    00000050                                   : write.c.obj (.data:_stream)
                  200005b8    00000010                                   : defs.c.obj (.data)
                  200005c8    0000000d     main.obj (.data)
                  200005d5    00000003     --HOLE--
                  200005d8    0000000c     rtsv7M4_T_le_v4SPD16_eabi.lib : exit.c.obj (.data:$O1$$)
                  200005e4    0000000c                                   : memory.c.obj (.data:$O1$$)
                  200005f0    00000008                                   : _lock.c.obj (.data:$O1$$)
                  200005f8    00000004                                   : errno.c.obj (.data)
                  200005fc    00000004     system_msp432p401r.obj (.data)

.bss       0    20000600    000001c8     UNINITIALIZED
                  20000600    00000120     rtsv7M4_T_le_v4SPD16_eabi.lib : trgmsg.c.obj (.bss:_CIOBUF_)
                  20000720    000000a0     (.common:__TI_tmpnams)
                  200007c0    00000008     (.common:parmbuf)

.stack     0    2000fe00    00000200     UNINITIALIZED
                  2000fe00    00000004     rtsv7M4_T_le_v4SPD16_eabi.lib : boot_cortex_m.c.obj (.stack)
                  2000fe04    000001fc     --HOLE--

MODULE SUMMARY

       Module                        code    ro data   rw data
       ------                        ----    -------   -------
    ./
       main.obj                      1288    0         26     
       system_msp432p401r.obj        820     0         8      
       startup_msp432p401r_ccs.obj   14      228       0      
    +--+-----------------------------+-------+---------+---------+
       Total:                        2122    228       34     
                                                              
    /Applications/ti/ccsv8/tools/compiler/ti-cgt-arm_18.1.2.LTS/lib/rtsv7M4_T_le_v4SPD16_eabi.lib
       _printfi.c.obj                4863    0         0      
       defs.c.obj                    0       0         832    
       trgmsg.c.obj                  108     0         576    
       memory.c.obj                  492     0         24     
       write.c.obj                   40      0         400    
       fd_add_t2.asm.obj             438     0         0      
       fd_div_t2.asm.obj             310     0         0      
       fputs.c.obj                   276     0         0      
       s_scalbn.c.obj                272     0         0      
       fd_cmp_t2.asm.obj             268     0         0      
       ctype.c.obj                   0       257       0      
       fd_mul_t2.asm.obj             252     0         0      
       setvbuf.c.obj                 220     0         0      
       memcpy_t2.asm.obj             156     0         0      
       ull_div_t2.asm.obj            150     0         0      
       fputc.c.obj                   140     0         0      
       memset_t2.asm.obj             122     0         0      
       fclose.c.obj                  116     0         0      
       getdevice.c.obj               116     0         0      
       hostopen.c.obj                96      0         16     
       printf.c.obj                  112     0         0      
       copy_decompress_lzss.c.obj    104     0         0      
       hostlseek.c.obj               104     0         0      
       hostrename.c.obj              104     0         0      
       exit.c.obj                    76      0         24     
       fseek.c.obj                   100     0         0      
       s_frexp.c.obj                 100     0         0      
       _io_perm.c.obj                98      0         0      
       sprintf.c.obj                 98      0         0      
       close.c.obj                   92      0         0      
       hostread.c.obj                88      0         0      
       hostwrite.c.obj               88      0         0      
       ltoa.c.obj                    84      0         0      
       atoi.c.obj                    76      0         0      
       fflush.c.obj                  76      0         0      
       fd_toi_t2.asm.obj             72      0         0      
       autoinit.c.obj                68      0         0      
       hostclose.c.obj               68      0         0      
       hostunlink.c.obj              68      0         0      
       boot_cortex_m.c.obj           56      0         0      
       strncpy.c.obj                 54      0         0      
       fopen.c.obj                   52      0         0      
       i_tofd_t2.asm.obj             46      0         0      
       unlink.c.obj                  44      0         0      
       lseek.c.obj                   40      0         0      
       memchr.c.obj                  32      0         0      
       memccpy.c.obj                 28      0         0      
       strcmp.c.obj                  24      0         0      
       strchr.c.obj                  22      0         0      
       s_copysign.c.obj              20      0         0      
       strcpy.c.obj                  20      0         0      
       strlen.c.obj                  20      0         0      
       _lock.c.obj                   2       0         16     
       copy_zero_init.c.obj          18      0         0      
       wcslen.c.obj                  18      0         0      
       errno.c.obj                   8       0         8      
       copy_decompress_none.c.obj    14      0         0      
       pre_init.c.obj                4       0         0      
       div0.asm.obj                  2       0         0      
    +--+-----------------------------+-------+---------+---------+
       Total:                        10635   257       1896   
                                                              
       Heap:                         0       0         2048   
       Stack:                        0       0         1024   
       Linker Generated:             0       153       0      
    +--+-----------------------------+-------+---------+---------+
       Grand Total:                  12757   638       5002   


LINKER GENERATED COPY TABLES

__TI_cinit_table @ 00003460 records: 2, size/record: 8, table size: 16
	.data: load addr=000033d0, load size=00000075 bytes, run addr=20000400, run size=00000200 bytes, compression=lzss
	.bss: load addr=00003458, load size=00000008 bytes, run addr=20000600, run size=000001c8 bytes, compression=zero_init


LINKER GENERATED HANDLER TABLE

__TI_handler_table @ 00003448 records: 3, size/record: 4, table size: 12
	index: 0, handler: __TI_decompress_lzss
	index: 1, handler: __TI_decompress_none
	index: 2, handler: __TI_zero_init


GLOBAL SYMBOLS: SORTED ALPHABETICALLY BY Name 

address   name                           
-------   ----                           
000032a5  ADC14_IRQHandler               
000032a5  AES256_IRQHandler              
000032a5  BusFault_Handler               
000032c5  C$$EXIT                        
00002f8b  C$$IO$$                        
000032a5  COMP_E0_IRQHandler             
000032a5  COMP_E1_IRQHandler             
000032a5  CS_IRQHandler                  
000032a5  DMA_ERR_IRQHandler             
000032a5  DMA_INT0_IRQHandler            
000032a5  DMA_INT1_IRQHandler            
000032a5  DMA_INT2_IRQHandler            
000032a5  DMA_INT3_IRQHandler            
000032a5  DebugMon_Handler               
000032a5  Default_Handler                
000032a5  EUSCIA0_IRQHandler             
000032a5  EUSCIA1_IRQHandler             
000032a5  EUSCIA2_IRQHandler             
000032a5  EUSCIA3_IRQHandler             
000032a5  EUSCIB0_IRQHandler             
000032a5  EUSCIB1_IRQHandler             
000032a5  EUSCIB2_IRQHandler             
000032a5  EUSCIB3_IRQHandler             
000032a5  FLCTL_IRQHandler               
000032a5  FPU_IRQHandler                 
00002d91  HOSTclose                      
00002735  HOSTlseek                      
00002a01  HOSTopen                       
00002abd  HOSTread                       
0000279d  HOSTrename                     
00002dd5  HOSTunlink                     
00002b15  HOSTwrite                      
000032a5  HardFault_Handler              
00000dd3  Initialize_LCD                 
00000d6d  Initialize_Pins                
00000b91  LCD_CurrentTime                
000032a5  MemManage_Handler              
000032a5  NMI_Handler                    
000032a5  PCM_IRQHandler                 
000032a5  PORT1_IRQHandler               
000032a5  PORT2_IRQHandler               
000032a5  PORT3_IRQHandler               
000032a5  PORT4_IRQHandler               
000032a5  PORT5_IRQHandler               
000032a5  PORT6_IRQHandler               
000032a5  PSS_IRQHandler                 
000032a5  PendSV_Handler                 
00000e43  PulseEnablePin                 
000032a5  RTC_C_IRQHandler               
00003299  Reset_Handler                  
000032a5  SVC_Handler                    
000032a5  SysTick_Handler                
00000fdd  SysTick_Init                   
200005fc  SystemCoreClock                
0000104d  SystemCoreClockUpdate          
000012c5  SystemInit                     
00000fbf  T32_INT1_IRQHandler            
00000fbf  T32_INT1_IRQHandler            
000032a5  T32_INT2_IRQHandler            
000032a5  T32_INTC_IRQHandler            
000032a5  TA0_0_IRQHandler               
000032a5  TA0_N_IRQHandler               
000032a5  TA1_0_IRQHandler               
000032a5  TA1_N_IRQHandler               
000032a5  TA2_0_IRQHandler               
000032a5  TA2_N_IRQHandler               
000032a5  TA3_0_IRQHandler               
000032a5  TA3_N_IRQHandler               
00000fa3  Timer_32_Init                  
000032a5  UsageFault_Handler             
4000480c  WDTCTL_SYM                     
000032a5  WDT_A_IRQHandler               
20000600  __CIOBUF_                      
20010000  __STACK_END                    
00000200  __STACK_SIZE                   
00000400  __SYSMEM_SIZE                  
00003460  __TI_CINIT_Base                
00003470  __TI_CINIT_Limit               
00003448  __TI_Handler_Table_Base        
00003454  __TI_Handler_Table_Limit       
00002e19  __TI_auto_init_nobinit_nopinit 
0000303d  __TI_cleanup                   
200005d8  __TI_cleanup_ptr               
00002651  __TI_closefile                 
00002805  __TI_decompress_lzss           
0000328b  __TI_decompress_none           
00002c69  __TI_doflush                   
200005dc  __TI_dtors_ptr                 
200005e0  __TI_enable_exit_profile_output
200005b8  __TI_ft_end                    
ffffffff  __TI_pprof_out_hndl            
000000e5  __TI_printfi                   
ffffffff  __TI_prof_data_size            
ffffffff  __TI_prof_data_start           
00003071  __TI_readmsg                   
00000000  __TI_static_base__             
20000720  __TI_tmpnams                   
00002f5d  __TI_writemsg                  
0000299d  __TI_wrt_ok                    
00003267  __TI_zero_init_nomemset        
00002451  __aeabi_cdcmpeq                
00002451  __aeabi_cdcmple                
000024d7  __aeabi_cdrcmple               
00002d49  __aeabi_d2iz                   
000017cb  __aeabi_dadd                   
00001ab5  __aeabi_ddiv                   
00001f31  __aeabi_dmul                   
000017c1  __aeabi_dsub                   
000032b1  __aeabi_errno_addr             
000030d5  __aeabi_i2d                    
00001977  __aeabi_idiv0                  
00001977  __aeabi_ldiv0                  
0000255d  __aeabi_memclr                 
0000255d  __aeabi_memclr4                
0000255d  __aeabi_memclr8                
00002293  __aeabi_memcpy                 
00002293  __aeabi_memcpy4                
00002293  __aeabi_memcpy8                
0000255f  __aeabi_memset                 
0000255f  __aeabi_memset4                
0000255f  __aeabi_memset8                
200005c4  __aeabi_stderr                 
200005bc  __aeabi_stdin                  
200005c0  __aeabi_stdout                 
0000232f  __aeabi_uldivmod               
ffffffff  __binit__                      
ffffffff  __c_args__                     
UNDEFED   __mpu_init                     
2000fe00  __stack                        
00002f95  _c_int00_noargs                
000032c8  _ctypes_                       
200004f0  _device                        
20000400  _ftable                        
200005f0  _lock                          
00000b43  _nop                           
20000568  _stream                        
20000000  _sys_memory                    
UNDEFED   _system_post_cinit             
000032c1  _system_pre_init               
200005f4  _unlock                        
000032c5  abort                          
00002cb5  atoi                           
ffffffff  binit                          
00002a61  close                          
00000f1b  commandWrite                   
0000322b  copysign                       
0000322b  copysignl                      
200005d4  current_day_status             
200005d0  current_hour                   
200005cc  current_minute                 
200005c8  current_second                 
00000f35  dataWrite                      
00000f59  delay_micro                    
00000f7d  delay_ms                       
200005f8  errno                          
00002d01  exit                           
000030a5  finddevice                     
000023c5  fputc                          
00001d0d  fputs                          
00002109  free                           
000028d5  frexp                          
000028d5  frexpl                         
00002939  fseek                          
00002e5d  getdevice                      
00000000  interruptVectors               
00001e21  ldexp                          
00001e21  ldexpl                         
00003131  lseek                          
00002bc3  ltoa                           
00000b71  main                           
000025d9  malloc                         
000031c9  memccpy                        
000031a9  memchr                         
00002293  memcpy                         
00002565  memset                         
00002fcd  minit                          
200007c0  parmbuf                        
0000286d  printf                         
00000edd  pushByte                       
00000e8d  pushNibble                     
000023c5  putc                           
00003105  remove                         
00001e21  scalbn                         
00001e21  scalbnl                        
0000202d  setvbuf                        
00002ea1  sprintf                        
00003215  strchr                         
000031fd  strcmp                         
0000323f  strcpy                         
00003253  strlen                         
00003005  strncpy                        
00003105  unlink                         
00003279  wcslen                         
00003181  write                          


GLOBAL SYMBOLS: SORTED BY Symbol Address 

address   name                           
-------   ----                           
00000000  __TI_static_base__             
00000000  interruptVectors               
000000e5  __TI_printfi                   
00000200  __STACK_SIZE                   
00000400  __SYSMEM_SIZE                  
00000b43  _nop                           
00000b71  main                           
00000b91  LCD_CurrentTime                
00000d6d  Initialize_Pins                
00000dd3  Initialize_LCD                 
00000e43  PulseEnablePin                 
00000e8d  pushNibble                     
00000edd  pushByte                       
00000f1b  commandWrite                   
00000f35  dataWrite                      
00000f59  delay_micro                    
00000f7d  delay_ms                       
00000fa3  Timer_32_Init                  
00000fbf  T32_INT1_IRQHandler            
00000fbf  T32_INT1_IRQHandler            
00000fdd  SysTick_Init                   
0000104d  SystemCoreClockUpdate          
000012c5  SystemInit                     
000017c1  __aeabi_dsub                   
000017cb  __aeabi_dadd                   
00001977  __aeabi_idiv0                  
00001977  __aeabi_ldiv0                  
00001ab5  __aeabi_ddiv                   
00001d0d  fputs                          
00001e21  ldexp                          
00001e21  ldexpl                         
00001e21  scalbn                         
00001e21  scalbnl                        
00001f31  __aeabi_dmul                   
0000202d  setvbuf                        
00002109  free                           
00002293  __aeabi_memcpy                 
00002293  __aeabi_memcpy4                
00002293  __aeabi_memcpy8                
00002293  memcpy                         
0000232f  __aeabi_uldivmod               
000023c5  fputc                          
000023c5  putc                           
00002451  __aeabi_cdcmpeq                
00002451  __aeabi_cdcmple                
000024d7  __aeabi_cdrcmple               
0000255d  __aeabi_memclr                 
0000255d  __aeabi_memclr4                
0000255d  __aeabi_memclr8                
0000255f  __aeabi_memset                 
0000255f  __aeabi_memset4                
0000255f  __aeabi_memset8                
00002565  memset                         
000025d9  malloc                         
00002651  __TI_closefile                 
00002735  HOSTlseek                      
0000279d  HOSTrename                     
00002805  __TI_decompress_lzss           
0000286d  printf                         
000028d5  frexp                          
000028d5  frexpl                         
00002939  fseek                          
0000299d  __TI_wrt_ok                    
00002a01  HOSTopen                       
00002a61  close                          
00002abd  HOSTread                       
00002b15  HOSTwrite                      
00002bc3  ltoa                           
00002c69  __TI_doflush                   
00002cb5  atoi                           
00002d01  exit                           
00002d49  __aeabi_d2iz                   
00002d91  HOSTclose                      
00002dd5  HOSTunlink                     
00002e19  __TI_auto_init_nobinit_nopinit 
00002e5d  getdevice                      
00002ea1  sprintf                        
00002f5d  __TI_writemsg                  
00002f8b  C$$IO$$                        
00002f95  _c_int00_noargs                
00002fcd  minit                          
00003005  strncpy                        
0000303d  __TI_cleanup                   
00003071  __TI_readmsg                   
000030a5  finddevice                     
000030d5  __aeabi_i2d                    
00003105  remove                         
00003105  unlink                         
00003131  lseek                          
00003181  write                          
000031a9  memchr                         
000031c9  memccpy                        
000031fd  strcmp                         
00003215  strchr                         
0000322b  copysign                       
0000322b  copysignl                      
0000323f  strcpy                         
00003253  strlen                         
00003267  __TI_zero_init_nomemset        
00003279  wcslen                         
0000328b  __TI_decompress_none           
00003299  Reset_Handler                  
000032a5  ADC14_IRQHandler               
000032a5  AES256_IRQHandler              
000032a5  BusFault_Handler               
000032a5  COMP_E0_IRQHandler             
000032a5  COMP_E1_IRQHandler             
000032a5  CS_IRQHandler                  
000032a5  DMA_ERR_IRQHandler             
000032a5  DMA_INT0_IRQHandler            
000032a5  DMA_INT1_IRQHandler            
000032a5  DMA_INT2_IRQHandler            
000032a5  DMA_INT3_IRQHandler            
000032a5  DebugMon_Handler               
000032a5  Default_Handler                
000032a5  EUSCIA0_IRQHandler             
000032a5  EUSCIA1_IRQHandler             
000032a5  EUSCIA2_IRQHandler             
000032a5  EUSCIA3_IRQHandler             
000032a5  EUSCIB0_IRQHandler             
000032a5  EUSCIB1_IRQHandler             
000032a5  EUSCIB2_IRQHandler             
000032a5  EUSCIB3_IRQHandler             
000032a5  FLCTL_IRQHandler               
000032a5  FPU_IRQHandler                 
000032a5  HardFault_Handler              
000032a5  MemManage_Handler              
000032a5  NMI_Handler                    
000032a5  PCM_IRQHandler                 
000032a5  PORT1_IRQHandler               
000032a5  PORT2_IRQHandler               
000032a5  PORT3_IRQHandler               
000032a5  PORT4_IRQHandler               
000032a5  PORT5_IRQHandler               
000032a5  PORT6_IRQHandler               
000032a5  PSS_IRQHandler                 
000032a5  PendSV_Handler                 
000032a5  RTC_C_IRQHandler               
000032a5  SVC_Handler                    
000032a5  SysTick_Handler                
000032a5  T32_INT2_IRQHandler            
000032a5  T32_INTC_IRQHandler            
000032a5  TA0_0_IRQHandler               
000032a5  TA0_N_IRQHandler               
000032a5  TA1_0_IRQHandler               
000032a5  TA1_N_IRQHandler               
000032a5  TA2_0_IRQHandler               
000032a5  TA2_N_IRQHandler               
000032a5  TA3_0_IRQHandler               
000032a5  TA3_N_IRQHandler               
000032a5  UsageFault_Handler             
000032a5  WDT_A_IRQHandler               
000032b1  __aeabi_errno_addr             
000032c1  _system_pre_init               
000032c5  C$$EXIT                        
000032c5  abort                          
000032c8  _ctypes_                       
00003448  __TI_Handler_Table_Base        
00003454  __TI_Handler_Table_Limit       
00003460  __TI_CINIT_Base                
00003470  __TI_CINIT_Limit               
20000000  _sys_memory                    
20000400  _ftable                        
200004f0  _device                        
20000568  _stream                        
200005b8  __TI_ft_end                    
200005bc  __aeabi_stdin                  
200005c0  __aeabi_stdout                 
200005c4  __aeabi_stderr                 
200005c8  current_second                 
200005cc  current_minute                 
200005d0  current_hour                   
200005d4  current_day_status             
200005d8  __TI_cleanup_ptr               
200005dc  __TI_dtors_ptr                 
200005e0  __TI_enable_exit_profile_output
200005f0  _lock                          
200005f4  _unlock                        
200005f8  errno                          
200005fc  SystemCoreClock                
20000600  __CIOBUF_                      
20000720  __TI_tmpnams                   
200007c0  parmbuf                        
2000fe00  __stack                        
20010000  __STACK_END                    
4000480c  WDTCTL_SYM                     
ffffffff  __TI_pprof_out_hndl            
ffffffff  __TI_prof_data_size            
ffffffff  __TI_prof_data_start           
ffffffff  __binit__                      
ffffffff  __c_args__                     
ffffffff  binit                          
UNDEFED   __mpu_init                     
UNDEFED   _system_post_cinit             

[194 symbols]
